Archive member included to satisfy reference by file (symbol)

/usr/lib/gcc/arm-none-eabi/9.2.1/../../../arm-none-eabi/lib/thumb/v7-m/nofp/libc_nano.a(lib_a-atexit.o)
                              /usr/lib/gcc/arm-none-eabi/9.2.1/../../../arm-none-eabi/lib/thumb/v7-m/nofp/crt0.o (atexit)
/usr/lib/gcc/arm-none-eabi/9.2.1/../../../arm-none-eabi/lib/thumb/v7-m/nofp/libc_nano.a(lib_a-exit.o)
                              /usr/lib/gcc/arm-none-eabi/9.2.1/../../../arm-none-eabi/lib/thumb/v7-m/nofp/crt0.o (exit)
/usr/lib/gcc/arm-none-eabi/9.2.1/../../../arm-none-eabi/lib/thumb/v7-m/nofp/libc_nano.a(lib_a-fini.o)
                              /usr/lib/gcc/arm-none-eabi/9.2.1/../../../arm-none-eabi/lib/thumb/v7-m/nofp/crt0.o (__libc_fini_array)
/usr/lib/gcc/arm-none-eabi/9.2.1/../../../arm-none-eabi/lib/thumb/v7-m/nofp/libc_nano.a(lib_a-impure.o)
                              /usr/lib/gcc/arm-none-eabi/9.2.1/../../../arm-none-eabi/lib/thumb/v7-m/nofp/libc_nano.a(lib_a-exit.o) (_global_impure_ptr)
/usr/lib/gcc/arm-none-eabi/9.2.1/../../../arm-none-eabi/lib/thumb/v7-m/nofp/libc_nano.a(lib_a-init.o)
                              /usr/lib/gcc/arm-none-eabi/9.2.1/../../../arm-none-eabi/lib/thumb/v7-m/nofp/crt0.o (__libc_init_array)
/usr/lib/gcc/arm-none-eabi/9.2.1/../../../arm-none-eabi/lib/thumb/v7-m/nofp/libc_nano.a(lib_a-memset.o)
                              /usr/lib/gcc/arm-none-eabi/9.2.1/../../../arm-none-eabi/lib/thumb/v7-m/nofp/crt0.o (memset)
/usr/lib/gcc/arm-none-eabi/9.2.1/../../../arm-none-eabi/lib/thumb/v7-m/nofp/libc_nano.a(lib_a-vsnprintf.o)
                              build/logger.o (vsnprintf)
/usr/lib/gcc/arm-none-eabi/9.2.1/../../../arm-none-eabi/lib/thumb/v7-m/nofp/libc_nano.a(lib_a-__atexit.o)
                              /usr/lib/gcc/arm-none-eabi/9.2.1/../../../arm-none-eabi/lib/thumb/v7-m/nofp/libc_nano.a(lib_a-atexit.o) (__register_exitproc)
/usr/lib/gcc/arm-none-eabi/9.2.1/../../../arm-none-eabi/lib/thumb/v7-m/nofp/libc_nano.a(lib_a-__call_atexit.o)
                              /usr/lib/gcc/arm-none-eabi/9.2.1/../../../arm-none-eabi/lib/thumb/v7-m/nofp/libc_nano.a(lib_a-__atexit.o) (__call_exitprocs)
/usr/lib/gcc/arm-none-eabi/9.2.1/../../../arm-none-eabi/lib/thumb/v7-m/nofp/libc_nano.a(lib_a-nano-svfprintf.o)
                              /usr/lib/gcc/arm-none-eabi/9.2.1/../../../arm-none-eabi/lib/thumb/v7-m/nofp/libc_nano.a(lib_a-vsnprintf.o) (_svfprintf_r)
/usr/lib/gcc/arm-none-eabi/9.2.1/../../../arm-none-eabi/lib/thumb/v7-m/nofp/libc_nano.a(lib_a-nano-vfprintf_i.o)
                              /usr/lib/gcc/arm-none-eabi/9.2.1/../../../arm-none-eabi/lib/thumb/v7-m/nofp/libc_nano.a(lib_a-nano-svfprintf.o) (_printf_i)
/usr/lib/gcc/arm-none-eabi/9.2.1/../../../arm-none-eabi/lib/thumb/v7-m/nofp/libc_nano.a(lib_a-memchr-stub.o)
                              /usr/lib/gcc/arm-none-eabi/9.2.1/../../../arm-none-eabi/lib/thumb/v7-m/nofp/libc_nano.a(lib_a-nano-svfprintf.o) (memchr)
/usr/lib/gcc/arm-none-eabi/9.2.1/../../../arm-none-eabi/lib/thumb/v7-m/nofp/libc_nano.a(lib_a-memcpy.o)
                              /usr/lib/gcc/arm-none-eabi/9.2.1/../../../arm-none-eabi/lib/thumb/v7-m/nofp/libc_nano.a(lib_a-nano-svfprintf.o) (memcpy)
/usr/lib/gcc/arm-none-eabi/9.2.1/../../../arm-none-eabi/lib/thumb/v7-m/nofp/libc_nano.a(lib_a-memmove.o)
                              /usr/lib/gcc/arm-none-eabi/9.2.1/../../../arm-none-eabi/lib/thumb/v7-m/nofp/libc_nano.a(lib_a-nano-svfprintf.o) (memmove)
/usr/lib/gcc/arm-none-eabi/9.2.1/../../../arm-none-eabi/lib/thumb/v7-m/nofp/libc_nano.a(lib_a-nano-freer.o)
                              /usr/lib/gcc/arm-none-eabi/9.2.1/../../../arm-none-eabi/lib/thumb/v7-m/nofp/libc_nano.a(lib_a-nano-svfprintf.o) (_free_r)
/usr/lib/gcc/arm-none-eabi/9.2.1/../../../arm-none-eabi/lib/thumb/v7-m/nofp/libc_nano.a(lib_a-nano-mallocr.o)
                              /usr/lib/gcc/arm-none-eabi/9.2.1/../../../arm-none-eabi/lib/thumb/v7-m/nofp/libc_nano.a(lib_a-nano-svfprintf.o) (_malloc_r)
/usr/lib/gcc/arm-none-eabi/9.2.1/../../../arm-none-eabi/lib/thumb/v7-m/nofp/libc_nano.a(lib_a-nano-reallocr.o)
                              /usr/lib/gcc/arm-none-eabi/9.2.1/../../../arm-none-eabi/lib/thumb/v7-m/nofp/libc_nano.a(lib_a-nano-svfprintf.o) (_realloc_r)
/usr/lib/gcc/arm-none-eabi/9.2.1/../../../arm-none-eabi/lib/thumb/v7-m/nofp/libc_nano.a(lib_a-sbrkr.o)
                              /usr/lib/gcc/arm-none-eabi/9.2.1/../../../arm-none-eabi/lib/thumb/v7-m/nofp/libc_nano.a(lib_a-nano-mallocr.o) (_sbrk_r)
/usr/lib/gcc/arm-none-eabi/9.2.1/../../../arm-none-eabi/lib/thumb/v7-m/nofp/libc_nano.a(lib_a-mlock.o)
                              /usr/lib/gcc/arm-none-eabi/9.2.1/../../../arm-none-eabi/lib/thumb/v7-m/nofp/libc_nano.a(lib_a-nano-freer.o) (__malloc_lock)
/usr/lib/gcc/arm-none-eabi/9.2.1/../../../arm-none-eabi/lib/thumb/v7-m/nofp/libc_nano.a(lib_a-nano-msizer.o)
[...]
Memory Configuration

Name             Origin             Length             Attributes
RAM              0x0000000020000000 0x0000000000005000 xrw
FLASH            0x0000000008000000 0x0000000000020000 xr
*default*        0x0000000000000000 0xffffffffffffffff

Linker script and memory map

LOAD /usr/lib/gcc/arm-none-eabi/9.2.1/thumb/v7-m/nofp/crti.o
LOAD /usr/lib/gcc/arm-none-eabi/9.2.1/thumb/v7-m/nofp/crtbegin.o
LOAD /usr/lib/gcc/arm-none-eabi/9.2.1/../../../arm-none-eabi/lib/thumb/v7-m/nofp/crt0.o
LOAD build/main.o
LOAD build/stm32f1xx_it.o
LOAD build/stm32f1xx_hal_msp.o
LOAD build/stm32f1xx_hal_gpio_ex.o
LOAD build/stm32f1xx_hal_tim.o
LOAD build/stm32f1xx_hal_tim_ex.o
LOAD build/stm32f1xx_hal_uart.o
LOAD build/stm32f1xx_hal.o
LOAD build/stm32f1xx_hal_rcc.o
LOAD build/stm32f1xx_hal_rcc_ex.o
LOAD build/stm32f1xx_hal_gpio.o
LOAD build/stm32f1xx_hal_dma.o
LOAD build/stm32f1xx_hal_cortex.o
LOAD build/stm32f1xx_hal_pwr.o
LOAD build/stm32f1xx_hal_flash.o
LOAD build/stm32f1xx_hal_flash_ex.o
LOAD build/system_stm32f1xx.o
LOAD build/logger.o
LOAD build/ili9341.o
LOAD build/emulator.o
LOAD build/z80emu.o
LOAD build/mem.o
LOAD build/screen.o
LOAD build/input.o
LOAD build/snapshot.o
LOAD build/startup_stm32f103xb.o
LOAD /usr/lib/gcc/arm-none-eabi/9.2.1/../../../arm-none-eabi/lib/thumb/v7-m/nofp/libc_nano.a
LOAD /usr/lib/gcc/arm-none-eabi/9.2.1/../../../arm-none-eabi/lib/thumb/v7-m/nofp/libm.a
LOAD /usr/lib/gcc/arm-none-eabi/9.2.1/../../../arm-none-eabi/lib/thumb/v7-m/nofp/libnosys.a
START GROUP
LOAD /usr/lib/gcc/arm-none-eabi/9.2.1/thumb/v7-m/nofp/libgcc.a
LOAD /usr/lib/gcc/arm-none-eabi/9.2.1/../../../arm-none-eabi/lib/thumb/v7-m/nofp/libc_nano.a
END GROUP
START GROUP
LOAD /usr/lib/gcc/arm-none-eabi/9.2.1/thumb/v7-m/nofp/libgcc.a
LOAD /usr/lib/gcc/arm-none-eabi/9.2.1/../../../arm-none-eabi/lib/thumb/v7-m/nofp/libc_nano.a
END GROUP
LOAD /usr/lib/gcc/arm-none-eabi/9.2.1/thumb/v7-m/nofp/crtend.o
LOAD /usr/lib/gcc/arm-none-eabi/9.2.1/thumb/v7-m/nofp/crtn.o
                0x0000000020005000                _estack = 0x20005000
                0x0000000000000200                _Min_Heap_Size = 0x200
                0x0000000000000400                _Min_Stack_Size = 0x400

.isr_vector     0x0000000008000000      0x10c
                0x0000000008000000                . = ALIGN (0x4)
 *(.isr_vector)
 .isr_vector    0x0000000008000000      0x10c build/startup_stm32f103xb.o
                0x0000000008000000                g_pfnVectors
                0x000000000800010c                . = ALIGN (0x4)

.text           0x000000000800010c     0x7038
                0x000000000800010c                . = ALIGN (0x4)
 *(.text)
 .text          0x000000000800010c       0x88 /usr/lib/gcc/arm-none-eabi/9.2.1/thumb/v7-m/nofp/crtbegin.o
 .text          0x0000000008000194       0x48 /usr/lib/gcc/arm-none-eabi/9.2.1/../../../arm-none-eabi/lib/thumb/v7-m/nofp/libc_nano.a(lib_a-init.o)
                0x0000000008000194                __libc_init_array
 .text          0x00000000080001dc       0x84 /usr/lib/gcc/arm-none-eabi/9.2.1/../../../arm-none-eabi/lib/thumb/v7-m/nofp/libc_nano.a(lib_a-vsnprintf.o)
                0x00000000080001dc                _vsnprintf_r
                0x00000000080001dc                _vsniprintf_r
                0x0000000008000244                vsnprintf
                0x0000000008000244                vsniprintf
 .text          0x0000000008000260      0x434 /usr/lib/gcc/arm-none-eabi/9.2.1/../../../arm-none-eabi/lib/thumb/v7-m/nofp/libc_nano.a(lib_a-nano-svfprintf.o)
                0x0000000008000260                __ssputs_r
                0x0000000008000324                __ssprint_r
                0x000000000800041c                _svfprintf_r
                0x000000000800041c                _svfiprintf_r
 .text          0x0000000008000694      0x3bc /usr/lib/gcc/arm-none-eabi/9.2.1/../../../arm-none-eabi/lib/thumb/v7-m/nofp/libc_nano.a(lib_a-nano-vfprintf_i.o)
                0x0000000008000694                _printf_common
                0x00000000080007bc                _printf_i
 .text          0x0000000008000a50       0x8c /usr/lib/gcc/arm-none-eabi/9.2.1/../../../arm-none-eabi/lib/thumb/v7-m/nofp/libc_nano.a(lib_a-memchr-stub.o)
                0x0000000008000a50                memchr
 .text          0x0000000008000adc       0xec /usr/lib/gcc/arm-none-eabi/9.2.1/../../../arm-none-eabi/lib/thumb/v7-m/nofp/libc_nano.a(lib_a-memcpy.o)
                0x0000000008000adc                memcpy
 .text          0x0000000008000bc8       0xcc /usr/lib/gcc/arm-none-eabi/9.2.1/../../../arm-none-eabi/lib/thumb/v7-m/nofp/libc_nano.a(lib_a-memmove.o)
                0x0000000008000bc8                memmove
 .text          0x0000000008000c94       0xa8 /usr/lib/gcc/arm-none-eabi/9.2.1/../../../arm-none-eabi/lib/thumb/v7-m/nofp/libc_nano.a(lib_a-nano-freer.o)
                0x0000000008000c94                _free_r
 .text          0x0000000008000d3c       0xc8 /usr/lib/gcc/arm-none-eabi/9.2.1/../../../arm-none-eabi/lib/thumb/v7-m/nofp/libc_nano.a(lib_a-nano-mallocr.o)
                0x0000000008000d3c                _malloc_r
 .text          0x0000000008000e04       0x4c /usr/lib/gcc/arm-none-eabi/9.2.1/../../../arm-none-eabi/lib/thumb/v7-m/nofp/libc_nano.a(lib_a-nano-reallocr.o)
                0x0000000008000e04                _realloc_r
 .text          0x0000000008000e50       0x24 /usr/lib/gcc/arm-none-eabi/9.2.1/../../../arm-none-eabi/lib/thumb/v7-m/nofp/libc_nano.a(lib_a-sbrkr.o)
                0x0000000008000e50                _sbrk_r
 .text          0x0000000008000e74        0x8 /usr/lib/gcc/arm-none-eabi/9.2.1/../../../arm-none-eabi/lib/thumb/v7-m/nofp/libc_nano.a(lib_a-mlock.o)
                0x0000000008000e74                __malloc_lock
                0x0000000008000e78                __malloc_unlock
 .text          0x0000000008000e7c       0x10 /usr/lib/gcc/arm-none-eabi/9.2.1/../../../arm-none-eabi/lib/thumb/v7-m/nofp/libc_nano.a(lib_a-nano-msizer.o)
                0x0000000008000e7c                _malloc_usable_size_r
 .text          0x0000000008000e8c       0x1c /usr/lib/gcc/arm-none-eabi/9.2.1/../../../arm-none-eabi/lib/thumb/v7-m/nofp/libnosys.a(sbrk.o)
                0x0000000008000e8c                _sbrk
 *(.text*)
 .text.MX_GPIO_Init
                0x0000000008000ea8       0xd4 build/main.o
 .text.MX_DMA_Init
                0x0000000008000f7c       0x34 build/main.o
 .text.MX_NVIC_Init
                0x0000000008000fb0       0x14 build/main.o
 .text._Error_Handler
                0x0000000008000fc4        0x2 build/main.o
                0x0000000008000fc4                _Error_Handler
 *fill*         0x0000000008000fc6        0x2 
 .text.MX_USART1_UART_Init
                0x0000000008000fc8       0x3c build/main.o
 .text.SystemClock_Config
                0x0000000008001004       0x84 build/main.o
                0x0000000008001004                SystemClock_Config
 .text.main     0x0000000008001088       0x50 build/main.o
                0x0000000008001088                main
 .text.assert_failed
                0x00000000080010d8        0x2 build/main.o
                0x00000000080010d8                assert_failed
 .text.NMI_Handler
                0x00000000080010da        0x2 build/stm32f1xx_it.o
                0x00000000080010da                NMI_Handler
 .text.HardFault_Handler
                0x00000000080010dc        0x2 build/stm32f1xx_it.o
                0x00000000080010dc                HardFault_Handler
 .text.MemManage_Handler
                0x00000000080010de        0x2 build/stm32f1xx_it.o
                0x00000000080010de                MemManage_Handler
 .text.BusFault_Handler
                0x00000000080010e0        0x2 build/stm32f1xx_it.o
                0x00000000080010e0                BusFault_Handler
 .text.UsageFault_Handler
                0x00000000080010e2        0x2 build/stm32f1xx_it.o
                0x00000000080010e2                UsageFault_Handler
 .text.SVC_Handler
                0x00000000080010e4        0x2 build/stm32f1xx_it.o
                0x00000000080010e4                SVC_Handler
 .text.DebugMon_Handler
                0x00000000080010e6        0x2 build/stm32f1xx_it.o
                0x00000000080010e6                DebugMon_Handler
 .text.PendSV_Handler
                0x00000000080010e8        0x2 build/stm32f1xx_it.o
                0x00000000080010e8                PendSV_Handler
 .text.SysTick_Handler
                0x00000000080010ea        0xc build/stm32f1xx_it.o
                0x00000000080010ea                SysTick_Handler
 *fill*         0x00000000080010f6        0x2 
 .text.DMA1_Channel5_IRQHandler
                0x00000000080010f8       0x10 build/stm32f1xx_it.o
                0x00000000080010f8                DMA1_Channel5_IRQHandler
 .text.USART1_IRQHandler
                0x0000000008001108       0x10 build/stm32f1xx_it.o
                0x0000000008001108                USART1_IRQHandler
 .text.HAL_MspInit
                0x0000000008001118       0xa0 build/stm32f1xx_hal_msp.o
                0x0000000008001118                HAL_MspInit
 .text.HAL_UART_MspInit
                0x00000000080011b8       0x9c build/stm32f1xx_hal_msp.o
                0x00000000080011b8                HAL_UART_MspInit
 .text.UART_EndTxTransfer
                0x0000000008001254       0x12 build/stm32f1xx_hal_uart.o
 .text.UART_EndRxTransfer
                0x0000000008001266       0x1c build/stm32f1xx_hal_uart.o
 .text.UART_Transmit_IT
                0x0000000008001282       0x66 build/stm32f1xx_hal_uart.o
 .text.UART_SetConfig
                0x00000000080012e8      0x214 build/stm32f1xx_hal_uart.o
 .text.UART_WaitOnFlagUntilTimeout
                0x00000000080014fc       0x68 build/stm32f1xx_hal_uart.o
 .text.HAL_UART_Init
                0x0000000008001564       0xec build/stm32f1xx_hal_uart.o
                0x0000000008001564                HAL_UART_Init
 .text.HAL_UART_Transmit
                0x0000000008001650       0xe0 build/stm32f1xx_hal_uart.o
                0x0000000008001650                HAL_UART_Transmit
 .text.HAL_UART_Receive_DMA
                0x0000000008001730       0xa8 build/stm32f1xx_hal_uart.o
                0x0000000008001730                HAL_UART_Receive_DMA
 .text.HAL_UART_TxCpltCallback
                0x00000000080017d8        0x2 build/stm32f1xx_hal_uart.o
                0x00000000080017d8                HAL_UART_TxCpltCallback
 .text.UART_EndTransmit_IT
                0x00000000080017da       0x1a build/stm32f1xx_hal_uart.o
 .text.HAL_UART_RxCpltCallback
                0x00000000080017f4        0x2 build/stm32f1xx_hal_uart.o
                0x00000000080017f4                HAL_UART_RxCpltCallback
 .text.UART_DMAReceiveCplt
                0x00000000080017f6       0x3e build/stm32f1xx_hal_uart.o
 .text.UART_Receive_IT
                0x0000000008001834       0x9e build/stm32f1xx_hal_uart.o
 .text.HAL_UART_RxHalfCpltCallback
                0x00000000080018d2        0x2 build/stm32f1xx_hal_uart.o
                0x00000000080018d2                HAL_UART_RxHalfCpltCallback
 .text.UART_DMARxHalfCplt
                0x00000000080018d4        0xa build/stm32f1xx_hal_uart.o
 .text.HAL_UART_ErrorCallback
                0x00000000080018de        0x2 build/stm32f1xx_hal_uart.o
                0x00000000080018de                HAL_UART_ErrorCallback
 .text.UART_DMAError
                0x00000000080018e0       0x58 build/stm32f1xx_hal_uart.o
 .text.HAL_UART_IRQHandler
                0x0000000008001938      0x120 build/stm32f1xx_hal_uart.o
                0x0000000008001938                HAL_UART_IRQHandler
 .text.UART_DMAAbortOnError
                0x0000000008001a58       0x10 build/stm32f1xx_hal_uart.o
 .text.HAL_InitTick
                0x0000000008001a68       0x4c build/stm32f1xx_hal.o
                0x0000000008001a68                HAL_InitTick
 .text.HAL_Init
                0x0000000008001ab4       0x24 build/stm32f1xx_hal.o
                0x0000000008001ab4                HAL_Init
 .text.HAL_IncTick
                0x0000000008001ad8       0x18 build/stm32f1xx_hal.o
                0x0000000008001ad8                HAL_IncTick
 .text.HAL_GetTick
                0x0000000008001af0        0xc build/stm32f1xx_hal.o
                0x0000000008001af0                HAL_GetTick
 .text.HAL_Delay
                0x0000000008001afc       0x28 build/stm32f1xx_hal.o
                0x0000000008001afc                HAL_Delay
 .text.RCC_Delay
                0x0000000008001b24       0x2c build/stm32f1xx_hal_rcc.o
 .text.HAL_RCC_OscConfig
                0x0000000008001b50      0x524 build/stm32f1xx_hal_rcc.o
                0x0000000008001b50                HAL_RCC_OscConfig
 .text.HAL_RCC_GetSysClockFreq
                0x0000000008002074       0x6c build/stm32f1xx_hal_rcc.o
                0x0000000008002074                HAL_RCC_GetSysClockFreq
 .text.HAL_RCC_ClockConfig
                0x00000000080020e0      0x244 build/stm32f1xx_hal_rcc.o
                0x00000000080020e0                HAL_RCC_ClockConfig
 .text.HAL_RCC_GetHCLKFreq
                0x0000000008002324        0xc build/stm32f1xx_hal_rcc.o
                0x0000000008002324                HAL_RCC_GetHCLKFreq
 .text.HAL_RCC_GetPCLK1Freq
                0x0000000008002330       0x20 build/stm32f1xx_hal_rcc.o
                0x0000000008002330                HAL_RCC_GetPCLK1Freq
 .text.HAL_RCC_GetPCLK2Freq
                0x0000000008002350       0x20 build/stm32f1xx_hal_rcc.o
                0x0000000008002350                HAL_RCC_GetPCLK2Freq
 .text.HAL_GPIO_Init
                0x0000000008002370      0x35c build/stm32f1xx_hal_gpio.o
                0x0000000008002370                HAL_GPIO_Init
 .text.HAL_GPIO_WritePin
                0x00000000080026cc       0x38 build/stm32f1xx_hal_gpio.o
                0x00000000080026cc                HAL_GPIO_WritePin
 .text.HAL_GPIO_TogglePin
                0x0000000008002704       0x20 build/stm32f1xx_hal_gpio.o
                0x0000000008002704                HAL_GPIO_TogglePin
 .text.DMA_SetConfig
                0x0000000008002724       0x2c build/stm32f1xx_hal_dma.o
 .text.HAL_DMA_Init
                0x0000000008002750      0x158 build/stm32f1xx_hal_dma.o
                0x0000000008002750                HAL_DMA_Init
 .text.HAL_DMA_Start_IT
                0x00000000080028a8       0x9c build/stm32f1xx_hal_dma.o
                0x00000000080028a8                HAL_DMA_Start_IT
 .text.HAL_DMA_Abort_IT
                0x0000000008002944       0x98 build/stm32f1xx_hal_dma.o
                0x0000000008002944                HAL_DMA_Abort_IT
 .text.HAL_DMA_IRQHandler
                0x00000000080029dc      0x144 build/stm32f1xx_hal_dma.o
                0x00000000080029dc                HAL_DMA_IRQHandler
 .text.HAL_NVIC_SetPriorityGrouping
                0x0000000008002b20       0x3c build/stm32f1xx_hal_cortex.o
                0x0000000008002b20                HAL_NVIC_SetPriorityGrouping
 .text.HAL_NVIC_SetPriority
                0x0000000008002b5c       0x8c build/stm32f1xx_hal_cortex.o
                0x0000000008002b5c                HAL_NVIC_SetPriority
 .text.HAL_NVIC_EnableIRQ
                0x0000000008002be8       0x2c build/stm32f1xx_hal_cortex.o
                0x0000000008002be8                HAL_NVIC_EnableIRQ
 .text.HAL_SYSTICK_Config
                0x0000000008002c14       0x2c build/stm32f1xx_hal_cortex.o
                0x0000000008002c14                HAL_SYSTICK_Config
 .text.HAL_SYSTICK_CLKSourceConfig
                0x0000000008002c40       0x3c build/stm32f1xx_hal_cortex.o
                0x0000000008002c40                HAL_SYSTICK_CLKSourceConfig
 .text.HAL_SYSTICK_Callback
                0x0000000008002c7c        0x2 build/stm32f1xx_hal_cortex.o
                0x0000000008002c7c                HAL_SYSTICK_Callback
 .text.HAL_SYSTICK_IRQHandler
                0x0000000008002c7e        0x8 build/stm32f1xx_hal_cortex.o
                0x0000000008002c7e                HAL_SYSTICK_IRQHandler
 *fill*         0x0000000008002c86        0x2 
 .text.SystemInit
                0x0000000008002c88       0x4c build/system_stm32f1xx.o
                0x0000000008002c88                SystemInit
 .text.logger   0x0000000008002cd4       0x3c build/logger.o
                0x0000000008002cd4                logger
 .text.ili9341_fill_area
                0x0000000008002d10      0x2c4 build/ili9341.o
 .text.ili9341_gpio_init
                0x0000000008002fd4       0x5c build/ili9341.o
                0x0000000008002fd4                ili9341_gpio_init
 .text.ili9341_set_orientation
                0x0000000008003030      0x140 build/ili9341.o
                0x0000000008003030                ili9341_set_orientation
 .text.ili9341_init
                0x0000000008003170      0x4c4 build/ili9341.o
                0x0000000008003170                ili9341_init
 .text.ili9341_8x8block_draw
                0x0000000008003634      0x274 build/ili9341.o
                0x0000000008003634                ili9341_8x8block_draw
 .text.ili9341_mem_read_rect
                0x00000000080038a8      0x2cc build/ili9341.o
                0x00000000080038a8                ili9341_mem_read_rect
 .text.ili9341_mem_write_rect
                0x0000000008003b74      0x28c build/ili9341.o
                0x0000000008003b74                ili9341_mem_write_rect
 .text.ili9341_fill_rect
                0x0000000008003e00      0x284 build/ili9341.o
                0x0000000008003e00                ili9341_fill_rect
 .text.emulator_init
                0x0000000008004084       0x50 build/emulator.o
                0x0000000008004084                emulator_init
 .text.emulator_loop
                0x00000000080040d4       0x68 build/emulator.o
                0x00000000080040d4                emulator_loop
 .text.emulator_cpu_state_get
                0x000000000800413c        0x8 build/emulator.o
                0x000000000800413c                emulator_cpu_state_get
 .text.emulate  0x0000000008004144     0x20ac build/z80emu.o
 .text.Z80Reset
                0x00000000080061f0       0xb6 build/z80emu.o
                0x00000000080061f0                Z80Reset
 .text.Z80Interrupt
                0x00000000080062a6       0x74 build/z80emu.o
                0x00000000080062a6                Z80Interrupt
 .text.Z80Emulate
                0x000000000800631a       0x34 build/z80emu.o
                0x000000000800631a                Z80Emulate
 .text.mem_init
                0x000000000800634e        0x2 build/mem.o
                0x000000000800634e                mem_init
 .text.mem_readbyte
                0x0000000008006350       0xdc build/mem.o
                0x0000000008006350                mem_readbyte
 .text.mem_writebyte
                0x000000000800642c       0xe4 build/mem.o
                0x000000000800642c                mem_writebyte
 .text.mem_readword
                0x0000000008006510      0x1bc build/mem.o
                0x0000000008006510                mem_readword
 .text.mem_writeword
                0x00000000080066cc       0x18 build/mem.o
                0x00000000080066cc                mem_writeword
 .text.mem_input
                0x00000000080066e4       0x54 build/mem.o
                0x00000000080066e4                mem_input
 .text.mem_output
                0x0000000008006738       0x28 build/mem.o
                0x0000000008006738                mem_output
 .text.screen_mem_write
                0x0000000008006760       0x64 build/screen.o
                0x0000000008006760                screen_mem_write
 .text.screen_mem_read
                0x00000000080067c4       0x64 build/screen.o
                0x00000000080067c4                screen_mem_read
 .text.screen_char_get
                0x0000000008006828       0x58 build/screen.o
                0x0000000008006828                screen_char_get
 .text.screen_draw
                0x0000000008006880       0x88 build/screen.o
                0x0000000008006880                screen_draw
 .text.screen_draw_border
                0x0000000008006908       0x9c build/screen.o
                0x0000000008006908                screen_draw_border
 .text.input_key_init
                0x00000000080069a4       0x24 build/input.o
                0x00000000080069a4                input_key_init
 .text.input_key_set
                0x00000000080069c8       0x38 build/input.o
                0x00000000080069c8                input_key_set
 .text.parse    0x0000000008006a00      0x3a8 build/input.o
                0x0000000008006a00                parse
 .text.input_key_get
                0x0000000008006da8       0xd0 build/input.o
                0x0000000008006da8                input_key_get
 .text.snapshot_decompression1
                0x0000000008006e78       0x64 build/snapshot.o
 .text.snapshot_decompression
                0x0000000008006edc       0xa6 build/snapshot.o
 .text.snapshot_set_state
                0x0000000008006f82       0x90 build/snapshot.o
 *fill*         0x0000000008007012        0x2 
 .text.snapshot_load
                0x0000000008007014       0xcc build/snapshot.o
                0x0000000008007014                snapshot_load
 .text.Reset_Handler
                0x00000000080070e0       0x48 build/startup_stm32f103xb.o
                0x00000000080070e0                Reset_Handler
 .text.Default_Handler
                0x0000000008007128        0x2 build/startup_stm32f103xb.o
                0x0000000008007128                RTC_Alarm_IRQHandler
                0x0000000008007128                EXTI2_IRQHandler
                0x0000000008007128                TIM1_CC_IRQHandler
                0x0000000008007128                PVD_IRQHandler
                0x0000000008007128                EXTI3_IRQHandler
                0x0000000008007128                EXTI0_IRQHandler
                0x0000000008007128                I2C2_EV_IRQHandler
                0x0000000008007128                ADC1_2_IRQHandler
                0x0000000008007128                SPI1_IRQHandler
                0x0000000008007128                TAMPER_IRQHandler
                0x0000000008007128                DMA1_Channel4_IRQHandler
                0x0000000008007128                USART3_IRQHandler
                0x0000000008007128                RTC_IRQHandler
                0x0000000008007128                DMA1_Channel7_IRQHandler
                0x0000000008007128                CAN1_RX1_IRQHandler
                0x0000000008007128                TIM4_IRQHandler
                0x0000000008007128                I2C1_EV_IRQHandler
                0x0000000008007128                DMA1_Channel6_IRQHandler
                0x0000000008007128                TIM3_IRQHandler
                0x0000000008007128                RCC_IRQHandler
                0x0000000008007128                TIM1_TRG_COM_IRQHandler
                0x0000000008007128                DMA1_Channel1_IRQHandler
                0x0000000008007128                Default_Handler
                0x0000000008007128                EXTI15_10_IRQHandler
                0x0000000008007128                EXTI9_5_IRQHandler
                0x0000000008007128                SPI2_IRQHandler
                0x0000000008007128                EXTI4_IRQHandler
                0x0000000008007128                USB_LP_CAN1_RX0_IRQHandler
                0x0000000008007128                USB_HP_CAN1_TX_IRQHandler
                0x0000000008007128                DMA1_Channel3_IRQHandler
                0x0000000008007128                TIM1_UP_IRQHandler
                0x0000000008007128                WWDG_IRQHandler
                0x0000000008007128                TIM2_IRQHandler
                0x0000000008007128                TIM1_BRK_IRQHandler
                0x0000000008007128                EXTI1_IRQHandler
                0x0000000008007128                USART2_IRQHandler
                0x0000000008007128                I2C2_ER_IRQHandler
                0x0000000008007128                DMA1_Channel2_IRQHandler
                0x0000000008007128                CAN1_SCE_IRQHandler
                0x0000000008007128                FLASH_IRQHandler
                0x0000000008007128                I2C1_ER_IRQHandler
                0x0000000008007128                USBWakeUp_IRQHandler
 *(.glue_7)
 .glue_7        0x000000000800712a        0x0 linker stubs
 *(.glue_7t)
 .glue_7t       0x000000000800712a        0x0 linker stubs
 *(.eh_frame)
 *fill*         0x000000000800712a        0x2 
 .eh_frame      0x000000000800712c        0x0 /usr/lib/gcc/arm-none-eabi/9.2.1/thumb/v7-m/nofp/crtbegin.o
 *(.init)
 .init          0x000000000800712c        0x4 /usr/lib/gcc/arm-none-eabi/9.2.1/thumb/v7-m/nofp/crti.o
                0x000000000800712c                _init
 .init          0x0000000008007130        0x8 /usr/lib/gcc/arm-none-eabi/9.2.1/thumb/v7-m/nofp/crtn.o
 *(.fini)
 .fini          0x0000000008007138        0x4 /usr/lib/gcc/arm-none-eabi/9.2.1/thumb/v7-m/nofp/crti.o
                0x0000000008007138                _fini
 .fini          0x000000000800713c        0x8 /usr/lib/gcc/arm-none-eabi/9.2.1/thumb/v7-m/nofp/crtn.o
                0x0000000008007144                . = ALIGN (0x4)
                0x0000000008007144                _etext = .

.vfp11_veneer   0x0000000008007144        0x0
 .vfp11_veneer  0x0000000008007144        0x0 linker stubs

.v4_bx          0x0000000008007144        0x0
 .v4_bx         0x0000000008007144        0x0 linker stubs

.iplt           0x0000000008007144        0x0
 .iplt          0x0000000008007144        0x0 /usr/lib/gcc/arm-none-eabi/9.2.1/thumb/v7-m/nofp/crtbegin.o

.rodata         0x0000000008007144    0x1096c
                0x0000000008007144                . = ALIGN (0x4)
 *(.rodata)
 *(.rodata*)
 .rodata.MX_USART1_UART_Init.str1.4
                0x0000000008007144        0xb build/main.o
 *fill*         0x000000000800714f        0x1 
 .rodata.Arkanoid__1987__Imagine_Software__z80
                0x0000000008007150     0xc01e build/main.o
                0x0000000008007150                Arkanoid__1987__Imagine_Software__z80
 *fill*         0x000000000801316e        0x2 
 .rodata.HAL_UART_MspInit.str1.4
                0x0000000008013170       0x18 build/stm32f1xx_hal_msp.o
 .rodata.UART_SetConfig.str1.4
                0x0000000008013188       0x36 build/stm32f1xx_hal_uart.o
 *fill*         0x00000000080131be        0x2 
 .rodata.HAL_RCC_OscConfig.str1.4
                0x00000000080131c0       0x35 build/stm32f1xx_hal_rcc.o
 *fill*         0x00000000080131f5        0x3 
 .rodata.HAL_RCC_GetSysClockFreq.str1.4
                0x00000000080131f8       0x11 build/stm32f1xx_hal_rcc.o
 *fill*         0x0000000008013209        0x3 
 .rodata.HAL_GPIO_Init.str1.4
                0x000000000801320c       0x36 build/stm32f1xx_hal_gpio.o
 *fill*         0x0000000008013242        0x2 
 .rodata.HAL_DMA_Init.str1.4
                0x0000000008013244       0x35 build/stm32f1xx_hal_dma.o
 *fill*         0x0000000008013279        0x3 
 .rodata.HAL_NVIC_SetPriorityGrouping.str1.4
                0x000000000801327c       0x38 build/stm32f1xx_hal_cortex.o
 .rodata.AHBPrescTable
                0x00000000080132b4       0x10 build/system_stm32f1xx.o
                0x00000000080132b4                AHBPrescTable
 .rodata.APBPrescTable
                0x00000000080132c4        0x8 build/system_stm32f1xx.o
                0x00000000080132c4                APBPrescTable
 .rodata.AND_CONDITION_TABLE
                0x00000000080132cc       0x20 build/z80emu.o
 .rodata.CB_INSTRUCTION_TABLE
                0x00000000080132ec      0x100 build/z80emu.o
 .rodata.ED_INSTRUCTION_TABLE
                0x00000000080133ec      0x100 build/z80emu.o
 .rodata.INSTRUCTION_TABLE
                0x00000000080134ec      0x100 build/z80emu.o
 .rodata.OVERFLOW_TABLE
                0x00000000080135ec       0x10 build/z80emu.o
 .rodata.RST_TABLE
                0x00000000080135fc       0x20 build/z80emu.o
 .rodata.SZYXP_FLAGS_TABLE
                0x000000000801361c      0x100 build/z80emu.o
 .rodata.SZYX_FLAGS_TABLE
                0x000000000801371c      0x100 build/z80emu.o
 .rodata.XOR_CONDITION_TABLE
                0x000000000801381c       0x20 build/z80emu.o
 .rodata.mem_writebyte.str1.4
                0x000000000801383c       0x1e build/mem.o
 *fill*         0x000000000801385a        0x2 
 .rodata.mem_input.str1.4
                0x000000000801385c       0x47 build/mem.o
 *fill*         0x00000000080138a3        0x1 
 .rodata.mem_output.str1.4
                0x00000000080138a4       0x1a build/mem.o
 *fill*         0x00000000080138be        0x2 
 .rodata.__48_rom
                0x00000000080138c0     0x4000 build/mem.o
                0x00000000080138c0                __48_rom
 .rodata.__func__.4816
                0x00000000080178c0        0xa build/mem.o
 *fill*         0x00000000080178ca        0x2 
 .rodata.__func__.4827
                0x00000000080178cc        0xb build/mem.o
 *fill*         0x00000000080178d7        0x1 
 .rodata.pages  0x00000000080178d8       0x32 build/mem.o
 *fill*         0x000000000801790a        0x2 
 .rodata.screen_mem_write.str1.4
                0x000000000801790c       0x21 build/screen.o
 *fill*         0x000000000801792d        0x3 
 .rodata.screen_mem_read.str1.4
                0x0000000008017930       0x17 build/screen.o
 *fill*         0x0000000008017947        0x1 
 .rodata.screen_draw_border.str1.4
                0x0000000008017948        0xe build/screen.o
 *fill*         0x0000000008017956        0x2 
 .rodata.__func__.4271
                0x0000000008017958       0x11 build/screen.o
 *fill*         0x0000000008017969        0x3 
 .rodata.__func__.4275
                0x000000000801796c       0x10 build/screen.o
 .rodata.colors_565
                0x000000000801797c       0x20 build/screen.o
 .rodata.input_key_get.str1.4
                0x000000000801799c        0xa build/input.o
 *fill*         0x00000000080179a6        0x2 
 .rodata.__func__.6796
                0x00000000080179a8        0xe build/input.o
 *fill*         0x00000000080179b6        0x2 
 .rodata.snapshot_load.str1.4
                0x00000000080179b8       0xbb build/snapshot.o
 *fill*         0x0000000008017a73        0x1 
 .rodata.str1.4
                0x0000000008017a74       0x13 /usr/lib/gcc/arm-none-eabi/9.2.1/../../../arm-none-eabi/lib/thumb/v7-m/nofp/libc_nano.a(lib_a-nano-svfprintf.o)
 *fill*         0x0000000008017a87        0x1 
 .rodata.str1.4
                0x0000000008017a88       0x25 /usr/lib/gcc/arm-none-eabi/9.2.1/../../../arm-none-eabi/lib/thumb/v7-m/nofp/libc_nano.a(lib_a-nano-vfprintf_i.o)
                0x0000000008017ab0                . = ALIGN (0x4)
 *fill*         0x0000000008017aad        0x3 

.rel.dyn        0x0000000008017ab0        0x0
 .rel.iplt      0x0000000008017ab0        0x0 /usr/lib/gcc/arm-none-eabi/9.2.1/thumb/v7-m/nofp/crtbegin.o

.ARM.extab
 *(.ARM.extab* .gnu.linkonce.armextab.*)

.ARM            0x0000000008017ab0        0x0
                0x0000000008017ab0                __exidx_start = .
 *(.ARM.exidx*)
                0x0000000008017ab0                __exidx_end = .

.preinit_array  0x0000000008017ab0        0x0
                0x0000000008017ab0                PROVIDE (__preinit_array_start = .)
 *(.preinit_array*)
                0x0000000008017ab0                PROVIDE (__preinit_array_end = .)

.init_array     0x0000000008017ab0        0x4
                0x0000000008017ab0                PROVIDE (__init_array_start = .)
 *(SORT_BY_NAME(.init_array.*))
 *(.init_array*)
 .init_array    0x0000000008017ab0        0x4 /usr/lib/gcc/arm-none-eabi/9.2.1/thumb/v7-m/nofp/crtbegin.o
                0x0000000008017ab4                PROVIDE (__init_array_end = .)

.fini_array     0x0000000008017ab4        0x4
                0x0000000008017ab4                PROVIDE (__fini_array_start = .)
 *(SORT_BY_NAME(.fini_array.*))
 *(.fini_array*)
 .fini_array    0x0000000008017ab4        0x4 /usr/lib/gcc/arm-none-eabi/9.2.1/thumb/v7-m/nofp/crtbegin.o
                0x0000000008017ab8                PROVIDE (__fini_array_end = .)
                0x0000000008017ab8                _sidata = LOADADDR (.data)

.data           0x0000000020000000     0x2074 load address 0x0000000008017ab8
                0x0000000020000000                . = ALIGN (0x4)
                0x0000000020000000                _sdata = .
 *(.data)
 .data          0x0000000020000000       0x64 /usr/lib/gcc/arm-none-eabi/9.2.1/../../../arm-none-eabi/lib/thumb/v7-m/nofp/libc_nano.a(lib_a-impure.o)
                0x0000000020000000                _impure_ptr
 *(.data*)
 .data.uwTickFreq
                0x0000000020000064        0x1 build/stm32f1xx_hal.o
                0x0000000020000064                uwTickFreq
 *fill*         0x0000000020000065        0x3 
 .data.uwTickPrio
                0x0000000020000068        0x4 build/stm32f1xx_hal.o
                0x0000000020000068                uwTickPrio
 .data.SystemCoreClock
                0x000000002000006c        0x4 build/system_stm32f1xx.o
                0x000000002000006c                SystemCoreClock
 .data.memory   0x0000000020000070     0x2002 build/mem.o
                0x0000000020002074                . = ALIGN (0x4)
 *fill*         0x0000000020002072        0x2 
                0x0000000020002074                _edata = .

.tm_clone_table
                0x0000000020002074        0x0 load address 0x0000000008019b2c
 .tm_clone_table
                0x0000000020002074        0x0 /usr/lib/gcc/arm-none-eabi/9.2.1/thumb/v7-m/nofp/crtbegin.o
 .tm_clone_table
                0x0000000020002074        0x0 /usr/lib/gcc/arm-none-eabi/9.2.1/thumb/v7-m/nofp/crtend.o

.igot.plt       0x0000000020002074        0x0 load address 0x0000000008019b2c
 .igot.plt      0x0000000020002074        0x0 /usr/lib/gcc/arm-none-eabi/9.2.1/thumb/v7-m/nofp/crtbegin.o
                0x0000000020002074                . = ALIGN (0x4)

.bss            0x0000000020002074     0x22b4 load address 0x0000000008019b2c
                0x0000000020002074                _sbss = .
                0x0000000020002074                __bss_start__ = _sbss
 *(.bss)
 .bss           0x0000000020002074       0x1c /usr/lib/gcc/arm-none-eabi/9.2.1/thumb/v7-m/nofp/crtbegin.o
 .bss           0x0000000020002090        0x8 /usr/lib/gcc/arm-none-eabi/9.2.1/../../../arm-none-eabi/lib/thumb/v7-m/nofp/libc_nano.a(lib_a-nano-mallocr.o)
                0x0000000020002090                __malloc_free_list
                0x0000000020002094                __malloc_sbrk_start
 .bss           0x0000000020002098        0x4 /usr/lib/gcc/arm-none-eabi/9.2.1/../../../arm-none-eabi/lib/thumb/v7-m/nofp/libnosys.a(sbrk.o)
 *(.bss*)
 .bss.buffer    0x000000002000209c       0xc9 build/logger.o
 *fill*         0x0000000020002165        0x3 
 .bss.next_total
                0x0000000020002168        0x4 build/emulator.o
 .bss.ticks     0x000000002000216c        0x4 build/emulator.o
 .bss.total     0x0000000020002170        0x4 build/emulator.o
 .bss.zx_context
                0x0000000020002174       0x18 build/emulator.o
 .bss.zx_cpu    0x000000002000218c       0xf4 build/emulator.o
 .bss.ram       0x0000000020002280      0x500 build/mem.o
 .bss.border    0x0000000020002780        0x1 build/screen.o
 *fill*         0x0000000020002781        0x3 
 .bss.char_attribute
                0x0000000020002784      0x300 build/screen.o
 .bss.screen_area
                0x0000000020002a84     0x1800 build/screen.o
 .bss.keys      0x0000000020004284        0x8 build/input.o
 .bss.uart_rx_buff
                0x000000002000428c        0xa build/input.o
 *(COMMON)
 *fill*         0x0000000020004296        0x2 
 COMMON         0x0000000020004298       0x85 build/main.o
                0x0000000020004298                hdma_usart1_rx
                0x00000000200042dc                huart1
                0x000000002000431c                load
 *fill*         0x000000002000431d        0x3 
 COMMON         0x0000000020004320        0x4 build/stm32f1xx_hal.o
                0x0000000020004320                uwTick
 COMMON         0x0000000020004324        0x4 /usr/lib/gcc/arm-none-eabi/9.2.1/../../../arm-none-eabi/lib/thumb/v7-m/nofp/libc_nano.a(lib_a-reent.o)
                0x0000000020004324                errno
                0x0000000020004328                . = ALIGN (0x4)
                0x0000000020004328                _ebss = .
                0x0000000020004328                __bss_end__ = _ebss

._user_heap_stack
                0x0000000020004328      0x600 load address 0x0000000008019b2c
                0x0000000020004328                . = ALIGN (0x8)
                0x0000000020004328                PROVIDE (end = .)
                [!provide]                        PROVIDE (_end = .)
                0x0000000020004528                . = (. + _Min_Heap_Size)
 *fill*         0x0000000020004328      0x200 
                0x0000000020004928                . = (. + _Min_Stack_Size)
 *fill*         0x0000000020004528      0x400 
                0x0000000020004928                . = ALIGN (0x8)

/DISCARD/
 libc.a(*)
 libm.a(*)
 libgcc.a(*)

.ARM.attributes
                0x0000000000000000       0x29
 *(.ARM.attributes)
 .ARM.attributes
                0x0000000000000000       0x1d /usr/lib/gcc/arm-none-eabi/9.2.1/thumb/v7-m/nofp/crti.o
 .ARM.attributes
                0x000000000000001d       0x2d /usr/lib/gcc/arm-none-eabi/9.2.1/thumb/v7-m/nofp/crtbegin.o
 .ARM.attributes
                0x000000000000004a       0x2d build/main.o
 .ARM.attributes
                0x0000000000000077       0x2d build/stm32f1xx_it.o
 .ARM.attributes
                0x00000000000000a4       0x2d build/stm32f1xx_hal_msp.o
 .ARM.attributes
                0x00000000000000d1       0x2d build/stm32f1xx_hal_uart.o
 .ARM.attributes
                0x00000000000000fe       0x2d build/stm32f1xx_hal.o
 .ARM.attributes
                0x000000000000012b       0x2d build/stm32f1xx_hal_rcc.o
 .ARM.attributes
                0x0000000000000158       0x2d build/stm32f1xx_hal_gpio.o
 .ARM.attributes
                0x0000000000000185       0x2d build/stm32f1xx_hal_dma.o
 .ARM.attributes
                0x00000000000001b2       0x2d build/stm32f1xx_hal_cortex.o
 .ARM.attributes
                0x00000000000001df       0x2d build/system_stm32f1xx.o
 .ARM.attributes
                0x000000000000020c       0x2d build/logger.o
 .ARM.attributes
                0x0000000000000239       0x2d build/ili9341.o
 .ARM.attributes
                0x0000000000000266       0x2d build/emulator.o
 .ARM.attributes
                0x0000000000000293       0x2d build/z80emu.o
 .ARM.attributes
                0x00000000000002c0       0x2d build/mem.o
 .ARM.attributes
                0x00000000000002ed       0x2d build/screen.o
 .ARM.attributes
                0x000000000000031a       0x2d build/input.o
 .ARM.attributes
                0x0000000000000347       0x2d build/snapshot.o
 .ARM.attributes
                0x0000000000000374       0x21 build/startup_stm32f103xb.o
 .ARM.attributes
                0x0000000000000395       0x2d /usr/lib/gcc/arm-none-eabi/9.2.1/../../../arm-none-eabi/lib/thumb/v7-m/nofp/libc_nano.a(lib_a-impure.o)
 .ARM.attributes
                0x00000000000003c2       0x2d /usr/lib/gcc/arm-none-eabi/9.2.1/../../../arm-none-eabi/lib/thumb/v7-m/nofp/libc_nano.a(lib_a-init.o)
 .ARM.attributes
                0x00000000000003ef       0x2d /usr/lib/gcc/arm-none-eabi/9.2.1/../../../arm-none-eabi/lib/thumb/v7-m/nofp/libc_nano.a(lib_a-vsnprintf.o)
 .ARM.attributes
                0x000000000000041c       0x2d /usr/lib/gcc/arm-none-eabi/9.2.1/../../../arm-none-eabi/lib/thumb/v7-m/nofp/libc_nano.a(lib_a-nano-svfprintf.o)
 .ARM.attributes
                0x0000000000000449       0x2d /usr/lib/gcc/arm-none-eabi/9.2.1/../../../arm-none-eabi/lib/thumb/v7-m/nofp/libc_nano.a(lib_a-nano-vfprintf_i.o)
 .ARM.attributes
                0x0000000000000476       0x2d /usr/lib/gcc/arm-none-eabi/9.2.1/../../../arm-none-eabi/lib/thumb/v7-m/nofp/libc_nano.a(lib_a-memchr-stub.o)
 .ARM.attributes
                0x00000000000004a3       0x1b /usr/lib/gcc/arm-none-eabi/9.2.1/../../../arm-none-eabi/lib/thumb/v7-m/nofp/libc_nano.a(lib_a-memcpy.o)
 .ARM.attributes
                0x00000000000004be       0x2d /usr/lib/gcc/arm-none-eabi/9.2.1/../../../arm-none-eabi/lib/thumb/v7-m/nofp/libc_nano.a(lib_a-memmove.o)
 .ARM.attributes
                0x00000000000004eb       0x2d /usr/lib/gcc/arm-none-eabi/9.2.1/../../../arm-none-eabi/lib/thumb/v7-m/nofp/libc_nano.a(lib_a-nano-freer.o)
 .ARM.attributes
                0x0000000000000518       0x2d /usr/lib/gcc/arm-none-eabi/9.2.1/../../../arm-none-eabi/lib/thumb/v7-m/nofp/libc_nano.a(lib_a-nano-mallocr.o)
 .ARM.attributes
                0x0000000000000545       0x2d /usr/lib/gcc/arm-none-eabi/9.2.1/../../../arm-none-eabi/lib/thumb/v7-m/nofp/libc_nano.a(lib_a-nano-reallocr.o)
 .ARM.attributes
                0x0000000000000572       0x2d /usr/lib/gcc/arm-none-eabi/9.2.1/../../../arm-none-eabi/lib/thumb/v7-m/nofp/libc_nano.a(lib_a-sbrkr.o)
 .ARM.attributes
                0x000000000000059f       0x2d /usr/lib/gcc/arm-none-eabi/9.2.1/../../../arm-none-eabi/lib/thumb/v7-m/nofp/libc_nano.a(lib_a-mlock.o)
 .ARM.attributes
                0x00000000000005cc       0x2d /usr/lib/gcc/arm-none-eabi/9.2.1/../../../arm-none-eabi/lib/thumb/v7-m/nofp/libc_nano.a(lib_a-nano-msizer.o)
 .ARM.attributes
                0x00000000000005f9       0x2d /usr/lib/gcc/arm-none-eabi/9.2.1/../../../arm-none-eabi/lib/thumb/v7-m/nofp/libc_nano.a(lib_a-reent.o)
 .ARM.attributes
                0x0000000000000626       0x2d /usr/lib/gcc/arm-none-eabi/9.2.1/../../../arm-none-eabi/lib/thumb/v7-m/nofp/libnosys.a(sbrk.o)
 .ARM.attributes
                0x0000000000000653       0x2d /usr/lib/gcc/arm-none-eabi/9.2.1/thumb/v7-m/nofp/crtend.o
 .ARM.attributes
                0x0000000000000680       0x1d /usr/lib/gcc/arm-none-eabi/9.2.1/thumb/v7-m/nofp/crtn.o
OUTPUT(build/ILI_9341.elf elf32-littlearm)
LOAD linker stubs
LOAD /usr/lib/gcc/arm-none-eabi/9.2.1/../../../arm-none-eabi/lib/thumb/v7-m/nofp/libc.a
LOAD /usr/lib/gcc/arm-none-eabi/9.2.1/../../../arm-none-eabi/lib/thumb/v7-m/nofp/libm.a
LOAD /usr/lib/gcc/arm-none-eabi/9.2.1/thumb/v7-m/nofp/libgcc.a

.comment        0x0000000000000000       0xa7
 .comment       0x0000000000000000       0x59 /usr/lib/gcc/arm-none-eabi/9.2.1/thumb/v7-m/nofp/crtbegin.o
                                         0x5a (size before relaxing)
 .comment       0x0000000000000059       0x5a build/main.o
 .comment       0x0000000000000059       0x5a build/stm32f1xx_it.o
 .comment       0x0000000000000059       0x5a build/stm32f1xx_hal_msp.o
 .comment       0x0000000000000059       0x5a build/stm32f1xx_hal_uart.o
 .comment       0x0000000000000059       0x5a build/stm32f1xx_hal.o
 .comment       0x0000000000000059       0x5a build/stm32f1xx_hal_rcc.o
 .comment       0x0000000000000059       0x5a build/stm32f1xx_hal_gpio.o
 .comment       0x0000000000000059       0x5a build/stm32f1xx_hal_dma.o
 .comment       0x0000000000000059       0x5a build/stm32f1xx_hal_cortex.o
 .comment       0x0000000000000059       0x5a build/system_stm32f1xx.o
 .comment       0x0000000000000059       0x5a build/logger.o
 .comment       0x0000000000000059       0x5a build/ili9341.o
 .comment       0x0000000000000059       0x5a build/emulator.o
 .comment       0x0000000000000059       0x5a build/z80emu.o
 .comment       0x0000000000000059       0x5a build/mem.o
 .comment       0x0000000000000059       0x5a build/screen.o
 .comment       0x0000000000000059       0x5a build/input.o
 .comment       0x0000000000000059       0x5a build/snapshot.o
 .comment       0x0000000000000059       0x4e /usr/lib/gcc/arm-none-eabi/9.2.1/../../../arm-none-eabi/lib/thumb/v7-m/nofp/libc_nano.a(lib_a-impure.o)
                                         0x4f (size before relaxing)
 .comment       0x00000000000000a7       0x4f /usr/lib/gcc/arm-none-eabi/9.2.1/../../../arm-none-eabi/lib/thumb/v7-m/nofp/libc_nano.a(lib_a-init.o)
 .comment       0x00000000000000a7       0x4f /usr/lib/gcc/arm-none-eabi/9.2.1/../../../arm-none-eabi/lib/thumb/v7-m/nofp/libc_nano.a(lib_a-vsnprintf.o)
 .comment       0x00000000000000a7       0x4f /usr/lib/gcc/arm-none-eabi/9.2.1/../../../arm-none-eabi/lib/thumb/v7-m/nofp/libc_nano.a(lib_a-nano-svfprintf.o)
 .comment       0x00000000000000a7       0x4f /usr/lib/gcc/arm-none-eabi/9.2.1/../../../arm-none-eabi/lib/thumb/v7-m/nofp/libc_nano.a(lib_a-nano-vfprintf_i.o)
 .comment       0x00000000000000a7       0x4f /usr/lib/gcc/arm-none-eabi/9.2.1/../../../arm-none-eabi/lib/thumb/v7-m/nofp/libc_nano.a(lib_a-memchr-stub.o)
 .comment       0x00000000000000a7       0x4f /usr/lib/gcc/arm-none-eabi/9.2.1/../../../arm-none-eabi/lib/thumb/v7-m/nofp/libc_nano.a(lib_a-memmove.o)
 .comment       0x00000000000000a7       0x4f /usr/lib/gcc/arm-none-eabi/9.2.1/../../../arm-none-eabi/lib/thumb/v7-m/nofp/libc_nano.a(lib_a-nano-freer.o)
 .comment       0x00000000000000a7       0x4f /usr/lib/gcc/arm-none-eabi/9.2.1/../../../arm-none-eabi/lib/thumb/v7-m/nofp/libc_nano.a(lib_a-nano-mallocr.o)
 .comment       0x00000000000000a7       0x4f /usr/lib/gcc/arm-none-eabi/9.2.1/../../../arm-none-eabi/lib/thumb/v7-m/nofp/libc_nano.a(lib_a-nano-reallocr.o)
 .comment       0x00000000000000a7       0x4f /usr/lib/gcc/arm-none-eabi/9.2.1/../../../arm-none-eabi/lib/thumb/v7-m/nofp/libc_nano.a(lib_a-sbrkr.o)
 .comment       0x00000000000000a7       0x4f /usr/lib/gcc/arm-none-eabi/9.2.1/../../../arm-none-eabi/lib/thumb/v7-m/nofp/libc_nano.a(lib_a-mlock.o)
 .comment       0x00000000000000a7       0x4f /usr/lib/gcc/arm-none-eabi/9.2.1/../../../arm-none-eabi/lib/thumb/v7-m/nofp/libc_nano.a(lib_a-nano-msizer.o)
 .comment       0x00000000000000a7       0x4f /usr/lib/gcc/arm-none-eabi/9.2.1/../../../arm-none-eabi/lib/thumb/v7-m/nofp/libc_nano.a(lib_a-reent.o)
 .comment       0x00000000000000a7       0x4f /usr/lib/gcc/arm-none-eabi/9.2.1/../../../arm-none-eabi/lib/thumb/v7-m/nofp/libnosys.a(sbrk.o)
 .comment       0x00000000000000a7       0x5a /usr/lib/gcc/arm-none-eabi/9.2.1/thumb/v7-m/nofp/crtend.o

.debug_info     0x0000000000000000    0x25208
 .debug_info    0x0000000000000000     0x1968 build/main.o
 .debug_info    0x0000000000001968     0x10be build/stm32f1xx_it.o
 .debug_info    0x0000000000002a26     0x15b5 build/stm32f1xx_hal_msp.o
 .debug_info    0x0000000000003fdb     0x2607 build/stm32f1xx_hal_uart.o
 .debug_info    0x00000000000065e2     0x1213 build/stm32f1xx_hal.o
 .debug_info    0x00000000000077f5     0x176f build/stm32f1xx_hal_rcc.o
 .debug_info    0x0000000000008f64     0x12ea build/stm32f1xx_hal_gpio.o
 .debug_info    0x000000000000a24e     0x1414 build/stm32f1xx_hal_dma.o
 .debug_info    0x000000000000b662     0x1945 build/stm32f1xx_hal_cortex.o
 .debug_info    0x000000000000cfa7      0xdd6 build/system_stm32f1xx.o
 .debug_info    0x000000000000dd7d     0x109a build/logger.o
 .debug_info    0x000000000000ee17     0x4a17 build/ili9341.o
 .debug_info    0x000000000001382e      0xe6c build/emulator.o
 .debug_info    0x000000000001469a     0x2946 build/z80emu.o
 .debug_info    0x0000000000016fe0     0x11f9 build/mem.o
 .debug_info    0x00000000000181d9      0x5bf build/screen.o
 .debug_info    0x0000000000018798     0x16a6 build/input.o
 .debug_info    0x0000000000019e3e      0x8cb build/snapshot.o
 .debug_info    0x000000000001a709       0x22 build/startup_stm32f103xb.o
 .debug_info    0x000000000001a72b      0x92a /usr/lib/gcc/arm-none-eabi/9.2.1/../../../arm-none-eabi/lib/thumb/v7-m/nofp/libc_nano.a(lib_a-impure.o)
 .debug_info    0x000000000001b055      0x11a /usr/lib/gcc/arm-none-eabi/9.2.1/../../../arm-none-eabi/lib/thumb/v7-m/nofp/libc_nano.a(lib_a-init.o)
 .debug_info    0x000000000001b16f      0xceb /usr/lib/gcc/arm-none-eabi/9.2.1/../../../arm-none-eabi/lib/thumb/v7-m/nofp/libc_nano.a(lib_a-vsnprintf.o)
 .debug_info    0x000000000001be5a     0x17e4 /usr/lib/gcc/arm-none-eabi/9.2.1/../../../arm-none-eabi/lib/thumb/v7-m/nofp/libc_nano.a(lib_a-nano-svfprintf.o)
 .debug_info    0x000000000001d63e     0x1592 /usr/lib/gcc/arm-none-eabi/9.2.1/../../../arm-none-eabi/lib/thumb/v7-m/nofp/libc_nano.a(lib_a-nano-vfprintf_i.o)
 .debug_info    0x000000000001ebd0      0x9e3 /usr/lib/gcc/arm-none-eabi/9.2.1/../../../arm-none-eabi/lib/thumb/v7-m/nofp/libc_nano.a(lib_a-memchr-stub.o)
 .debug_info    0x000000000001f5b3       0x26 /usr/lib/gcc/arm-none-eabi/9.2.1/../../../arm-none-eabi/lib/thumb/v7-m/nofp/libc_nano.a(lib_a-memcpy.o)
 .debug_info    0x000000000001f5d9      0xf2b /usr/lib/gcc/arm-none-eabi/9.2.1/../../../arm-none-eabi/lib/thumb/v7-m/nofp/libc_nano.a(lib_a-memmove.o)
 .debug_info    0x0000000000020504      0xb85 /usr/lib/gcc/arm-none-eabi/9.2.1/../../../arm-none-eabi/lib/thumb/v7-m/nofp/libc_nano.a(lib_a-nano-freer.o)
 .debug_info    0x0000000000021089      0xc5a /usr/lib/gcc/arm-none-eabi/9.2.1/../../../arm-none-eabi/lib/thumb/v7-m/nofp/libc_nano.a(lib_a-nano-mallocr.o)
 .debug_info    0x0000000000021ce3      0xb77 /usr/lib/gcc/arm-none-eabi/9.2.1/../../../arm-none-eabi/lib/thumb/v7-m/nofp/libc_nano.a(lib_a-nano-reallocr.o)
 .debug_info    0x000000000002285a      0x9fb /usr/lib/gcc/arm-none-eabi/9.2.1/../../../arm-none-eabi/lib/thumb/v7-m/nofp/libc_nano.a(lib_a-sbrkr.o)
 .debug_info    0x0000000000023255      0x961 /usr/lib/gcc/arm-none-eabi/9.2.1/../../../arm-none-eabi/lib/thumb/v7-m/nofp/libc_nano.a(lib_a-mlock.o)
 .debug_info    0x0000000000023bb6      0xaa6 /usr/lib/gcc/arm-none-eabi/9.2.1/../../../arm-none-eabi/lib/thumb/v7-m/nofp/libc_nano.a(lib_a-nano-msizer.o)
 .debug_info    0x000000000002465c      0xb0f /usr/lib/gcc/arm-none-eabi/9.2.1/../../../arm-none-eabi/lib/thumb/v7-m/nofp/libc_nano.a(lib_a-reent.o)
 .debug_info    0x000000000002516b       0x9d /usr/lib/gcc/arm-none-eabi/9.2.1/../../../arm-none-eabi/lib/thumb/v7-m/nofp/libnosys.a(sbrk.o)

.debug_abbrev   0x0000000000000000     0x545c
 .debug_abbrev  0x0000000000000000      0x309 build/main.o
 .debug_abbrev  0x0000000000000309      0x21e build/stm32f1xx_it.o
 .debug_abbrev  0x0000000000000527      0x289 build/stm32f1xx_hal_msp.o
 .debug_abbrev  0x00000000000007b0      0x385 build/stm32f1xx_hal_uart.o
 .debug_abbrev  0x0000000000000b35      0x339 build/stm32f1xx_hal.o
 .debug_abbrev  0x0000000000000e6e      0x36a build/stm32f1xx_hal_rcc.o
 .debug_abbrev  0x00000000000011d8      0x329 build/stm32f1xx_hal_gpio.o
 .debug_abbrev  0x0000000000001501      0x32b build/stm32f1xx_hal_dma.o
 .debug_abbrev  0x000000000000182c      0x46e build/stm32f1xx_hal_cortex.o
 .debug_abbrev  0x0000000000001c9a      0x23f build/system_stm32f1xx.o
 .debug_abbrev  0x0000000000001ed9      0x260 build/logger.o
 .debug_abbrev  0x0000000000002139      0x4aa build/ili9341.o
 .debug_abbrev  0x00000000000025e3      0x23c build/emulator.o
 .debug_abbrev  0x000000000000281f      0x26d build/z80emu.o
 .debug_abbrev  0x0000000000002a8c      0x3df build/mem.o
 .debug_abbrev  0x0000000000002e6b      0x200 build/screen.o
 .debug_abbrev  0x000000000000306b      0x2ef build/input.o
 .debug_abbrev  0x000000000000335a      0x208 build/snapshot.o
 .debug_abbrev  0x0000000000003562       0x12 build/startup_stm32f103xb.o
 .debug_abbrev  0x0000000000003574      0x17a /usr/lib/gcc/arm-none-eabi/9.2.1/../../../arm-none-eabi/lib/thumb/v7-m/nofp/libc_nano.a(lib_a-impure.o)
 .debug_abbrev  0x00000000000036ee       0xcc /usr/lib/gcc/arm-none-eabi/9.2.1/../../../arm-none-eabi/lib/thumb/v7-m/nofp/libc_nano.a(lib_a-init.o)
 .debug_abbrev  0x00000000000037ba      0x277 /usr/lib/gcc/arm-none-eabi/9.2.1/../../../arm-none-eabi/lib/thumb/v7-m/nofp/libc_nano.a(lib_a-vsnprintf.o)
 .debug_abbrev  0x0000000000003a31      0x33f /usr/lib/gcc/arm-none-eabi/9.2.1/../../../arm-none-eabi/lib/thumb/v7-m/nofp/libc_nano.a(lib_a-nano-svfprintf.o)
 .debug_abbrev  0x0000000000003d70      0x2dc /usr/lib/gcc/arm-none-eabi/9.2.1/../../../arm-none-eabi/lib/thumb/v7-m/nofp/libc_nano.a(lib_a-nano-vfprintf_i.o)
 .debug_abbrev  0x000000000000404c      0x1d7 /usr/lib/gcc/arm-none-eabi/9.2.1/../../../arm-none-eabi/lib/thumb/v7-m/nofp/libc_nano.a(lib_a-memchr-stub.o)
 .debug_abbrev  0x0000000000004223       0x14 /usr/lib/gcc/arm-none-eabi/9.2.1/../../../arm-none-eabi/lib/thumb/v7-m/nofp/libc_nano.a(lib_a-memcpy.o)
 .debug_abbrev  0x0000000000004237      0x1de /usr/lib/gcc/arm-none-eabi/9.2.1/../../../arm-none-eabi/lib/thumb/v7-m/nofp/libc_nano.a(lib_a-memmove.o)
 .debug_abbrev  0x0000000000004415      0x286 /usr/lib/gcc/arm-none-eabi/9.2.1/../../../arm-none-eabi/lib/thumb/v7-m/nofp/libc_nano.a(lib_a-nano-freer.o)
 .debug_abbrev  0x000000000000469b      0x2d1 /usr/lib/gcc/arm-none-eabi/9.2.1/../../../arm-none-eabi/lib/thumb/v7-m/nofp/libc_nano.a(lib_a-nano-mallocr.o)
 .debug_abbrev  0x000000000000496c      0x22a /usr/lib/gcc/arm-none-eabi/9.2.1/../../../arm-none-eabi/lib/thumb/v7-m/nofp/libc_nano.a(lib_a-nano-reallocr.o)
 .debug_abbrev  0x0000000000004b96      0x212 /usr/lib/gcc/arm-none-eabi/9.2.1/../../../arm-none-eabi/lib/thumb/v7-m/nofp/libc_nano.a(lib_a-sbrkr.o)
 .debug_abbrev  0x0000000000004da8      0x1c5 /usr/lib/gcc/arm-none-eabi/9.2.1/../../../arm-none-eabi/lib/thumb/v7-m/nofp/libc_nano.a(lib_a-mlock.o)
 .debug_abbrev  0x0000000000004f6d      0x1e5 /usr/lib/gcc/arm-none-eabi/9.2.1/../../../arm-none-eabi/lib/thumb/v7-m/nofp/libc_nano.a(lib_a-nano-msizer.o)
 .debug_abbrev  0x0000000000005152      0x268 /usr/lib/gcc/arm-none-eabi/9.2.1/../../../arm-none-eabi/lib/thumb/v7-m/nofp/libc_nano.a(lib_a-reent.o)
 .debug_abbrev  0x00000000000053ba       0xa2 /usr/lib/gcc/arm-none-eabi/9.2.1/../../../arm-none-eabi/lib/thumb/v7-m/nofp/libnosys.a(sbrk.o)

.debug_loc      0x0000000000000000     0xeca7
 .debug_loc     0x0000000000000000      0x141 build/main.o
 .debug_loc     0x0000000000000141       0x60 build/stm32f1xx_it.o
 .debug_loc     0x00000000000001a1      0x105 build/stm32f1xx_hal_msp.o
 .debug_loc     0x00000000000002a6     0x1c8b build/stm32f1xx_hal_uart.o
 .debug_loc     0x0000000000001f31      0x1bb build/stm32f1xx_hal.o
 .debug_loc     0x00000000000020ec      0x899 build/stm32f1xx_hal_rcc.o
 .debug_loc     0x0000000000002985      0x74d build/stm32f1xx_hal_gpio.o
 .debug_loc     0x00000000000030d2      0x83b build/stm32f1xx_hal_dma.o
 .debug_loc     0x000000000000390d      0xa13 build/stm32f1xx_hal_cortex.o
 .debug_loc     0x0000000000004320       0xff build/system_stm32f1xx.o
 .debug_loc     0x000000000000441f       0x5c build/logger.o
 .debug_loc     0x000000000000447b     0x1046 build/ili9341.o
 .debug_loc     0x00000000000054c1       0x40 build/emulator.o
 .debug_loc     0x0000000000005501     0x61d9 build/z80emu.o
 .debug_loc     0x000000000000b6da      0x882 build/mem.o
 .debug_loc     0x000000000000bf5c      0x395 build/screen.o
 .debug_loc     0x000000000000c2f1      0x218 build/input.o
 .debug_loc     0x000000000000c509      0x629 build/snapshot.o
 .debug_loc     0x000000000000cb32       0xba /usr/lib/gcc/arm-none-eabi/9.2.1/../../../arm-none-eabi/lib/thumb/v7-m/nofp/libc_nano.a(lib_a-init.o)
 .debug_loc     0x000000000000cbec      0x245 /usr/lib/gcc/arm-none-eabi/9.2.1/../../../arm-none-eabi/lib/thumb/v7-m/nofp/libc_nano.a(lib_a-vsnprintf.o)
 .debug_loc     0x000000000000ce31      0x80e /usr/lib/gcc/arm-none-eabi/9.2.1/../../../arm-none-eabi/lib/thumb/v7-m/nofp/libc_nano.a(lib_a-nano-svfprintf.o)
 .debug_loc     0x000000000000d63f      0x7ab /usr/lib/gcc/arm-none-eabi/9.2.1/../../../arm-none-eabi/lib/thumb/v7-m/nofp/libc_nano.a(lib_a-nano-vfprintf_i.o)
 .debug_loc     0x000000000000ddea      0x226 /usr/lib/gcc/arm-none-eabi/9.2.1/../../../arm-none-eabi/lib/thumb/v7-m/nofp/libc_nano.a(lib_a-memchr-stub.o)
 .debug_loc     0x000000000000e010      0x2e4 /usr/lib/gcc/arm-none-eabi/9.2.1/../../../arm-none-eabi/lib/thumb/v7-m/nofp/libc_nano.a(lib_a-memmove.o)
 .debug_loc     0x000000000000e2f4      0x1f7 /usr/lib/gcc/arm-none-eabi/9.2.1/../../../arm-none-eabi/lib/thumb/v7-m/nofp/libc_nano.a(lib_a-nano-freer.o)
 .debug_loc     0x000000000000e4eb      0x424 /usr/lib/gcc/arm-none-eabi/9.2.1/../../../arm-none-eabi/lib/thumb/v7-m/nofp/libc_nano.a(lib_a-nano-mallocr.o)
 .debug_loc     0x000000000000e90f      0x133 /usr/lib/gcc/arm-none-eabi/9.2.1/../../../arm-none-eabi/lib/thumb/v7-m/nofp/libc_nano.a(lib_a-nano-reallocr.o)
 .debug_loc     0x000000000000ea42       0x6c /usr/lib/gcc/arm-none-eabi/9.2.1/../../../arm-none-eabi/lib/thumb/v7-m/nofp/libc_nano.a(lib_a-sbrkr.o)
 .debug_loc     0x000000000000eaae       0x86 /usr/lib/gcc/arm-none-eabi/9.2.1/../../../arm-none-eabi/lib/thumb/v7-m/nofp/libc_nano.a(lib_a-nano-msizer.o)
 .debug_loc     0x000000000000eb34      0x135 /usr/lib/gcc/arm-none-eabi/9.2.1/../../../arm-none-eabi/lib/thumb/v7-m/nofp/libc_nano.a(lib_a-reent.o)
 .debug_loc     0x000000000000ec69       0x3e /usr/lib/gcc/arm-none-eabi/9.2.1/../../../arm-none-eabi/lib/thumb/v7-m/nofp/libnosys.a(sbrk.o)

.debug_aranges  0x0000000000000000      0x9d8
 .debug_aranges
                0x0000000000000000       0x58 build/main.o
 .debug_aranges
                0x0000000000000058       0x70 build/stm32f1xx_it.o
 .debug_aranges
                0x00000000000000c8       0x30 build/stm32f1xx_hal_msp.o
 .debug_aranges
                0x00000000000000f8      0x1d0 build/stm32f1xx_hal_uart.o
 .debug_aranges
                0x00000000000002c8       0xd0 build/stm32f1xx_hal.o
 .debug_aranges
                0x0000000000000398       0x90 build/stm32f1xx_hal_rcc.o
 .debug_aranges
                0x0000000000000428       0x58 build/stm32f1xx_hal_gpio.o
 .debug_aranges
                0x0000000000000480       0x80 build/stm32f1xx_hal_dma.o
 .debug_aranges
                0x0000000000000500       0x90 build/stm32f1xx_hal_cortex.o
 .debug_aranges
                0x0000000000000590       0x28 build/system_stm32f1xx.o
 .debug_aranges
                0x00000000000005b8       0x20 build/logger.o
 .debug_aranges
                0x00000000000005d8       0x70 build/ili9341.o
 .debug_aranges
                0x0000000000000648       0x30 build/emulator.o
 .debug_aranges
                0x0000000000000678       0x40 build/z80emu.o
 .debug_aranges
                0x00000000000006b8       0x50 build/mem.o
 .debug_aranges
                0x0000000000000708       0x40 build/screen.o
 .debug_aranges
                0x0000000000000748       0x38 build/input.o
 .debug_aranges
                0x0000000000000780       0x38 build/snapshot.o
 .debug_aranges
                0x00000000000007b8       0x28 build/startup_stm32f103xb.o
 .debug_aranges
                0x00000000000007e0       0x18 /usr/lib/gcc/arm-none-eabi/9.2.1/../../../arm-none-eabi/lib/thumb/v7-m/nofp/libc_nano.a(lib_a-impure.o)
 .debug_aranges
                0x00000000000007f8       0x20 /usr/lib/gcc/arm-none-eabi/9.2.1/../../../arm-none-eabi/lib/thumb/v7-m/nofp/libc_nano.a(lib_a-init.o)
 .debug_aranges
                0x0000000000000818       0x20 /usr/lib/gcc/arm-none-eabi/9.2.1/../../../arm-none-eabi/lib/thumb/v7-m/nofp/libc_nano.a(lib_a-vsnprintf.o)
 .debug_aranges
                0x0000000000000838       0x20 /usr/lib/gcc/arm-none-eabi/9.2.1/../../../arm-none-eabi/lib/thumb/v7-m/nofp/libc_nano.a(lib_a-nano-svfprintf.o)
 .debug_aranges
                0x0000000000000858       0x20 /usr/lib/gcc/arm-none-eabi/9.2.1/../../../arm-none-eabi/lib/thumb/v7-m/nofp/libc_nano.a(lib_a-nano-vfprintf_i.o)
 .debug_aranges
                0x0000000000000878       0x20 /usr/lib/gcc/arm-none-eabi/9.2.1/../../../arm-none-eabi/lib/thumb/v7-m/nofp/libc_nano.a(lib_a-memchr-stub.o)
 .debug_aranges
                0x0000000000000898       0x20 /usr/lib/gcc/arm-none-eabi/9.2.1/../../../arm-none-eabi/lib/thumb/v7-m/nofp/libc_nano.a(lib_a-memcpy.o)
 .debug_aranges
                0x00000000000008b8       0x20 /usr/lib/gcc/arm-none-eabi/9.2.1/../../../arm-none-eabi/lib/thumb/v7-m/nofp/libc_nano.a(lib_a-memmove.o)
 .debug_aranges
                0x00000000000008d8       0x20 /usr/lib/gcc/arm-none-eabi/9.2.1/../../../arm-none-eabi/lib/thumb/v7-m/nofp/libc_nano.a(lib_a-nano-freer.o)
 .debug_aranges
                0x00000000000008f8       0x20 /usr/lib/gcc/arm-none-eabi/9.2.1/../../../arm-none-eabi/lib/thumb/v7-m/nofp/libc_nano.a(lib_a-nano-mallocr.o)
 .debug_aranges
                0x0000000000000918       0x20 /usr/lib/gcc/arm-none-eabi/9.2.1/../../../arm-none-eabi/lib/thumb/v7-m/nofp/libc_nano.a(lib_a-nano-reallocr.o)
 .debug_aranges
                0x0000000000000938       0x20 /usr/lib/gcc/arm-none-eabi/9.2.1/../../../arm-none-eabi/lib/thumb/v7-m/nofp/libc_nano.a(lib_a-sbrkr.o)
 .debug_aranges
                0x0000000000000958       0x20 /usr/lib/gcc/arm-none-eabi/9.2.1/../../../arm-none-eabi/lib/thumb/v7-m/nofp/libc_nano.a(lib_a-mlock.o)
 .debug_aranges
                0x0000000000000978       0x20 /usr/lib/gcc/arm-none-eabi/9.2.1/../../../arm-none-eabi/lib/thumb/v7-m/nofp/libc_nano.a(lib_a-nano-msizer.o)
 .debug_aranges
                0x0000000000000998       0x20 /usr/lib/gcc/arm-none-eabi/9.2.1/../../../arm-none-eabi/lib/thumb/v7-m/nofp/libc_nano.a(lib_a-reent.o)
 .debug_aranges
                0x00000000000009b8       0x20 /usr/lib/gcc/arm-none-eabi/9.2.1/../../../arm-none-eabi/lib/thumb/v7-m/nofp/libnosys.a(sbrk.o)

.debug_ranges   0x0000000000000000      0xc38
 .debug_ranges  0x0000000000000000       0x48 build/main.o
 .debug_ranges  0x0000000000000048       0x60 build/stm32f1xx_it.o
 .debug_ranges  0x00000000000000a8       0x20 build/stm32f1xx_hal_msp.o
 .debug_ranges  0x00000000000000c8      0x1c0 build/stm32f1xx_hal_uart.o
 .debug_ranges  0x0000000000000288       0xc0 build/stm32f1xx_hal.o
 .debug_ranges  0x0000000000000348       0xa0 build/stm32f1xx_hal_rcc.o
 .debug_ranges  0x00000000000003e8       0x48 build/stm32f1xx_hal_gpio.o
 .debug_ranges  0x0000000000000430       0x70 build/stm32f1xx_hal_dma.o
 .debug_ranges  0x00000000000004a0       0xe0 build/stm32f1xx_hal_cortex.o
 .debug_ranges  0x0000000000000580       0x18 build/system_stm32f1xx.o
 .debug_ranges  0x0000000000000598       0x10 build/logger.o
 .debug_ranges  0x00000000000005a8      0x278 build/ili9341.o
 .debug_ranges  0x0000000000000820       0x20 build/emulator.o
 .debug_ranges  0x0000000000000840       0x78 build/z80emu.o
 .debug_ranges  0x00000000000008b8       0xb8 build/mem.o
 .debug_ranges  0x0000000000000970       0x90 build/screen.o
 .debug_ranges  0x0000000000000a00       0x28 build/input.o
 .debug_ranges  0x0000000000000a28       0xb8 build/snapshot.o
 .debug_ranges  0x0000000000000ae0       0x20 build/startup_stm32f103xb.o
 .debug_ranges  0x0000000000000b00       0x50 /usr/lib/gcc/arm-none-eabi/9.2.1/../../../arm-none-eabi/lib/thumb/v7-m/nofp/libc_nano.a(lib_a-nano-svfprintf.o)
 .debug_ranges  0x0000000000000b50       0x98 /usr/lib/gcc/arm-none-eabi/9.2.1/../../../arm-none-eabi/lib/thumb/v7-m/nofp/libc_nano.a(lib_a-nano-vfprintf_i.o)
 .debug_ranges  0x0000000000000be8       0x18 /usr/lib/gcc/arm-none-eabi/9.2.1/../../../arm-none-eabi/lib/thumb/v7-m/nofp/libc_nano.a(lib_a-nano-freer.o)
 .debug_ranges  0x0000000000000c00       0x38 /usr/lib/gcc/arm-none-eabi/9.2.1/../../../arm-none-eabi/lib/thumb/v7-m/nofp/libc_nano.a(lib_a-nano-mallocr.o)

.debug_line     0x0000000000000000     0xd554
 .debug_line    0x0000000000000000      0x49c build/main.o
 .debug_line    0x000000000000049c      0x2e1 build/stm32f1xx_it.o
 .debug_line    0x000000000000077d      0x2d8 build/stm32f1xx_hal_msp.o
 .debug_line    0x0000000000000a55     0x1bc9 build/stm32f1xx_hal_uart.o
 .debug_line    0x000000000000261e      0x4d9 build/stm32f1xx_hal.o
 .debug_line    0x0000000000002af7      0xd87 build/stm32f1xx_hal_rcc.o
 .debug_line    0x000000000000387e      0x73a build/stm32f1xx_hal_gpio.o
 .debug_line    0x0000000000003fb8      0xb23 build/stm32f1xx_hal_dma.o
 .debug_line    0x0000000000004adb      0x65a build/stm32f1xx_hal_cortex.o
 .debug_line    0x0000000000005135      0x23f build/system_stm32f1xx.o
 .debug_line    0x0000000000005374      0x219 build/logger.o
 .debug_line    0x000000000000558d     0x1595 build/ili9341.o
 .debug_line    0x0000000000006b22      0x281 build/emulator.o
 .debug_line    0x0000000000006da3     0x2b95 build/z80emu.o
 .debug_line    0x0000000000009938      0x537 build/mem.o
 .debug_line    0x0000000000009e6f      0x32e build/screen.o
 .debug_line    0x000000000000a19d      0x538 build/input.o
 .debug_line    0x000000000000a6d5      0x589 build/snapshot.o
 .debug_line    0x000000000000ac5e       0x72 build/startup_stm32f103xb.o
 .debug_line    0x000000000000acd0       0xe3 /usr/lib/gcc/arm-none-eabi/9.2.1/../../../arm-none-eabi/lib/thumb/v7-m/nofp/libc_nano.a(lib_a-impure.o)
 .debug_line    0x000000000000adb3      0x114 /usr/lib/gcc/arm-none-eabi/9.2.1/../../../arm-none-eabi/lib/thumb/v7-m/nofp/libc_nano.a(lib_a-init.o)
 .debug_line    0x000000000000aec7      0x287 /usr/lib/gcc/arm-none-eabi/9.2.1/../../../arm-none-eabi/lib/thumb/v7-m/nofp/libc_nano.a(lib_a-vsnprintf.o)
 .debug_line    0x000000000000b14e      0x8a7 /usr/lib/gcc/arm-none-eabi/9.2.1/../../../arm-none-eabi/lib/thumb/v7-m/nofp/libc_nano.a(lib_a-nano-svfprintf.o)
 .debug_line    0x000000000000b9f5      0x7a1 /usr/lib/gcc/arm-none-eabi/9.2.1/../../../arm-none-eabi/lib/thumb/v7-m/nofp/libc_nano.a(lib_a-nano-vfprintf_i.o)
 .debug_line    0x000000000000c196      0x20c /usr/lib/gcc/arm-none-eabi/9.2.1/../../../arm-none-eabi/lib/thumb/v7-m/nofp/libc_nano.a(lib_a-memchr-stub.o)
 .debug_line    0x000000000000c3a2       0xc1 /usr/lib/gcc/arm-none-eabi/9.2.1/../../../arm-none-eabi/lib/thumb/v7-m/nofp/libc_nano.a(lib_a-memcpy.o)
 .debug_line    0x000000000000c463      0x28c /usr/lib/gcc/arm-none-eabi/9.2.1/../../../arm-none-eabi/lib/thumb/v7-m/nofp/libc_nano.a(lib_a-memmove.o)
 .debug_line    0x000000000000c6ef      0x29d /usr/lib/gcc/arm-none-eabi/9.2.1/../../../arm-none-eabi/lib/thumb/v7-m/nofp/libc_nano.a(lib_a-nano-freer.o)
 .debug_line    0x000000000000c98c      0x2f0 /usr/lib/gcc/arm-none-eabi/9.2.1/../../../arm-none-eabi/lib/thumb/v7-m/nofp/libc_nano.a(lib_a-nano-mallocr.o)
 .debug_line    0x000000000000cc7c      0x1c5 /usr/lib/gcc/arm-none-eabi/9.2.1/../../../arm-none-eabi/lib/thumb/v7-m/nofp/libc_nano.a(lib_a-nano-reallocr.o)
 .debug_line    0x000000000000ce41      0x182 /usr/lib/gcc/arm-none-eabi/9.2.1/../../../arm-none-eabi/lib/thumb/v7-m/nofp/libc_nano.a(lib_a-sbrkr.o)
 .debug_line    0x000000000000cfc3      0x13d /usr/lib/gcc/arm-none-eabi/9.2.1/../../../arm-none-eabi/lib/thumb/v7-m/nofp/libc_nano.a(lib_a-mlock.o)
 .debug_line    0x000000000000d100      0x166 /usr/lib/gcc/arm-none-eabi/9.2.1/../../../arm-none-eabi/lib/thumb/v7-m/nofp/libc_nano.a(lib_a-nano-msizer.o)
 .debug_line    0x000000000000d266      0x275 /usr/lib/gcc/arm-none-eabi/9.2.1/../../../arm-none-eabi/lib/thumb/v7-m/nofp/libc_nano.a(lib_a-reent.o)
 .debug_line    0x000000000000d4db       0x79 /usr/lib/gcc/arm-none-eabi/9.2.1/../../../arm-none-eabi/lib/thumb/v7-m/nofp/libnosys.a(sbrk.o)

.debug_str      0x0000000000000000     0x3faa
 .debug_str     0x0000000000000000      0xf00 build/main.o
                                       0x101e (size before relaxing)
 .debug_str     0x0000000000000f00      0x118 build/stm32f1xx_it.o
                                        0xa45 (size before relaxing)
 .debug_str     0x0000000000001018       0xd9 build/stm32f1xx_hal_msp.o
                                        0xdb5 (size before relaxing)
 .debug_str     0x00000000000010f1      0x58a build/stm32f1xx_hal_uart.o
                                        0xf6b (size before relaxing)
 .debug_str     0x000000000000167b      0x280 build/stm32f1xx_hal.o
                                        0xc13 (size before relaxing)
 .debug_str     0x00000000000018fb      0x1a3 build/stm32f1xx_hal_rcc.o
                                        0x9fa (size before relaxing)
 .debug_str     0x0000000000001a9e      0x11e build/stm32f1xx_hal_gpio.o
                                        0x823 (size before relaxing)
 .debug_str     0x0000000000001bbc      0x1d8 build/stm32f1xx_hal_dma.o
                                        0xa25 (size before relaxing)
 .debug_str     0x0000000000001d94      0x274 build/stm32f1xx_hal_cortex.o
                                        0xcc1 (size before relaxing)
 .debug_str     0x0000000000002008       0x4a build/system_stm32f1xx.o
                                        0x689 (size before relaxing)
 .debug_str     0x0000000000002052       0x87 build/logger.o
                                        0x9c9 (size before relaxing)
 .debug_str     0x00000000000020d9      0x2d3 build/ili9341.o
                                        0x924 (size before relaxing)
 .debug_str     0x00000000000023ac       0xe2 build/emulator.o
                                        0x71b (size before relaxing)
 .debug_str     0x000000000000248e      0x5ef build/z80emu.o
                                        0x883 (size before relaxing)
 .debug_str     0x0000000000002a7d      0x1cf build/mem.o
                                        0x77c (size before relaxing)
 .debug_str     0x0000000000002c4c       0xc8 build/screen.o
                                        0x2ba (size before relaxing)
 .debug_str     0x0000000000002d14      0x1d9 build/input.o
                                        0xb73 (size before relaxing)
 .debug_str     0x0000000000002eed      0x1e8 build/snapshot.o
                                        0x45d (size before relaxing)
 .debug_str     0x00000000000030d5       0x22 build/startup_stm32f103xb.o
                                         0x47 (size before relaxing)
 .debug_str     0x00000000000030f7      0x1a2 /usr/lib/gcc/arm-none-eabi/9.2.1/../../../arm-none-eabi/lib/thumb/v7-m/nofp/libc_nano.a(lib_a-impure.o)
                                        0x5da (size before relaxing)
 .debug_str     0x0000000000003299       0xec /usr/lib/gcc/arm-none-eabi/9.2.1/../../../arm-none-eabi/lib/thumb/v7-m/nofp/libc_nano.a(lib_a-init.o)
                                        0x221 (size before relaxing)
 .debug_str     0x0000000000003385      0x1ee /usr/lib/gcc/arm-none-eabi/9.2.1/../../../arm-none-eabi/lib/thumb/v7-m/nofp/libc_nano.a(lib_a-vsnprintf.o)
                                        0x77e (size before relaxing)
 .debug_str     0x0000000000003573      0x414 /usr/lib/gcc/arm-none-eabi/9.2.1/../../../arm-none-eabi/lib/thumb/v7-m/nofp/libc_nano.a(lib_a-nano-svfprintf.o)
                                        0xc0d (size before relaxing)
 .debug_str     0x0000000000003987       0x94 /usr/lib/gcc/arm-none-eabi/9.2.1/../../../arm-none-eabi/lib/thumb/v7-m/nofp/libc_nano.a(lib_a-nano-vfprintf_i.o)
                                        0xba4 (size before relaxing)
 .debug_str     0x0000000000003a1b       0xb7 /usr/lib/gcc/arm-none-eabi/9.2.1/../../../arm-none-eabi/lib/thumb/v7-m/nofp/libc_nano.a(lib_a-memchr-stub.o)
                                        0x60a (size before relaxing)
 .debug_str     0x0000000000003ad2       0x43 /usr/lib/gcc/arm-none-eabi/9.2.1/../../../arm-none-eabi/lib/thumb/v7-m/nofp/libc_nano.a(lib_a-memcpy.o)
                                         0xb2 (size before relaxing)
 .debug_str     0x0000000000003b15       0xb4 /usr/lib/gcc/arm-none-eabi/9.2.1/../../../arm-none-eabi/lib/thumb/v7-m/nofp/libc_nano.a(lib_a-memmove.o)
                                        0x926 (size before relaxing)
 .debug_str     0x0000000000003bc9      0x17e /usr/lib/gcc/arm-none-eabi/9.2.1/../../../arm-none-eabi/lib/thumb/v7-m/nofp/libc_nano.a(lib_a-nano-freer.o)
                                        0x70a (size before relaxing)
 .debug_str     0x0000000000003d47       0x32 /usr/lib/gcc/arm-none-eabi/9.2.1/../../../arm-none-eabi/lib/thumb/v7-m/nofp/libc_nano.a(lib_a-nano-mallocr.o)
                                        0x721 (size before relaxing)
 .debug_str     0x0000000000003d79       0x23 /usr/lib/gcc/arm-none-eabi/9.2.1/../../../arm-none-eabi/lib/thumb/v7-m/nofp/libc_nano.a(lib_a-nano-reallocr.o)
                                        0x707 (size before relaxing)
 .debug_str     0x0000000000003d9c       0x47 /usr/lib/gcc/arm-none-eabi/9.2.1/../../../arm-none-eabi/lib/thumb/v7-m/nofp/libc_nano.a(lib_a-sbrkr.o)
                                        0x61d (size before relaxing)
 .debug_str     0x0000000000003de3       0x4c /usr/lib/gcc/arm-none-eabi/9.2.1/../../../arm-none-eabi/lib/thumb/v7-m/nofp/libc_nano.a(lib_a-mlock.o)
                                        0x606 (size before relaxing)
 .debug_str     0x0000000000003e2f        0xf /usr/lib/gcc/arm-none-eabi/9.2.1/../../../arm-none-eabi/lib/thumb/v7-m/nofp/libc_nano.a(lib_a-nano-msizer.o)
                                        0x6e5 (size before relaxing)
 .debug_str     0x0000000000003e3e       0x5e /usr/lib/gcc/arm-none-eabi/9.2.1/../../../arm-none-eabi/lib/thumb/v7-m/nofp/libc_nano.a(lib_a-reent.o)
                                        0x616 (size before relaxing)
 .debug_str     0x0000000000003e9c      0x10e /usr/lib/gcc/arm-none-eabi/9.2.1/../../../arm-none-eabi/lib/thumb/v7-m/nofp/libnosys.a(sbrk.o)
                                        0x127 (size before relaxing)

.debug_frame    0x0000000000000000     0x17a0
 .debug_frame   0x0000000000000000       0xdc build/main.o
 .debug_frame   0x00000000000000dc       0xd8 build/stm32f1xx_it.o
 .debug_frame   0x00000000000001b4       0x68 build/stm32f1xx_hal_msp.o
 .debug_frame   0x000000000000021c      0x514 build/stm32f1xx_hal_uart.o
 .debug_frame   0x0000000000000730      0x1ac build/stm32f1xx_hal.o
 .debug_frame   0x00000000000008dc      0x184 build/stm32f1xx_hal_rcc.o
 .debug_frame   0x0000000000000a60       0xfc build/stm32f1xx_hal_gpio.o
 .debug_frame   0x0000000000000b5c      0x154 build/stm32f1xx_hal_dma.o
 .debug_frame   0x0000000000000cb0      0x164 build/stm32f1xx_hal_cortex.o
 .debug_frame   0x0000000000000e14       0x30 build/system_stm32f1xx.o
 .debug_frame   0x0000000000000e44       0x48 build/logger.o
 .debug_frame   0x0000000000000e8c      0x1a8 build/ili9341.o
 .debug_frame   0x0000000000001034       0x54 build/emulator.o
 .debug_frame   0x0000000000001088       0xc4 build/z80emu.o
 .debug_frame   0x000000000000114c       0xe8 build/mem.o
 .debug_frame   0x0000000000001234       0xac build/screen.o
 .debug_frame   0x00000000000012e0       0x6c build/input.o
 .debug_frame   0x000000000000134c       0x90 build/snapshot.o
 .debug_frame   0x00000000000013dc       0x2c /usr/lib/gcc/arm-none-eabi/9.2.1/../../../arm-none-eabi/lib/thumb/v7-m/nofp/libc_nano.a(lib_a-init.o)
 .debug_frame   0x0000000000001408       0x5c /usr/lib/gcc/arm-none-eabi/9.2.1/../../../arm-none-eabi/lib/thumb/v7-m/nofp/libc_nano.a(lib_a-vsnprintf.o)
 .debug_frame   0x0000000000001464       0x98 /usr/lib/gcc/arm-none-eabi/9.2.1/../../../arm-none-eabi/lib/thumb/v7-m/nofp/libc_nano.a(lib_a-nano-svfprintf.o)
 .debug_frame   0x00000000000014fc       0x68 /usr/lib/gcc/arm-none-eabi/9.2.1/../../../arm-none-eabi/lib/thumb/v7-m/nofp/libc_nano.a(lib_a-nano-vfprintf_i.o)
 .debug_frame   0x0000000000001564       0x34 /usr/lib/gcc/arm-none-eabi/9.2.1/../../../arm-none-eabi/lib/thumb/v7-m/nofp/libc_nano.a(lib_a-memchr-stub.o)
 .debug_frame   0x0000000000001598       0x40 /usr/lib/gcc/arm-none-eabi/9.2.1/../../../arm-none-eabi/lib/thumb/v7-m/nofp/libc_nano.a(lib_a-memmove.o)
 .debug_frame   0x00000000000015d8       0x58 /usr/lib/gcc/arm-none-eabi/9.2.1/../../../arm-none-eabi/lib/thumb/v7-m/nofp/libc_nano.a(lib_a-nano-freer.o)
 .debug_frame   0x0000000000001630       0x30 /usr/lib/gcc/arm-none-eabi/9.2.1/../../../arm-none-eabi/lib/thumb/v7-m/nofp/libc_nano.a(lib_a-nano-mallocr.o)
 .debug_frame   0x0000000000001660       0x38 /usr/lib/gcc/arm-none-eabi/9.2.1/../../../arm-none-eabi/lib/thumb/v7-m/nofp/libc_nano.a(lib_a-nano-reallocr.o)
 .debug_frame   0x0000000000001698       0x2c /usr/lib/gcc/arm-none-eabi/9.2.1/../../../arm-none-eabi/lib/thumb/v7-m/nofp/libc_nano.a(lib_a-sbrkr.o)
 .debug_frame   0x00000000000016c4       0x30 /usr/lib/gcc/arm-none-eabi/9.2.1/../../../arm-none-eabi/lib/thumb/v7-m/nofp/libc_nano.a(lib_a-mlock.o)
 .debug_frame   0x00000000000016f4       0x20 /usr/lib/gcc/arm-none-eabi/9.2.1/../../../arm-none-eabi/lib/thumb/v7-m/nofp/libc_nano.a(lib_a-nano-msizer.o)
 .debug_frame   0x0000000000001714       0x6c /usr/lib/gcc/arm-none-eabi/9.2.1/../../../arm-none-eabi/lib/thumb/v7-m/nofp/libc_nano.a(lib_a-reent.o)
 .debug_frame   0x0000000000001780       0x20 /usr/lib/gcc/arm-none-eabi/9.2.1/../../../arm-none-eabi/lib/thumb/v7-m/nofp/libnosys.a(sbrk.o)

Cross Reference Table

Symbol                                            File
ADC1_2_IRQHandler                                 build/startup_stm32f103xb.o
AHBPrescTable                                     build/system_stm32f1xx.o
                                                  build/stm32f1xx_hal_rcc.o
APBPrescTable                                     build/system_stm32f1xx.o
                                                  build/stm32f1xx_hal_rcc.o
Arkanoid__1987__Imagine_Software__z80             build/main.o
Arkanoid__1987__Imagine_Software__z80_len         build/main.o
BusFault_Handler                                  build/stm32f1xx_it.o
CAN1_RX1_IRQHandler                               build/startup_stm32f103xb.o
CAN1_SCE_IRQHandler                               build/startup_stm32f103xb.o
DMA1_Channel1_IRQHandler                          build/startup_stm32f103xb.o
DMA1_Channel2_IRQHandler                          build/startup_stm32f103xb.o
DMA1_Channel3_IRQHandler                          build/startup_stm32f103xb.o
DMA1_Channel4_IRQHandler                          build/startup_stm32f103xb.o
DMA1_Channel5_IRQHandler                          build/stm32f1xx_it.o
DMA1_Channel6_IRQHandler                          build/startup_stm32f103xb.o
DMA1_Channel7_IRQHandler                          build/startup_stm32f103xb.o
DebugMon_Handler                                  build/stm32f1xx_it.o
Default_Handler                                   build/startup_stm32f103xb.o
EXTI0_IRQHandler                                  build/startup_stm32f103xb.o
EXTI15_10_IRQHandler                              build/startup_stm32f103xb.o
EXTI1_IRQHandler                                  build/startup_stm32f103xb.o
EXTI2_IRQHandler                                  build/startup_stm32f103xb.o
EXTI3_IRQHandler                                  build/startup_stm32f103xb.o
EXTI4_IRQHandler                                  build/startup_stm32f103xb.o
EXTI9_5_IRQHandler                                build/startup_stm32f103xb.o
FLASH_IRQHandler                                  build/startup_stm32f103xb.o
FLASH_PageErase                                   build/stm32f1xx_hal_flash_ex.o
                                                  build/stm32f1xx_hal_flash.o
FLASH_WaitForLastOperation                        build/stm32f1xx_hal_flash.o
                                                  build/stm32f1xx_hal_flash_ex.o
HAL_DBGMCU_DisableDBGSleepMode                    build/stm32f1xx_hal.o
HAL_DBGMCU_DisableDBGStandbyMode                  build/stm32f1xx_hal.o
HAL_DBGMCU_DisableDBGStopMode                     build/stm32f1xx_hal.o
HAL_DBGMCU_EnableDBGSleepMode                     build/stm32f1xx_hal.o
HAL_DBGMCU_EnableDBGStandbyMode                   build/stm32f1xx_hal.o
HAL_DBGMCU_EnableDBGStopMode                      build/stm32f1xx_hal.o
HAL_DMA_Abort                                     build/stm32f1xx_hal_dma.o
                                                  build/stm32f1xx_hal_uart.o
HAL_DMA_Abort_IT                                  build/stm32f1xx_hal_dma.o
                                                  build/stm32f1xx_hal_uart.o
HAL_DMA_DeInit                                    build/stm32f1xx_hal_dma.o
                                                  build/stm32f1xx_hal_msp.o
HAL_DMA_GetError                                  build/stm32f1xx_hal_dma.o
HAL_DMA_GetState                                  build/stm32f1xx_hal_dma.o
HAL_DMA_IRQHandler                                build/stm32f1xx_hal_dma.o
                                                  build/stm32f1xx_it.o
HAL_DMA_Init                                      build/stm32f1xx_hal_dma.o
                                                  build/stm32f1xx_hal_msp.o
HAL_DMA_PollForTransfer                           build/stm32f1xx_hal_dma.o
HAL_DMA_RegisterCallback                          build/stm32f1xx_hal_dma.o
HAL_DMA_Start                                     build/stm32f1xx_hal_dma.o
HAL_DMA_Start_IT                                  build/stm32f1xx_hal_dma.o
                                                  build/stm32f1xx_hal_uart.o
HAL_DMA_UnRegisterCallback                        build/stm32f1xx_hal_dma.o
HAL_DeInit                                        build/stm32f1xx_hal.o
HAL_Delay                                         build/stm32f1xx_hal.o
                                                  build/ili9341.o
                                                  build/main.o
HAL_FLASHEx_Erase                                 build/stm32f1xx_hal_flash_ex.o
HAL_FLASHEx_Erase_IT                              build/stm32f1xx_hal_flash_ex.o
HAL_FLASHEx_OBErase                               build/stm32f1xx_hal_flash_ex.o
HAL_FLASHEx_OBGetConfig                           build/stm32f1xx_hal_flash_ex.o
HAL_FLASHEx_OBGetUserData                         build/stm32f1xx_hal_flash_ex.o
HAL_FLASHEx_OBProgram                             build/stm32f1xx_hal_flash_ex.o
HAL_FLASH_EndOfOperationCallback                  build/stm32f1xx_hal_flash.o
HAL_FLASH_GetError                                build/stm32f1xx_hal_flash.o
HAL_FLASH_IRQHandler                              build/stm32f1xx_hal_flash.o
HAL_FLASH_Lock                                    build/stm32f1xx_hal_flash.o
HAL_FLASH_OB_Launch                               build/stm32f1xx_hal_flash.o
HAL_FLASH_OB_Lock                                 build/stm32f1xx_hal_flash.o
HAL_FLASH_OB_Unlock                               build/stm32f1xx_hal_flash.o
HAL_FLASH_OperationErrorCallback                  build/stm32f1xx_hal_flash.o
HAL_FLASH_Program                                 build/stm32f1xx_hal_flash.o
HAL_FLASH_Program_IT                              build/stm32f1xx_hal_flash.o
HAL_FLASH_Unlock                                  build/stm32f1xx_hal_flash.o
HAL_GPIOEx_ConfigEventout                         build/stm32f1xx_hal_gpio_ex.o
HAL_GPIOEx_DisableEventout                        build/stm32f1xx_hal_gpio_ex.o
HAL_GPIOEx_EnableEventout                         build/stm32f1xx_hal_gpio_ex.o
HAL_GPIO_DeInit                                   build/stm32f1xx_hal_gpio.o
                                                  build/stm32f1xx_hal_msp.o
HAL_GPIO_EXTI_Callback                            build/stm32f1xx_hal_gpio.o
HAL_GPIO_EXTI_IRQHandler                          build/stm32f1xx_hal_gpio.o
HAL_GPIO_Init                                     build/stm32f1xx_hal_gpio.o
                                                  build/ili9341.o
                                                  build/stm32f1xx_hal_rcc.o
                                                  build/stm32f1xx_hal_msp.o
                                                  build/main.o
HAL_GPIO_LockPin                                  build/stm32f1xx_hal_gpio.o
HAL_GPIO_ReadPin                                  build/stm32f1xx_hal_gpio.o
HAL_GPIO_TogglePin                                build/stm32f1xx_hal_gpio.o
                                                  build/input.o
HAL_GPIO_WritePin                                 build/stm32f1xx_hal_gpio.o
                                                  build/ili9341.o
                                                  build/main.o
HAL_GetDEVID                                      build/stm32f1xx_hal.o
HAL_GetHalVersion                                 build/stm32f1xx_hal.o
HAL_GetREVID                                      build/stm32f1xx_hal.o
HAL_GetTick                                       build/stm32f1xx_hal.o
                                                  build/emulator.o
                                                  build/stm32f1xx_hal_flash.o
                                                  build/stm32f1xx_hal_dma.o
                                                  build/stm32f1xx_hal_rcc_ex.o
                                                  build/stm32f1xx_hal_rcc.o
                                                  build/stm32f1xx_hal_uart.o
HAL_GetTickFreq                                   build/stm32f1xx_hal.o
HAL_GetTickPrio                                   build/stm32f1xx_hal.o
HAL_GetUID                                        build/stm32f1xx_hal.o
HAL_HalfDuplex_EnableReceiver                     build/stm32f1xx_hal_uart.o
HAL_HalfDuplex_EnableTransmitter                  build/stm32f1xx_hal_uart.o
HAL_HalfDuplex_Init                               build/stm32f1xx_hal_uart.o
HAL_IncTick                                       build/stm32f1xx_hal.o
                                                  build/stm32f1xx_it.o
HAL_Init                                          build/stm32f1xx_hal.o
                                                  build/main.o
HAL_InitTick                                      build/stm32f1xx_hal.o
                                                  build/stm32f1xx_hal_rcc.o
HAL_LIN_Init                                      build/stm32f1xx_hal_uart.o
HAL_LIN_SendBreak                                 build/stm32f1xx_hal_uart.o
HAL_MspDeInit                                     build/stm32f1xx_hal.o
HAL_MspInit                                       build/stm32f1xx_hal_msp.o
HAL_MultiProcessor_EnterMuteMode                  build/stm32f1xx_hal_uart.o
HAL_MultiProcessor_ExitMuteMode                   build/stm32f1xx_hal_uart.o
HAL_MultiProcessor_Init                           build/stm32f1xx_hal_uart.o
HAL_NVIC_ClearPendingIRQ                          build/stm32f1xx_hal_cortex.o
HAL_NVIC_DisableIRQ                               build/stm32f1xx_hal_cortex.o
                                                  build/stm32f1xx_hal_msp.o
HAL_NVIC_EnableIRQ                                build/stm32f1xx_hal_cortex.o
                                                  build/main.o
HAL_NVIC_GetActive                                build/stm32f1xx_hal_cortex.o
HAL_NVIC_GetPendingIRQ                            build/stm32f1xx_hal_cortex.o
HAL_NVIC_GetPriority                              build/stm32f1xx_hal_cortex.o
HAL_NVIC_GetPriorityGrouping                      build/stm32f1xx_hal_cortex.o
HAL_NVIC_SetPendingIRQ                            build/stm32f1xx_hal_cortex.o
HAL_NVIC_SetPriority                              build/stm32f1xx_hal_cortex.o
                                                  build/stm32f1xx_hal.o
                                                  build/stm32f1xx_hal_msp.o
                                                  build/main.o
HAL_NVIC_SetPriorityGrouping                      build/stm32f1xx_hal_cortex.o
                                                  build/stm32f1xx_hal.o
                                                  build/stm32f1xx_hal_msp.o
HAL_NVIC_SystemReset                              build/stm32f1xx_hal_cortex.o
                                                  build/stm32f1xx_hal_flash.o
HAL_PWR_ConfigPVD                                 build/stm32f1xx_hal_pwr.o
HAL_PWR_DeInit                                    build/stm32f1xx_hal_pwr.o
HAL_PWR_DisableBkUpAccess                         build/stm32f1xx_hal_pwr.o
HAL_PWR_DisablePVD                                build/stm32f1xx_hal_pwr.o
HAL_PWR_DisableSEVOnPend                          build/stm32f1xx_hal_pwr.o
HAL_PWR_DisableSleepOnExit                        build/stm32f1xx_hal_pwr.o
HAL_PWR_DisableWakeUpPin                          build/stm32f1xx_hal_pwr.o
HAL_PWR_EnableBkUpAccess                          build/stm32f1xx_hal_pwr.o
HAL_PWR_EnablePVD                                 build/stm32f1xx_hal_pwr.o
HAL_PWR_EnableSEVOnPend                           build/stm32f1xx_hal_pwr.o
HAL_PWR_EnableSleepOnExit                         build/stm32f1xx_hal_pwr.o
HAL_PWR_EnableWakeUpPin                           build/stm32f1xx_hal_pwr.o
HAL_PWR_EnterSLEEPMode                            build/stm32f1xx_hal_pwr.o
HAL_PWR_EnterSTANDBYMode                          build/stm32f1xx_hal_pwr.o
HAL_PWR_EnterSTOPMode                             build/stm32f1xx_hal_pwr.o
HAL_PWR_PVDCallback                               build/stm32f1xx_hal_pwr.o
HAL_PWR_PVD_IRQHandler                            build/stm32f1xx_hal_pwr.o
HAL_RCCEx_GetPeriphCLKConfig                      build/stm32f1xx_hal_rcc_ex.o
HAL_RCCEx_GetPeriphCLKFreq                        build/stm32f1xx_hal_rcc_ex.o
HAL_RCCEx_PeriphCLKConfig                         build/stm32f1xx_hal_rcc_ex.o
HAL_RCC_CSSCallback                               build/stm32f1xx_hal_rcc.o
HAL_RCC_ClockConfig                               build/stm32f1xx_hal_rcc.o
                                                  build/main.o
HAL_RCC_DeInit                                    build/stm32f1xx_hal_rcc.o
HAL_RCC_DisableCSS                                build/stm32f1xx_hal_rcc.o
HAL_RCC_EnableCSS                                 build/stm32f1xx_hal_rcc.o
HAL_RCC_GetClockConfig                            build/stm32f1xx_hal_rcc.o
HAL_RCC_GetHCLKFreq                               build/stm32f1xx_hal_rcc.o
                                                  build/main.o
HAL_RCC_GetOscConfig                              build/stm32f1xx_hal_rcc.o
HAL_RCC_GetPCLK1Freq                              build/stm32f1xx_hal_rcc.o
                                                  build/stm32f1xx_hal_uart.o
HAL_RCC_GetPCLK2Freq                              build/stm32f1xx_hal_rcc.o
                                                  build/stm32f1xx_hal_rcc_ex.o
                                                  build/stm32f1xx_hal_uart.o
HAL_RCC_GetSysClockFreq                           build/stm32f1xx_hal_rcc.o
HAL_RCC_MCOConfig                                 build/stm32f1xx_hal_rcc.o
HAL_RCC_NMI_IRQHandler                            build/stm32f1xx_hal_rcc.o
HAL_RCC_OscConfig                                 build/stm32f1xx_hal_rcc.o
                                                  build/main.o
HAL_ResumeTick                                    build/stm32f1xx_hal.o
HAL_SYSTICK_CLKSourceConfig                       build/stm32f1xx_hal_cortex.o
                                                  build/main.o
HAL_SYSTICK_Callback                              build/stm32f1xx_hal_cortex.o
HAL_SYSTICK_Config                                build/stm32f1xx_hal_cortex.o
                                                  build/stm32f1xx_hal.o
                                                  build/main.o
HAL_SYSTICK_IRQHandler                            build/stm32f1xx_hal_cortex.o
                                                  build/stm32f1xx_it.o
HAL_SetTickFreq                                   build/stm32f1xx_hal.o
HAL_SuspendTick                                   build/stm32f1xx_hal.o
HAL_UART_Abort                                    build/stm32f1xx_hal_uart.o
HAL_UART_AbortCpltCallback                        build/stm32f1xx_hal_uart.o
HAL_UART_AbortReceive                             build/stm32f1xx_hal_uart.o
HAL_UART_AbortReceiveCpltCallback                 build/stm32f1xx_hal_uart.o
HAL_UART_AbortReceive_IT                          build/stm32f1xx_hal_uart.o
HAL_UART_AbortTransmit                            build/stm32f1xx_hal_uart.o
HAL_UART_AbortTransmitCpltCallback                build/stm32f1xx_hal_uart.o
HAL_UART_AbortTransmit_IT                         build/stm32f1xx_hal_uart.o
HAL_UART_Abort_IT                                 build/stm32f1xx_hal_uart.o
HAL_UART_DMAPause                                 build/stm32f1xx_hal_uart.o
HAL_UART_DMAResume                                build/stm32f1xx_hal_uart.o
HAL_UART_DMAStop                                  build/stm32f1xx_hal_uart.o
HAL_UART_DeInit                                   build/stm32f1xx_hal_uart.o
HAL_UART_ErrorCallback                            build/stm32f1xx_hal_uart.o
HAL_UART_GetError                                 build/stm32f1xx_hal_uart.o
HAL_UART_GetState                                 build/stm32f1xx_hal_uart.o
HAL_UART_IRQHandler                               build/stm32f1xx_hal_uart.o
                                                  build/stm32f1xx_it.o
HAL_UART_Init                                     build/stm32f1xx_hal_uart.o
                                                  build/main.o
HAL_UART_MspDeInit                                build/stm32f1xx_hal_msp.o
HAL_UART_MspInit                                  build/stm32f1xx_hal_msp.o
HAL_UART_Receive                                  build/stm32f1xx_hal_uart.o
HAL_UART_Receive_DMA                              build/stm32f1xx_hal_uart.o
                                                  build/input.o
HAL_UART_Receive_IT                               build/stm32f1xx_hal_uart.o
HAL_UART_RxCpltCallback                           build/stm32f1xx_hal_uart.o
HAL_UART_RxHalfCpltCallback                       build/stm32f1xx_hal_uart.o
HAL_UART_Transmit                                 build/stm32f1xx_hal_uart.o
                                                  build/logger.o
HAL_UART_Transmit_DMA                             build/stm32f1xx_hal_uart.o
HAL_UART_Transmit_IT                              build/stm32f1xx_hal_uart.o
HAL_UART_TxCpltCallback                           build/stm32f1xx_hal_uart.o
HAL_UART_TxHalfCpltCallback                       build/stm32f1xx_hal_uart.o
HardFault_Handler                                 build/stm32f1xx_it.o
I2C1_ER_IRQHandler                                build/startup_stm32f103xb.o
I2C1_EV_IRQHandler                                build/startup_stm32f103xb.o
I2C2_ER_IRQHandler                                build/startup_stm32f103xb.o
I2C2_EV_IRQHandler                                build/startup_stm32f103xb.o
MemManage_Handler                                 build/stm32f1xx_it.o
NMI_Handler                                       build/stm32f1xx_it.o
Nether_Earth__1987__Argus_Press_Software__a__z80  build/main.o
Nether_Earth__1987__Argus_Press_Software__a__z80_len build/main.o
PVD_IRQHandler                                    build/startup_stm32f103xb.o
PendSV_Handler                                    build/stm32f1xx_it.o
RCC_IRQHandler                                    build/startup_stm32f103xb.o
RTC_Alarm_IRQHandler                              build/startup_stm32f103xb.o
RTC_IRQHandler                                    build/startup_stm32f103xb.o