Archive member included to satisfy reference by file (symbol)

/usr/lib/gcc/arm-none-eabi/9.2.1/../../../arm-none-eabi/lib/thumb/v7e-m+fp/hard/libc_nano.a(lib_a-atexit.o)
                              /usr/lib/gcc/arm-none-eabi/9.2.1/../../../arm-none-eabi/lib/thumb/v7e-m+fp/hard/crt0.o (atexit)
/usr/lib/gcc/arm-none-eabi/9.2.1/../../../arm-none-eabi/lib/thumb/v7e-m+fp/hard/libc_nano.a(lib_a-exit.o)
                              /usr/lib/gcc/arm-none-eabi/9.2.1/../../../arm-none-eabi/lib/thumb/v7e-m+fp/hard/crt0.o (exit)
/usr/lib/gcc/arm-none-eabi/9.2.1/../../../arm-none-eabi/lib/thumb/v7e-m+fp/hard/libc_nano.a(lib_a-fini.o)
                              /usr/lib/gcc/arm-none-eabi/9.2.1/../../../arm-none-eabi/lib/thumb/v7e-m+fp/hard/crt0.o (__libc_fini_array)
/usr/lib/gcc/arm-none-eabi/9.2.1/../../../arm-none-eabi/lib/thumb/v7e-m+fp/hard/libc_nano.a(lib_a-impure.o)
                              /usr/lib/gcc/arm-none-eabi/9.2.1/../../../arm-none-eabi/lib/thumb/v7e-m+fp/hard/libc_nano.a(lib_a-exit.o) (_global_impure_ptr)
/usr/lib/gcc/arm-none-eabi/9.2.1/../../../arm-none-eabi/lib/thumb/v7e-m+fp/hard/libc_nano.a(lib_a-init.o)
                              /usr/lib/gcc/arm-none-eabi/9.2.1/../../../arm-none-eabi/lib/thumb/v7e-m+fp/hard/crt0.o (__libc_init_array)
/usr/lib/gcc/arm-none-eabi/9.2.1/../../../arm-none-eabi/lib/thumb/v7e-m+fp/hard/libc_nano.a(lib_a-memset.o)
                              /usr/lib/gcc/arm-none-eabi/9.2.1/../../../arm-none-eabi/lib/thumb/v7e-m+fp/hard/crt0.o (memset)
/usr/lib/gcc/arm-none-eabi/9.2.1/../../../arm-none-eabi/lib/thumb/v7e-m+fp/hard/libc_nano.a(lib_a-vsnprintf.o)
                              build/logger.o (vsnprintf)
/usr/lib/gcc/arm-none-eabi/9.2.1/../../../arm-none-eabi/lib/thumb/v7e-m+fp/hard/libc_nano.a(lib_a-__atexit.o)
                              /usr/lib/gcc/arm-none-eabi/9.2.1/../../../arm-none-eabi/lib/thumb/v7e-m+fp/hard/libc_nano.a(lib_a-atexit.o) (__register_exitproc)
/usr/lib/gcc/arm-none-eabi/9.2.1/../../../arm-none-eabi/lib/thumb/v7e-m+fp/hard/libc_nano.a(lib_a-__call_atexit.o)
                              /usr/lib/gcc/arm-none-eabi/9.2.1/../../../arm-none-eabi/lib/thumb/v7e-m+fp/hard/libc_nano.a(lib_a-__atexit.o) (__call_exitprocs)
/usr/lib/gcc/arm-none-eabi/9.2.1/../../../arm-none-eabi/lib/thumb/v7e-m+fp/hard/libc_nano.a(lib_a-nano-svfprintf.o)
                              /usr/lib/gcc/arm-none-eabi/9.2.1/../../../arm-none-eabi/lib/thumb/v7e-m+fp/hard/libc_nano.a(lib_a-vsnprintf.o) (_svfprintf_r)
/usr/lib/gcc/arm-none-eabi/9.2.1/../../../arm-none-eabi/lib/thumb/v7e-m+fp/hard/libc_nano.a(lib_a-nano-vfprintf_i.o)
                              /usr/lib/gcc/arm-none-eabi/9.2.1/../../../arm-none-eabi/lib/thumb/v7e-m+fp/hard/libc_nano.a(lib_a-nano-svfprintf.o) (_printf_i)
/usr/lib/gcc/arm-none-eabi/9.2.1/../../../arm-none-eabi/lib/thumb/v7e-m+fp/hard/libc_nano.a(lib_a-memchr.o)
                              /usr/lib/gcc/arm-none-eabi/9.2.1/../../../arm-none-eabi/lib/thumb/v7e-m+fp/hard/libc_nano.a(lib_a-nano-svfprintf.o) (memchr)
/usr/lib/gcc/arm-none-eabi/9.2.1/../../../arm-none-eabi/lib/thumb/v7e-m+fp/hard/libc_nano.a(lib_a-memcpy.o)
                              /usr/lib/gcc/arm-none-eabi/9.2.1/../../../arm-none-eabi/lib/thumb/v7e-m+fp/hard/libc_nano.a(lib_a-nano-svfprintf.o) (memcpy)
/usr/lib/gcc/arm-none-eabi/9.2.1/../../../arm-none-eabi/lib/thumb/v7e-m+fp/hard/libc_nano.a(lib_a-memmove.o)
                              /usr/lib/gcc/arm-none-eabi/9.2.1/../../../arm-none-eabi/lib/thumb/v7e-m+fp/hard/libc_nano.a(lib_a-nano-svfprintf.o) (memmove)
/usr/lib/gcc/arm-none-eabi/9.2.1/../../../arm-none-eabi/lib/thumb/v7e-m+fp/hard/libc_nano.a(lib_a-nano-freer.o)
                              /usr/lib/gcc/arm-none-eabi/9.2.1/../../../arm-none-eabi/lib/thumb/v7e-m+fp/hard/libc_nano.a(lib_a-nano-svfprintf.o) (_free_r)
/usr/lib/gcc/arm-none-eabi/9.2.1/../../../arm-none-eabi/lib/thumb/v7e-m+fp/hard/libc_nano.a(lib_a-nano-mallocr.o)
                              /usr/lib/gcc/arm-none-eabi/9.2.1/../../../arm-none-eabi/lib/thumb/v7e-m+fp/hard/libc_nano.a(lib_a-nano-svfprintf.o) (_malloc_r)
/usr/lib/gcc/arm-none-eabi/9.2.1/../../../arm-none-eabi/lib/thumb/v7e-m+fp/hard/libc_nano.a(lib_a-nano-reallocr.o)
                              /usr/lib/gcc/arm-none-eabi/9.2.1/../../../arm-none-eabi/lib/thumb/v7e-m+fp/hard/libc_nano.a(lib_a-nano-svfprintf.o) (_realloc_r)
/usr/lib/gcc/arm-none-eabi/9.2.1/../../../arm-none-eabi/lib/thumb/v7e-m+fp/hard/libc_nano.a(lib_a-sbrkr.o)
                              /usr/lib/gcc/arm-none-eabi/9.2.1/../../../arm-none-eabi/lib/thumb/v7e-m+fp/hard/libc_nano.a(lib_a-nano-mallocr.o) (_sbrk_r)
/usr/lib/gcc/arm-none-eabi/9.2.1/../../../arm-none-eabi/lib/thumb/v7e-m+fp/hard/libc_nano.a(lib_a-mlock.o)
                              /usr/lib/gcc/arm-none-eabi/9.2.1/../../../arm-none-eabi/lib/thumb/v7e-m+fp/hard/libc_nano.a(lib_a-nano-freer.o) (__malloc_lock)
[...]
Memory Configuration

Name             Origin             Length             Attributes
RAM              0x0000000020000000 0x0000000000020000 xrw
CCMRAM           0x0000000010000000 0x0000000000010000 rw
FLASH            0x0000000008000000 0x0000000000080000 xr
*default*        0x0000000000000000 0xffffffffffffffff

Linker script and memory map

LOAD /usr/lib/gcc/arm-none-eabi/9.2.1/thumb/v7e-m+fp/hard/crti.o
LOAD /usr/lib/gcc/arm-none-eabi/9.2.1/thumb/v7e-m+fp/hard/crtbegin.o
LOAD /usr/lib/gcc/arm-none-eabi/9.2.1/../../../arm-none-eabi/lib/thumb/v7e-m+fp/hard/crt0.o
LOAD build/main.o
LOAD build/gpio.o
LOAD build/stm32f4xx_it.o
LOAD build/stm32f4xx_hal_msp.o
LOAD build/stm32f4xx_hal_tim.o
LOAD build/stm32f4xx_hal_tim_ex.o
LOAD build/stm32f4xx_hal_rcc.o
LOAD build/stm32f4xx_hal_rcc_ex.o
LOAD build/stm32f4xx_hal_flash.o
LOAD build/stm32f4xx_hal_flash_ex.o
LOAD build/stm32f4xx_hal_flash_ramfunc.o
LOAD build/stm32f4xx_hal_gpio.o
LOAD build/stm32f4xx_hal_dma_ex.o
LOAD build/stm32f4xx_hal_dma.o
LOAD build/stm32f4xx_hal_pwr.o
LOAD build/stm32f4xx_hal_pwr_ex.o
LOAD build/stm32f4xx_hal_cortex.o
LOAD build/stm32f4xx_hal.o
LOAD build/system_stm32f4xx.o
LOAD build/usart.o
LOAD build/stm32f4xx_hal_uart.o
LOAD build/fsmc.o
LOAD build/stm32f4xx_ll_fsmc.o
LOAD build/stm32f4xx_hal_sram.o
LOAD build/dma.o
LOAD build/stm32f4xx_hal_timebase_TIM.o
LOAD build/logger.o
LOAD build/display.o
LOAD build/emulator.o
LOAD build/z80emu.o
LOAD build/mem.o
LOAD build/screen.o
LOAD build/input.o
LOAD build/snapshot.o
LOAD build/keyboard.o
LOAD build/startup_stm32f407xx.o
LOAD /usr/lib/gcc/arm-none-eabi/9.2.1/../../../arm-none-eabi/lib/thumb/v7e-m+fp/hard/libc_nano.a
LOAD /usr/lib/gcc/arm-none-eabi/9.2.1/../../../arm-none-eabi/lib/thumb/v7e-m+fp/hard/libm.a
LOAD /usr/lib/gcc/arm-none-eabi/9.2.1/../../../arm-none-eabi/lib/thumb/v7e-m+fp/hard/libnosys.a
START GROUP
LOAD /usr/lib/gcc/arm-none-eabi/9.2.1/thumb/v7e-m+fp/hard/libgcc.a
LOAD /usr/lib/gcc/arm-none-eabi/9.2.1/../../../arm-none-eabi/lib/thumb/v7e-m+fp/hard/libc_nano.a
END GROUP
START GROUP
LOAD /usr/lib/gcc/arm-none-eabi/9.2.1/thumb/v7e-m+fp/hard/libgcc.a
LOAD /usr/lib/gcc/arm-none-eabi/9.2.1/../../../arm-none-eabi/lib/thumb/v7e-m+fp/hard/libc_nano.a
END GROUP
LOAD /usr/lib/gcc/arm-none-eabi/9.2.1/thumb/v7e-m+fp/hard/crtend.o
LOAD /usr/lib/gcc/arm-none-eabi/9.2.1/thumb/v7e-m+fp/hard/crtn.o
                0x0000000020020000                _estack = 0x20020000
                0x0000000000000200                _Min_Heap_Size = 0x200
                0x0000000000000400                _Min_Stack_Size = 0x400

.isr_vector     0x0000000008000000      0x188
                0x0000000008000000                . = ALIGN (0x4)
 *(.isr_vector)
 .isr_vector    0x0000000008000000      0x188 build/startup_stm32f407xx.o
                0x0000000008000000                g_pfnVectors
                0x0000000008000188                . = ALIGN (0x4)

.text           0x0000000008000190     0x5cb4
                0x0000000008000190                . = ALIGN (0x4)
 *(.text)
 .text          0x0000000008000190       0x88 /usr/lib/gcc/arm-none-eabi/9.2.1/thumb/v7e-m+fp/hard/crtbegin.o
 .text          0x0000000008000218       0x48 /usr/lib/gcc/arm-none-eabi/9.2.1/../../../arm-none-eabi/lib/thumb/v7e-m+fp/hard/libc_nano.a(lib_a-init.o)
                0x0000000008000218                __libc_init_array
 .text          0x0000000008000260       0x88 /usr/lib/gcc/arm-none-eabi/9.2.1/../../../arm-none-eabi/lib/thumb/v7e-m+fp/hard/libc_nano.a(lib_a-vsnprintf.o)
                0x0000000008000260                _vsnprintf_r
                0x0000000008000260                _vsniprintf_r
                0x00000000080002cc                vsnprintf
                0x00000000080002cc                vsniprintf
 .text          0x00000000080002e8      0x42c /usr/lib/gcc/arm-none-eabi/9.2.1/../../../arm-none-eabi/lib/thumb/v7e-m+fp/hard/libc_nano.a(lib_a-nano-svfprintf.o)
                0x00000000080002e8                __ssputs_r
                0x00000000080003a8                __ssprint_r
                0x00000000080004a0                _svfprintf_r
                0x00000000080004a0                _svfiprintf_r
 .text          0x0000000008000714      0x3c4 /usr/lib/gcc/arm-none-eabi/9.2.1/../../../arm-none-eabi/lib/thumb/v7e-m+fp/hard/libc_nano.a(lib_a-nano-vfprintf_i.o)
                0x0000000008000714                _printf_common
                0x0000000008000840                _printf_i
 *fill*         0x0000000008000ad8        0x8 
 .text          0x0000000008000ae0       0xa0 /usr/lib/gcc/arm-none-eabi/9.2.1/../../../arm-none-eabi/lib/thumb/v7e-m+fp/hard/libc_nano.a(lib_a-memchr.o)
                0x0000000008000ae0                memchr
 .text          0x0000000008000b80      0x134 /usr/lib/gcc/arm-none-eabi/9.2.1/../../../arm-none-eabi/lib/thumb/v7e-m+fp/hard/libc_nano.a(lib_a-memcpy.o)
                0x0000000008000b80                memcpy
 .text          0x0000000008000cb4       0xd0 /usr/lib/gcc/arm-none-eabi/9.2.1/../../../arm-none-eabi/lib/thumb/v7e-m+fp/hard/libc_nano.a(lib_a-memmove.o)
                0x0000000008000cb4                memmove
 .text          0x0000000008000d84       0xac /usr/lib/gcc/arm-none-eabi/9.2.1/../../../arm-none-eabi/lib/thumb/v7e-m+fp/hard/libc_nano.a(lib_a-nano-freer.o)
                0x0000000008000d84                _free_r
 .text          0x0000000008000e30       0xc8 /usr/lib/gcc/arm-none-eabi/9.2.1/../../../arm-none-eabi/lib/thumb/v7e-m+fp/hard/libc_nano.a(lib_a-nano-mallocr.o)
                0x0000000008000e30                _malloc_r
 .text          0x0000000008000ef8       0x4c /usr/lib/gcc/arm-none-eabi/9.2.1/../../../arm-none-eabi/lib/thumb/v7e-m+fp/hard/libc_nano.a(lib_a-nano-reallocr.o)
                0x0000000008000ef8                _realloc_r
 .text          0x0000000008000f44       0x24 /usr/lib/gcc/arm-none-eabi/9.2.1/../../../arm-none-eabi/lib/thumb/v7e-m+fp/hard/libc_nano.a(lib_a-sbrkr.o)
                0x0000000008000f44                _sbrk_r
 .text          0x0000000008000f68        0x8 /usr/lib/gcc/arm-none-eabi/9.2.1/../../../arm-none-eabi/lib/thumb/v7e-m+fp/hard/libc_nano.a(lib_a-mlock.o)
                0x0000000008000f68                __malloc_lock
                0x0000000008000f6c                __malloc_unlock
 .text          0x0000000008000f70       0x10 /usr/lib/gcc/arm-none-eabi/9.2.1/../../../arm-none-eabi/lib/thumb/v7e-m+fp/hard/libc_nano.a(lib_a-nano-msizer.o)
                0x0000000008000f70                _malloc_usable_size_r
 .text          0x0000000008000f80       0x1c /usr/lib/gcc/arm-none-eabi/9.2.1/../../../arm-none-eabi/lib/thumb/v7e-m+fp/hard/libnosys.a(sbrk.o)
                0x0000000008000f80                _sbrk
 .text          0x0000000008000f9c       0x30 /usr/lib/gcc/arm-none-eabi/9.2.1/thumb/v7e-m+fp/hard/libgcc.a(_aeabi_uldivmod.o)
                0x0000000008000f9c                __aeabi_uldivmod
 .text          0x0000000008000fcc      0x2c4 /usr/lib/gcc/arm-none-eabi/9.2.1/thumb/v7e-m+fp/hard/libgcc.a(_udivmoddi4.o)
                0x0000000008000fcc                __udivmoddi4
 .text          0x0000000008001290        0x4 /usr/lib/gcc/arm-none-eabi/9.2.1/thumb/v7e-m+fp/hard/libgcc.a(_dvmd_tls.o)
                0x0000000008001290                __aeabi_ldiv0
                0x0000000008001290                __aeabi_idiv0
 *(.text*)
 .text.HAL_TIM_PeriodElapsedCallback
                0x0000000008001294       0x18 build/main.o
                0x0000000008001294                HAL_TIM_PeriodElapsedCallback
 .text._Error_Handler
                0x00000000080012ac       0x14 build/main.o
                0x00000000080012ac                _Error_Handler
 .text.SystemClock_Config
                0x00000000080012c0       0xc4 build/main.o
                0x00000000080012c0                SystemClock_Config
 .text.main     0x0000000008001384       0x94 build/main.o
                0x0000000008001384                main
 .text.MX_GPIO_Init
                0x0000000008001418      0x140 build/gpio.o
                0x0000000008001418                MX_GPIO_Init
 .text.NMI_Handler
                0x0000000008001558        0x2 build/stm32f4xx_it.o
                0x0000000008001558                NMI_Handler
 .text.HardFault_Handler
                0x000000000800155a        0x2 build/stm32f4xx_it.o
                0x000000000800155a                HardFault_Handler
 .text.MemManage_Handler
                0x000000000800155c        0x2 build/stm32f4xx_it.o
                0x000000000800155c                MemManage_Handler
 .text.BusFault_Handler
                0x000000000800155e        0x2 build/stm32f4xx_it.o
                0x000000000800155e                BusFault_Handler
 .text.UsageFault_Handler
                0x0000000008001560        0x2 build/stm32f4xx_it.o
                0x0000000008001560                UsageFault_Handler
 .text.SVC_Handler
                0x0000000008001562        0x2 build/stm32f4xx_it.o
                0x0000000008001562                SVC_Handler
 .text.DebugMon_Handler
                0x0000000008001564        0x2 build/stm32f4xx_it.o
                0x0000000008001564                DebugMon_Handler
 .text.PendSV_Handler
                0x0000000008001566        0x2 build/stm32f4xx_it.o
                0x0000000008001566                PendSV_Handler
 .text.SysTick_Handler
                0x0000000008001568        0x8 build/stm32f4xx_it.o
                0x0000000008001568                SysTick_Handler
 .text.TIM1_UP_TIM10_IRQHandler
                0x0000000008001570       0x10 build/stm32f4xx_it.o
                0x0000000008001570                TIM1_UP_TIM10_IRQHandler
 .text.DMA2_Stream2_IRQHandler
                0x0000000008001580       0x10 build/stm32f4xx_it.o
                0x0000000008001580                DMA2_Stream2_IRQHandler
 .text.HAL_MspInit
                0x0000000008001590       0x94 build/stm32f4xx_hal_msp.o
                0x0000000008001590                HAL_MspInit
 .text.HAL_TIM_Base_MspInit
                0x0000000008001624        0x2 build/stm32f4xx_hal_tim.o
                0x0000000008001624                HAL_TIM_Base_MspInit
 .text.HAL_TIM_Base_Start_IT
                0x0000000008001626       0x18 build/stm32f4xx_hal_tim.o
                0x0000000008001626                HAL_TIM_Base_Start_IT
 .text.HAL_TIM_OC_DelayElapsedCallback
                0x000000000800163e        0x2 build/stm32f4xx_hal_tim.o
                0x000000000800163e                HAL_TIM_OC_DelayElapsedCallback
 .text.HAL_TIM_IC_CaptureCallback
                0x0000000008001640        0x2 build/stm32f4xx_hal_tim.o
                0x0000000008001640                HAL_TIM_IC_CaptureCallback
 .text.HAL_TIM_PWM_PulseFinishedCallback
                0x0000000008001642        0x2 build/stm32f4xx_hal_tim.o
                0x0000000008001642                HAL_TIM_PWM_PulseFinishedCallback
 .text.HAL_TIM_TriggerCallback
                0x0000000008001644        0x2 build/stm32f4xx_hal_tim.o
                0x0000000008001644                HAL_TIM_TriggerCallback
 .text.HAL_TIM_IRQHandler
                0x0000000008001646      0x17a build/stm32f4xx_hal_tim.o
                0x0000000008001646                HAL_TIM_IRQHandler
 .text.TIM_Base_SetConfig
                0x00000000080017c0       0xc0 build/stm32f4xx_hal_tim.o
                0x00000000080017c0                TIM_Base_SetConfig
 .text.HAL_TIM_Base_Init
                0x0000000008001880       0x34 build/stm32f4xx_hal_tim.o
                0x0000000008001880                HAL_TIM_Base_Init
 .text.HAL_TIMEx_CommutationCallback
                0x00000000080018b4        0x2 build/stm32f4xx_hal_tim_ex.o
                0x00000000080018b4                HAL_TIMEx_CommutationCallback
 .text.HAL_TIMEx_BreakCallback
                0x00000000080018b6        0x2 build/stm32f4xx_hal_tim_ex.o
                0x00000000080018b6                HAL_TIMEx_BreakCallback
 .text.HAL_RCC_OscConfig
                0x00000000080018b8      0x398 build/stm32f4xx_hal_rcc.o
                0x00000000080018b8                HAL_RCC_OscConfig
 .text.HAL_RCC_GetSysClockFreq
                0x0000000008001c50       0xcc build/stm32f4xx_hal_rcc.o
                0x0000000008001c50                HAL_RCC_GetSysClockFreq
 .text.HAL_RCC_ClockConfig
                0x0000000008001d1c      0x15c build/stm32f4xx_hal_rcc.o
                0x0000000008001d1c                HAL_RCC_ClockConfig
 .text.HAL_RCC_GetHCLKFreq
                0x0000000008001e78        0xc build/stm32f4xx_hal_rcc.o
                0x0000000008001e78                HAL_RCC_GetHCLKFreq
 .text.HAL_RCC_GetPCLK1Freq
                0x0000000008001e84       0x20 build/stm32f4xx_hal_rcc.o
                0x0000000008001e84                HAL_RCC_GetPCLK1Freq
 .text.HAL_RCC_GetPCLK2Freq
                0x0000000008001ea4       0x20 build/stm32f4xx_hal_rcc.o
                0x0000000008001ea4                HAL_RCC_GetPCLK2Freq
 .text.HAL_RCC_GetClockConfig
                0x0000000008001ec4       0x3c build/stm32f4xx_hal_rcc.o
                0x0000000008001ec4                HAL_RCC_GetClockConfig
 .text.HAL_GPIO_Init
                0x0000000008001f00      0x1cc build/stm32f4xx_hal_gpio.o
                0x0000000008001f00                HAL_GPIO_Init
 .text.HAL_GPIO_WritePin
                0x00000000080020cc        0xc build/stm32f4xx_hal_gpio.o
                0x00000000080020cc                HAL_GPIO_WritePin
 .text.HAL_GPIO_TogglePin
                0x00000000080020d8        0x8 build/stm32f4xx_hal_gpio.o
                0x00000000080020d8                HAL_GPIO_TogglePin
 .text.DMA_CalcBaseAndBitshift
                0x00000000080020e0       0x44 build/stm32f4xx_hal_dma.o
 .text.DMA_CheckFifoParam
                0x0000000008002124       0x8e build/stm32f4xx_hal_dma.o
 *fill*         0x00000000080021b2        0x2 
 .text.HAL_DMA_Init
                0x00000000080021b4       0xcc build/stm32f4xx_hal_dma.o
                0x00000000080021b4                HAL_DMA_Init
 .text.HAL_DMA_IRQHandler
                0x0000000008002280      0x1dc build/stm32f4xx_hal_dma.o
                0x0000000008002280                HAL_DMA_IRQHandler
 .text.HAL_NVIC_SetPriorityGrouping
                0x000000000800245c       0x24 build/stm32f4xx_hal_cortex.o
                0x000000000800245c                HAL_NVIC_SetPriorityGrouping
 .text.HAL_NVIC_SetPriority
                0x0000000008002480       0x68 build/stm32f4xx_hal_cortex.o
                0x0000000008002480                HAL_NVIC_SetPriority
 .text.HAL_NVIC_EnableIRQ
                0x00000000080024e8       0x18 build/stm32f4xx_hal_cortex.o
                0x00000000080024e8                HAL_NVIC_EnableIRQ
 .text.HAL_SYSTICK_Config
                0x0000000008002500       0x2c build/stm32f4xx_hal_cortex.o
                0x0000000008002500                HAL_SYSTICK_Config
 .text.HAL_SYSTICK_CLKSourceConfig
                0x000000000800252c       0x20 build/stm32f4xx_hal_cortex.o
                0x000000000800252c                HAL_SYSTICK_CLKSourceConfig
 .text.HAL_SYSTICK_Callback
                0x000000000800254c        0x2 build/stm32f4xx_hal_cortex.o
                0x000000000800254c                HAL_SYSTICK_Callback
 .text.HAL_SYSTICK_IRQHandler
                0x000000000800254e        0x8 build/stm32f4xx_hal_cortex.o
                0x000000000800254e                HAL_SYSTICK_IRQHandler
 *fill*         0x0000000008002556        0x2 
 .text.HAL_Init
                0x0000000008002558       0x34 build/stm32f4xx_hal.o
                0x0000000008002558                HAL_Init
 .text.HAL_IncTick
                0x000000000800258c       0x18 build/stm32f4xx_hal.o
                0x000000000800258c                HAL_IncTick
 .text.HAL_GetTick
                0x00000000080025a4        0xc build/stm32f4xx_hal.o
                0x00000000080025a4                HAL_GetTick
 .text.HAL_Delay
                0x00000000080025b0       0x28 build/stm32f4xx_hal.o
                0x00000000080025b0                HAL_Delay
 .text.SystemInit
                0x00000000080025d8       0x4c build/system_stm32f4xx.o
                0x00000000080025d8                SystemInit
 .text.MX_USART1_UART_Init
                0x0000000008002624       0x3c build/usart.o
                0x0000000008002624                MX_USART1_UART_Init
 .text.HAL_UART_MspInit
                0x0000000008002660       0xa0 build/usart.o
                0x0000000008002660                HAL_UART_MspInit
 .text.UART_SetConfig
                0x0000000008002700      0x334 build/stm32f4xx_hal_uart.o
 .text.UART_WaitOnFlagUntilTimeout
                0x0000000008002a34       0x68 build/stm32f4xx_hal_uart.o
 .text.HAL_UART_Init
                0x0000000008002a9c       0x5e build/stm32f4xx_hal_uart.o
                0x0000000008002a9c                HAL_UART_Init
 .text.HAL_UART_Transmit
                0x0000000008002afa       0xe0 build/stm32f4xx_hal_uart.o
                0x0000000008002afa                HAL_UART_Transmit
 *fill*         0x0000000008002bda        0x2 
 .text.HAL_FSMC_MspInit
                0x0000000008002bdc       0x70 build/fsmc.o
 .text.MX_FSMC_Init
                0x0000000008002c4c       0x6c build/fsmc.o
                0x0000000008002c4c                MX_FSMC_Init
 .text.HAL_SRAM_MspInit
                0x0000000008002cb8        0x8 build/fsmc.o
                0x0000000008002cb8                HAL_SRAM_MspInit
 .text.FSMC_NORSRAM_Init
                0x0000000008002cc0       0x5c build/stm32f4xx_ll_fsmc.o
                0x0000000008002cc0                FSMC_NORSRAM_Init
 .text.FSMC_NORSRAM_Timing_Init
                0x0000000008002d1c       0x40 build/stm32f4xx_ll_fsmc.o
                0x0000000008002d1c                FSMC_NORSRAM_Timing_Init
 .text.FSMC_NORSRAM_Extended_Timing_Init
                0x0000000008002d5c       0x44 build/stm32f4xx_ll_fsmc.o
                0x0000000008002d5c                FSMC_NORSRAM_Extended_Timing_Init
 .text.HAL_SRAM_Init
                0x0000000008002da0       0x52 build/stm32f4xx_hal_sram.o
                0x0000000008002da0                HAL_SRAM_Init
 *fill*         0x0000000008002df2        0x2 
 .text.MX_DMA_Init
                0x0000000008002df4       0x34 build/dma.o
                0x0000000008002df4                MX_DMA_Init
 .text.HAL_InitTick
                0x0000000008002e28       0x7c build/stm32f4xx_hal_timebase_TIM.o
                0x0000000008002e28                HAL_InitTick
 .text.logger   0x0000000008002ea4       0x3c build/logger.o
                0x0000000008002ea4                logger
 .text.display_set_window
                0x0000000008002ee0       0x48 build/display.o
 .text.display_reset
                0x0000000008002f28       0x30 build/display.o
                0x0000000008002f28                display_reset
 .text.display_set_orientation
                0x0000000008002f58       0x40 build/display.o
                0x0000000008002f58                display_set_orientation
 .text.display_fill_area
                0x0000000008002f98       0x34 build/display.o
                0x0000000008002f98                display_fill_area
 .text.display_init
                0x0000000008002fcc       0x8c build/display.o
                0x0000000008002fcc                display_init
 .text.display_8x8block_draw
                0x0000000008003058       0x3c build/display.o
                0x0000000008003058                display_8x8block_draw
 .text.emulator_init
                0x0000000008003094       0x4c build/emulator.o
                0x0000000008003094                emulator_init
 .text.emulator_loop
                0x00000000080030e0       0x68 build/emulator.o
                0x00000000080030e0                emulator_loop
 .text.emulator_cpu_state_get
                0x0000000008003148        0x8 build/emulator.o
                0x0000000008003148                emulator_cpu_state_get
 .text.emulate  0x0000000008003150     0x209c build/z80emu.o
 .text.Z80Reset
                0x00000000080051ec       0xb6 build/z80emu.o
                0x00000000080051ec                Z80Reset
 .text.Z80Interrupt
                0x00000000080052a2       0x74 build/z80emu.o
                0x00000000080052a2                Z80Interrupt
 .text.Z80Emulate
                0x0000000008005316       0x34 build/z80emu.o
                0x0000000008005316                Z80Emulate
 *fill*         0x000000000800534a        0x2 
 .text.mem_readbyte
                0x000000000800534c       0x2c build/mem.o
                0x000000000800534c                mem_readbyte
 .text.mem_readword
                0x0000000008005378       0x1c build/mem.o
                0x0000000008005378                mem_readword
 .text.mem_writebyte
                0x0000000008005394       0x24 build/mem.o
                0x0000000008005394                mem_writebyte
 .text.mem_writeword
                0x00000000080053b8       0x18 build/mem.o
                0x00000000080053b8                mem_writeword
 .text.mem_input
                0x00000000080053d0       0x54 build/mem.o
                0x00000000080053d0                mem_input
 .text.mem_output
                0x0000000008005424       0x12 build/mem.o
                0x0000000008005424                mem_output
 *fill*         0x0000000008005436        0x2 
 .text.screen_mem_write
                0x0000000008005438       0x64 build/screen.o
                0x0000000008005438                screen_mem_write
 .text.screen_mem_read
                0x000000000800549c       0x64 build/screen.o
                0x000000000800549c                screen_mem_read
 .text.screen_char_get
                0x0000000008005500       0x6c build/screen.o
                0x0000000008005500                screen_char_get
 .text.screen_draw
                0x000000000800556c       0x86 build/screen.o
                0x000000000800556c                screen_draw
 *fill*         0x00000000080055f2        0x2 
 .text.screen_draw_border
                0x00000000080055f4       0x9c build/screen.o
                0x00000000080055f4                screen_draw_border
 .text.input_key_init
                0x0000000008005690       0x10 build/input.o
                0x0000000008005690                input_key_init
 .text.input_key_get
                0x00000000080056a0       0xf0 build/input.o
                0x00000000080056a0                input_key_get
 .text.input_key_set
                0x0000000008005790      0x3b0 build/input.o
                0x0000000008005790                input_key_set
 .text.snapshot_decompression
                0x0000000008005b40       0xa0 build/snapshot.o
 .text.snapshot_set_state
                0x0000000008005be0       0x90 build/snapshot.o
 .text.snapshot_load
                0x0000000008005c70       0xfc build/snapshot.o
                0x0000000008005c70                snapshot_load
 .text.keyboard_scan
                0x0000000008005d6c       0x6c build/keyboard.o
                0x0000000008005d6c                keyboard_scan
 .text.Reset_Handler
                0x0000000008005dd8       0x50 build/startup_stm32f407xx.o
                0x0000000008005dd8                Reset_Handler
 .text.Default_Handler
                0x0000000008005e28        0x2 build/startup_stm32f407xx.o
                0x0000000008005e28                RTC_Alarm_IRQHandler
                0x0000000008005e28                HASH_RNG_IRQHandler
                0x0000000008005e28                EXTI2_IRQHandler
                0x0000000008005e28                TIM8_CC_IRQHandler
                0x0000000008005e28                TIM1_CC_IRQHandler
                0x0000000008005e28                DMA2_Stream5_IRQHandler
                0x0000000008005e28                DMA1_Stream5_IRQHandler
                0x0000000008005e28                PVD_IRQHandler
                0x0000000008005e28                SDIO_IRQHandler
                0x0000000008005e28                TAMP_STAMP_IRQHandler
                0x0000000008005e28                CAN2_RX1_IRQHandler
                0x0000000008005e28                EXTI3_IRQHandler
                0x0000000008005e28                TIM8_TRG_COM_TIM14_IRQHandler
                0x0000000008005e28                TIM8_UP_TIM13_IRQHandler
                0x0000000008005e28                I2C3_ER_IRQHandler
                0x0000000008005e28                EXTI0_IRQHandler
                0x0000000008005e28                I2C2_EV_IRQHandler
                0x0000000008005e28                DMA1_Stream2_IRQHandler
                0x0000000008005e28                CAN1_RX0_IRQHandler
                0x0000000008005e28                FPU_IRQHandler
                0x0000000008005e28                OTG_HS_WKUP_IRQHandler
                0x0000000008005e28                CAN2_SCE_IRQHandler
                0x0000000008005e28                SPI1_IRQHandler
                0x0000000008005e28                TIM6_DAC_IRQHandler
                0x0000000008005e28                TIM1_BRK_TIM9_IRQHandler
                0x0000000008005e28                DCMI_IRQHandler
                0x0000000008005e28                CAN2_RX0_IRQHandler
                0x0000000008005e28                DMA2_Stream3_IRQHandler
                0x0000000008005e28                USART6_IRQHandler
                0x0000000008005e28                USART3_IRQHandler
                0x0000000008005e28                CAN1_RX1_IRQHandler
                0x0000000008005e28                UART5_IRQHandler
                0x0000000008005e28                DMA2_Stream0_IRQHandler
                0x0000000008005e28                TIM4_IRQHandler
                0x0000000008005e28                I2C1_EV_IRQHandler
                0x0000000008005e28                DMA1_Stream6_IRQHandler
                0x0000000008005e28                DMA1_Stream1_IRQHandler
                0x0000000008005e28                UART4_IRQHandler
                0x0000000008005e28                TIM3_IRQHandler
                0x0000000008005e28                RCC_IRQHandler
                0x0000000008005e28                TIM8_BRK_TIM12_IRQHandler
                0x0000000008005e28                Default_Handler
                0x0000000008005e28                EXTI15_10_IRQHandler
                0x0000000008005e28                ADC_IRQHandler
                0x0000000008005e28                DMA1_Stream7_IRQHandler
                0x0000000008005e28                TIM7_IRQHandler
                0x0000000008005e28                CAN2_TX_IRQHandler
                0x0000000008005e28                TIM5_IRQHandler
                0x0000000008005e28                DMA2_Stream7_IRQHandler
                0x0000000008005e28                I2C3_EV_IRQHandler
                0x0000000008005e28                EXTI9_5_IRQHandler
                0x0000000008005e28                RTC_WKUP_IRQHandler
                0x0000000008005e28                ETH_WKUP_IRQHandler
                0x0000000008005e28                SPI2_IRQHandler
                0x0000000008005e28                OTG_HS_EP1_IN_IRQHandler
                0x0000000008005e28                DMA1_Stream0_IRQHandler
                0x0000000008005e28                CAN1_TX_IRQHandler
                0x0000000008005e28                EXTI4_IRQHandler
                0x0000000008005e28                FSMC_IRQHandler
                0x0000000008005e28                ETH_IRQHandler
                0x0000000008005e28                OTG_HS_EP1_OUT_IRQHandler
                0x0000000008005e28                WWDG_IRQHandler
                0x0000000008005e28                TIM2_IRQHandler
                0x0000000008005e28                OTG_FS_WKUP_IRQHandler
                0x0000000008005e28                TIM1_TRG_COM_TIM11_IRQHandler
                0x0000000008005e28                OTG_HS_IRQHandler
                0x0000000008005e28                EXTI1_IRQHandler
                0x0000000008005e28                USART2_IRQHandler
                0x0000000008005e28                I2C2_ER_IRQHandler
                0x0000000008005e28                DMA2_Stream1_IRQHandler
                0x0000000008005e28                CAN1_SCE_IRQHandler
                0x0000000008005e28                FLASH_IRQHandler
                0x0000000008005e28                DMA2_Stream4_IRQHandler
                0x0000000008005e28                USART1_IRQHandler
                0x0000000008005e28                OTG_FS_IRQHandler
                0x0000000008005e28                SPI3_IRQHandler
                0x0000000008005e28                DMA1_Stream4_IRQHandler
                0x0000000008005e28                I2C1_ER_IRQHandler
                0x0000000008005e28                DMA2_Stream6_IRQHandler
                0x0000000008005e28                DMA1_Stream3_IRQHandler
 *(.glue_7)
 .glue_7        0x0000000008005e2a        0x0 linker stubs
 *(.glue_7t)
 .glue_7t       0x0000000008005e2a        0x0 linker stubs
 *(.eh_frame)
 *fill*         0x0000000008005e2a        0x2 
 .eh_frame      0x0000000008005e2c        0x0 /usr/lib/gcc/arm-none-eabi/9.2.1/thumb/v7e-m+fp/hard/crtbegin.o
 *(.init)
 .init          0x0000000008005e2c        0x4 /usr/lib/gcc/arm-none-eabi/9.2.1/thumb/v7e-m+fp/hard/crti.o
                0x0000000008005e2c                _init
 .init          0x0000000008005e30        0x8 /usr/lib/gcc/arm-none-eabi/9.2.1/thumb/v7e-m+fp/hard/crtn.o
 *(.fini)
 .fini          0x0000000008005e38        0x4 /usr/lib/gcc/arm-none-eabi/9.2.1/thumb/v7e-m+fp/hard/crti.o
                0x0000000008005e38                _fini
 .fini          0x0000000008005e3c        0x8 /usr/lib/gcc/arm-none-eabi/9.2.1/thumb/v7e-m+fp/hard/crtn.o
                0x0000000008005e44                . = ALIGN (0x4)
                0x0000000008005e44                _etext = .

.vfp11_veneer   0x0000000008005e44        0x0
 .vfp11_veneer  0x0000000008005e44        0x0 linker stubs

.v4_bx          0x0000000008005e44        0x0
 .v4_bx         0x0000000008005e44        0x0 linker stubs

.iplt           0x0000000008005e44        0x0
 .iplt          0x0000000008005e44        0x0 /usr/lib/gcc/arm-none-eabi/9.2.1/thumb/v7e-m+fp/hard/crtbegin.o

.rodata         0x0000000008005e44    0x235b4
                0x0000000008005e44                . = ALIGN (0x4)
 *(.rodata)
 *(.rodata*)
 .rodata._Error_Handler.str1.4
                0x0000000008005e44        0x5 build/main.o
 *fill*         0x0000000008005e49        0x3 
 .rodata.SystemClock_Config.str1.4
                0x0000000008005e4c        0xb build/main.o
 *fill*         0x0000000008005e57        0x1 
 .rodata.Batty_a2__z80
                0x0000000008005e58     0xc01e build/main.o
                0x0000000008005e58                Batty_a2__z80
 *fill*         0x0000000008011e76        0x2 
 .rodata.Dizzy_III___Fantasy_World_Dizzy__1989__Codemasters__a__z80
                0x0000000008011e78     0xb4b9 build/main.o
                0x0000000008011e78                Dizzy_III___Fantasy_World_Dizzy__1989__Codemasters__a__z80
 *fill*         0x000000000801d331        0x3 
 .rodata.Nether_Earth__1987__Argus_Press_Software__a__z80
                0x000000000801d334     0x792b build/main.o
                0x000000000801d334                Nether_Earth__1987__Argus_Press_Software__a__z80
 *fill*         0x0000000008024c5f        0x1 
 .rodata.__func__.9639
                0x0000000008024c60        0xf build/main.o
 *fill*         0x0000000008024c6f        0x1 
 .rodata.flagBitshiftOffset.9317
                0x0000000008024c70        0x8 build/stm32f4xx_hal_dma.o
 .rodata.AHBPrescTable
                0x0000000008024c78       0x10 build/system_stm32f4xx.o
                0x0000000008024c78                AHBPrescTable
 .rodata.APBPrescTable
                0x0000000008024c88        0x8 build/system_stm32f4xx.o
                0x0000000008024c88                APBPrescTable
 .rodata.MX_USART1_UART_Init.str1.4
                0x0000000008024c90        0xc build/usart.o
 .rodata.MX_FSMC_Init.str1.4
                0x0000000008024c9c        0xb build/fsmc.o
 *fill*         0x0000000008024ca7        0x1 
 .rodata.AND_CONDITION_TABLE
                0x0000000008024ca8       0x20 build/z80emu.o
 .rodata.CB_INSTRUCTION_TABLE
                0x0000000008024cc8      0x100 build/z80emu.o
 .rodata.ED_INSTRUCTION_TABLE
                0x0000000008024dc8      0x100 build/z80emu.o
 .rodata.INSTRUCTION_TABLE
                0x0000000008024ec8      0x100 build/z80emu.o
 .rodata.OVERFLOW_TABLE
                0x0000000008024fc8       0x10 build/z80emu.o
 .rodata.RST_TABLE
                0x0000000008024fd8       0x20 build/z80emu.o
 .rodata.SZYXP_FLAGS_TABLE
                0x0000000008024ff8      0x100 build/z80emu.o
 .rodata.SZYX_FLAGS_TABLE
                0x00000000080250f8      0x100 build/z80emu.o
 .rodata.XOR_CONDITION_TABLE
                0x00000000080251f8       0x20 build/z80emu.o
 .rodata.mem_input.str1.4
                0x0000000008025218       0x47 build/mem.o
 *fill*         0x000000000802525f        0x1 
 .rodata.ROM    0x0000000008025260     0x4000 build/mem.o
                0x0000000008025260                ROM
 .rodata.__func__.9422
                0x0000000008029260        0xa build/mem.o
 *fill*         0x000000000802926a        0x2 
 .rodata.screen_mem_write.str1.4
                0x000000000802926c       0x21 build/screen.o
 *fill*         0x000000000802928d        0x3 
 .rodata.screen_mem_read.str1.4
                0x0000000008029290       0x17 build/screen.o
 *fill*         0x00000000080292a7        0x1 
 .rodata.screen_draw_border.str1.4
                0x00000000080292a8        0xe build/screen.o
 *fill*         0x00000000080292b6        0x2 
 .rodata.__func__.9286
                0x00000000080292b8       0x11 build/screen.o
 *fill*         0x00000000080292c9        0x3 
 .rodata.__func__.9290
                0x00000000080292cc       0x10 build/screen.o
 .rodata.colors_table
                0x00000000080292dc       0x20 build/screen.o
 .rodata.snapshot_decompression.str1.4
                0x00000000080292fc       0x3f build/snapshot.o
 *fill*         0x000000000802933b        0x1 
 .rodata.snapshot_load.str1.4
                0x000000000802933c       0x7d build/snapshot.o
 *fill*         0x00000000080293b9        0x3 
 .rodata.str1.4
                0x00000000080293bc       0x13 /usr/lib/gcc/arm-none-eabi/9.2.1/../../../arm-none-eabi/lib/thumb/v7e-m+fp/hard/libc_nano.a(lib_a-nano-svfprintf.o)
 *fill*         0x00000000080293cf        0x1 
 .rodata.str1.4
                0x00000000080293d0       0x25 /usr/lib/gcc/arm-none-eabi/9.2.1/../../../arm-none-eabi/lib/thumb/v7e-m+fp/hard/libc_nano.a(lib_a-nano-vfprintf_i.o)
                0x00000000080293f8                . = ALIGN (0x4)
 *fill*         0x00000000080293f5        0x3 

.ARM.extab
 *(.ARM.extab* .gnu.linkonce.armextab.*)

.ARM            0x00000000080293f8        0x8
                0x00000000080293f8                __exidx_start = .
 *(.ARM.exidx*)
 .ARM.exidx     0x00000000080293f8        0x8 /usr/lib/gcc/arm-none-eabi/9.2.1/thumb/v7e-m+fp/hard/libgcc.a(_udivmoddi4.o)
                0x0000000008029400                __exidx_end = .

.rel.dyn        0x0000000008029400        0x0
 .rel.iplt      0x0000000008029400        0x0 /usr/lib/gcc/arm-none-eabi/9.2.1/thumb/v7e-m+fp/hard/crtbegin.o

.preinit_array  0x0000000008029400        0x0
                0x0000000008029400                PROVIDE (__preinit_array_start = .)
 *(.preinit_array*)
                0x0000000008029400                PROVIDE (__preinit_array_end = .)

.init_array     0x0000000008029400        0x4
                0x0000000008029400                PROVIDE (__init_array_start = .)
 *(SORT_BY_NAME(.init_array.*))
 *(.init_array*)
 .init_array    0x0000000008029400        0x4 /usr/lib/gcc/arm-none-eabi/9.2.1/thumb/v7e-m+fp/hard/crtbegin.o
                0x0000000008029404                PROVIDE (__init_array_end = .)

.fini_array     0x0000000008029404        0x4
                0x0000000008029404                PROVIDE (__fini_array_start = .)
 *(SORT_BY_NAME(.fini_array.*))
 *(.fini_array*)
 .fini_array    0x0000000008029404        0x4 /usr/lib/gcc/arm-none-eabi/9.2.1/thumb/v7e-m+fp/hard/crtbegin.o
                0x0000000008029408                PROVIDE (__fini_array_end = .)
                0x0000000008029408                _sidata = LOADADDR (.data)

.data           0x0000000020000000     0x4eb0 load address 0x0000000008029408
                0x0000000020000000                . = ALIGN (0x4)
                0x0000000020000000                _sdata = .
 *(.data)
 .data          0x0000000020000000       0x64 /usr/lib/gcc/arm-none-eabi/9.2.1/../../../arm-none-eabi/lib/thumb/v7e-m+fp/hard/libc_nano.a(lib_a-impure.o)
                0x0000000020000000                _impure_ptr
 *(.data*)
 .data.Boulder_Dash__1984__Front_Runner__a2__z80
                0x0000000020000064     0x4e45 build/main.o
                0x0000000020000064                Boulder_Dash__1984__Front_Runner__a2__z80
 .data.uwTickFreq
                0x0000000020004ea9        0x1 build/stm32f4xx_hal.o
                0x0000000020004ea9                uwTickFreq
 *fill*         0x0000000020004eaa        0x2 
 .data.SystemCoreClock
                0x0000000020004eac        0x4 build/system_stm32f4xx.o
                0x0000000020004eac                SystemCoreClock
                0x0000000020004eb0                . = ALIGN (0x4)
                0x0000000020004eb0                _edata = .
                0x000000000802e2b8                _siccmram = LOADADDR (.ccmram)

.tm_clone_table
                0x0000000020004eb0        0x0 load address 0x000000000802e2b8
 .tm_clone_table
                0x0000000020004eb0        0x0 /usr/lib/gcc/arm-none-eabi/9.2.1/thumb/v7e-m+fp/hard/crtbegin.o
 .tm_clone_table
                0x0000000020004eb0        0x0 /usr/lib/gcc/arm-none-eabi/9.2.1/thumb/v7e-m+fp/hard/crtend.o

.igot.plt       0x0000000020004eb0        0x0 load address 0x000000000802e2b8
 .igot.plt      0x0000000020004eb0        0x0 /usr/lib/gcc/arm-none-eabi/9.2.1/thumb/v7e-m+fp/hard/crtbegin.o

.ccmram         0x0000000010000000        0x0 load address 0x000000000802e2b8
                0x0000000010000000                . = ALIGN (0x4)
                0x0000000010000000                _sccmram = .
 *(.ccmram)
 *(.ccmram*)
                0x0000000010000000                . = ALIGN (0x4)
                0x0000000010000000                _eccmram = .
                0x0000000010000000                . = ALIGN (0x4)

.bss            0x0000000020004eb0     0xde54
                0x0000000020004eb0                _sbss = .
                0x0000000020004eb0                __bss_start__ = _sbss
 *(.bss)
 .bss           0x0000000020004eb0       0x1c /usr/lib/gcc/arm-none-eabi/9.2.1/thumb/v7e-m+fp/hard/crtbegin.o
 .bss           0x0000000020004ecc        0x8 /usr/lib/gcc/arm-none-eabi/9.2.1/../../../arm-none-eabi/lib/thumb/v7e-m+fp/hard/libc_nano.a(lib_a-nano-mallocr.o)
                0x0000000020004ecc                __malloc_free_list
                0x0000000020004ed0                __malloc_sbrk_start
 .bss           0x0000000020004ed4        0x4 /usr/lib/gcc/arm-none-eabi/9.2.1/../../../arm-none-eabi/lib/thumb/v7e-m+fp/hard/libnosys.a(sbrk.o)
 *(.bss*)
 .bss.FSMC_Initialized
                0x0000000020004ed8        0x4 build/fsmc.o
 .bss.buffer    0x0000000020004edc       0xc9 build/logger.o
 *fill*         0x0000000020004fa5        0x3 
 .bss.next_total
                0x0000000020004fa8        0x4 build/emulator.o
 .bss.ticks     0x0000000020004fac        0x4 build/emulator.o
 .bss.total     0x0000000020004fb0        0x4 build/emulator.o
 .bss.zx_context
                0x0000000020004fb4       0x18 build/emulator.o
 .bss.zx_cpu    0x0000000020004fcc       0xf4 build/emulator.o
 .bss.ram       0x00000000200050c0     0xc000 build/mem.o
 .bss.border    0x00000000200110c0        0x1 build/screen.o
 *fill*         0x00000000200110c1        0x3 
 .bss.char_attribute
                0x00000000200110c4      0x300 build/screen.o
 .bss.screen_area
                0x00000000200113c4     0x1800 build/screen.o
 .bss.keys      0x0000000020012bc4        0x8 build/input.o
 .bss.load      0x0000000020012bcc        0x1 build/input.o
                0x0000000020012bcc                load
 *(COMMON)
 *fill*         0x0000000020012bcd        0x3 
 COMMON         0x0000000020012bd0        0x4 build/stm32f4xx_hal.o
                0x0000000020012bd0                uwTick
 COMMON         0x0000000020012bd4       0xa0 build/usart.o
                0x0000000020012bd4                hdma_usart1_rx
                0x0000000020012c34                huart1
 COMMON         0x0000000020012c74       0x50 build/fsmc.o
                0x0000000020012c74                hsram1
 COMMON         0x0000000020012cc4       0x3c build/stm32f4xx_hal_timebase_TIM.o
                0x0000000020012cc4                htim1
 COMMON         0x0000000020012d00        0x4 /usr/lib/gcc/arm-none-eabi/9.2.1/../../../arm-none-eabi/lib/thumb/v7e-m+fp/hard/libc_nano.a(lib_a-reent.o)
                0x0000000020012d00                errno
                0x0000000020012d04                . = ALIGN (0x4)
                0x0000000020012d04                _ebss = .
                0x0000000020012d04                __bss_end__ = _ebss

._user_heap_stack
                0x0000000020012d04      0x604
                0x0000000020012d08                . = ALIGN (0x8)
 *fill*         0x0000000020012d04        0x4 
                0x0000000020012d08                PROVIDE (end = .)
                [!provide]                        PROVIDE (_end = .)
                0x0000000020012f08                . = (. + _Min_Heap_Size)
 *fill*         0x0000000020012d08      0x200 
                0x0000000020013308                . = (. + _Min_Stack_Size)
 *fill*         0x0000000020012f08      0x400 
                0x0000000020013308                . = ALIGN (0x8)

/DISCARD/
 libc.a(*)
 libm.a(*)
 libgcc.a(*)

.ARM.attributes
                0x0000000000000000       0x30
 *(.ARM.attributes)
 .ARM.attributes
                0x0000000000000000       0x1e /usr/lib/gcc/arm-none-eabi/9.2.1/thumb/v7e-m+fp/hard/crti.o
 .ARM.attributes
                0x000000000000001e       0x34 /usr/lib/gcc/arm-none-eabi/9.2.1/thumb/v7e-m+fp/hard/crtbegin.o
 .ARM.attributes
                0x0000000000000052       0x34 build/main.o
 .ARM.attributes
                0x0000000000000086       0x34 build/gpio.o
 .ARM.attributes
                0x00000000000000ba       0x34 build/stm32f4xx_it.o
 .ARM.attributes
                0x00000000000000ee       0x34 build/stm32f4xx_hal_msp.o
 .ARM.attributes
                0x0000000000000122       0x34 build/stm32f4xx_hal_tim.o
 .ARM.attributes
                0x0000000000000156       0x34 build/stm32f4xx_hal_tim_ex.o
 .ARM.attributes
                0x000000000000018a       0x34 build/stm32f4xx_hal_rcc.o
 .ARM.attributes
                0x00000000000001be       0x34 build/stm32f4xx_hal_gpio.o
 .ARM.attributes
                0x00000000000001f2       0x34 build/stm32f4xx_hal_dma.o
 .ARM.attributes
                0x0000000000000226       0x34 build/stm32f4xx_hal_cortex.o
 .ARM.attributes
                0x000000000000025a       0x34 build/stm32f4xx_hal.o
 .ARM.attributes
                0x000000000000028e       0x34 build/system_stm32f4xx.o
 .ARM.attributes
                0x00000000000002c2       0x34 build/usart.o
 .ARM.attributes
                0x00000000000002f6       0x34 build/stm32f4xx_hal_uart.o
 .ARM.attributes
                0x000000000000032a       0x34 build/fsmc.o
 .ARM.attributes
                0x000000000000035e       0x34 build/stm32f4xx_ll_fsmc.o
 .ARM.attributes
                0x0000000000000392       0x34 build/stm32f4xx_hal_sram.o
 .ARM.attributes
                0x00000000000003c6       0x34 build/dma.o
 .ARM.attributes
                0x00000000000003fa       0x34 build/stm32f4xx_hal_timebase_TIM.o
 .ARM.attributes
                0x000000000000042e       0x34 build/logger.o
 .ARM.attributes
                0x0000000000000462       0x34 build/display.o
 .ARM.attributes
                0x0000000000000496       0x34 build/emulator.o
 .ARM.attributes
                0x00000000000004ca       0x34 build/z80emu.o
 .ARM.attributes
                0x00000000000004fe       0x34 build/mem.o
 .ARM.attributes
                0x0000000000000532       0x34 build/screen.o
 .ARM.attributes
                0x0000000000000566       0x34 build/input.o
 .ARM.attributes
                0x000000000000059a       0x34 build/snapshot.o
 .ARM.attributes
                0x00000000000005ce       0x34 build/keyboard.o
 .ARM.attributes
                0x0000000000000602       0x21 build/startup_stm32f407xx.o
 .ARM.attributes
                0x0000000000000623       0x32 /usr/lib/gcc/arm-none-eabi/9.2.1/../../../arm-none-eabi/lib/thumb/v7e-m+fp/hard/libc_nano.a(lib_a-impure.o)
 .ARM.attributes
                0x0000000000000655       0x34 /usr/lib/gcc/arm-none-eabi/9.2.1/../../../arm-none-eabi/lib/thumb/v7e-m+fp/hard/libc_nano.a(lib_a-init.o)
 .ARM.attributes
                0x0000000000000689       0x34 /usr/lib/gcc/arm-none-eabi/9.2.1/../../../arm-none-eabi/lib/thumb/v7e-m+fp/hard/libc_nano.a(lib_a-vsnprintf.o)
 .ARM.attributes
                0x00000000000006bd       0x34 /usr/lib/gcc/arm-none-eabi/9.2.1/../../../arm-none-eabi/lib/thumb/v7e-m+fp/hard/libc_nano.a(lib_a-nano-svfprintf.o)
 .ARM.attributes
                0x00000000000006f1       0x34 /usr/lib/gcc/arm-none-eabi/9.2.1/../../../arm-none-eabi/lib/thumb/v7e-m+fp/hard/libc_nano.a(lib_a-nano-vfprintf_i.o)
 .ARM.attributes
                0x0000000000000725       0x1c /usr/lib/gcc/arm-none-eabi/9.2.1/../../../arm-none-eabi/lib/thumb/v7e-m+fp/hard/libc_nano.a(lib_a-memchr.o)
 .ARM.attributes
                0x0000000000000741       0x1c /usr/lib/gcc/arm-none-eabi/9.2.1/../../../arm-none-eabi/lib/thumb/v7e-m+fp/hard/libc_nano.a(lib_a-memcpy.o)
 .ARM.attributes
                0x000000000000075d       0x34 /usr/lib/gcc/arm-none-eabi/9.2.1/../../../arm-none-eabi/lib/thumb/v7e-m+fp/hard/libc_nano.a(lib_a-memmove.o)
 .ARM.attributes
                0x0000000000000791       0x34 /usr/lib/gcc/arm-none-eabi/9.2.1/../../../arm-none-eabi/lib/thumb/v7e-m+fp/hard/libc_nano.a(lib_a-nano-freer.o)
 .ARM.attributes
                0x00000000000007c5       0x34 /usr/lib/gcc/arm-none-eabi/9.2.1/../../../arm-none-eabi/lib/thumb/v7e-m+fp/hard/libc_nano.a(lib_a-nano-mallocr.o)
 .ARM.attributes
                0x00000000000007f9       0x34 /usr/lib/gcc/arm-none-eabi/9.2.1/../../../arm-none-eabi/lib/thumb/v7e-m+fp/hard/libc_nano.a(lib_a-nano-reallocr.o)
 .ARM.attributes
                0x000000000000082d       0x34 /usr/lib/gcc/arm-none-eabi/9.2.1/../../../arm-none-eabi/lib/thumb/v7e-m+fp/hard/libc_nano.a(lib_a-sbrkr.o)
 .ARM.attributes
                0x0000000000000861       0x34 /usr/lib/gcc/arm-none-eabi/9.2.1/../../../arm-none-eabi/lib/thumb/v7e-m+fp/hard/libc_nano.a(lib_a-mlock.o)
 .ARM.attributes
                0x0000000000000895       0x34 /usr/lib/gcc/arm-none-eabi/9.2.1/../../../arm-none-eabi/lib/thumb/v7e-m+fp/hard/libc_nano.a(lib_a-nano-msizer.o)
 .ARM.attributes
                0x00000000000008c9       0x34 /usr/lib/gcc/arm-none-eabi/9.2.1/../../../arm-none-eabi/lib/thumb/v7e-m+fp/hard/libc_nano.a(lib_a-reent.o)
 .ARM.attributes
                0x00000000000008fd       0x34 /usr/lib/gcc/arm-none-eabi/9.2.1/../../../arm-none-eabi/lib/thumb/v7e-m+fp/hard/libnosys.a(sbrk.o)
 .ARM.attributes
                0x0000000000000931       0x1e /usr/lib/gcc/arm-none-eabi/9.2.1/thumb/v7e-m+fp/hard/libgcc.a(_aeabi_uldivmod.o)
 .ARM.attributes
                0x000000000000094f       0x34 /usr/lib/gcc/arm-none-eabi/9.2.1/thumb/v7e-m+fp/hard/libgcc.a(_udivmoddi4.o)
 .ARM.attributes
                0x0000000000000983       0x1e /usr/lib/gcc/arm-none-eabi/9.2.1/thumb/v7e-m+fp/hard/libgcc.a(_dvmd_tls.o)
 .ARM.attributes
                0x00000000000009a1       0x32 /usr/lib/gcc/arm-none-eabi/9.2.1/thumb/v7e-m+fp/hard/crtend.o
 .ARM.attributes
                0x00000000000009d3       0x1e /usr/lib/gcc/arm-none-eabi/9.2.1/thumb/v7e-m+fp/hard/crtn.o
OUTPUT(build/zx_spectrum_f407.elf elf32-littlearm)
LOAD linker stubs
LOAD /usr/lib/gcc/arm-none-eabi/9.2.1/../../../arm-none-eabi/lib/thumb/v7e-m+fp/hard/libc.a
LOAD /usr/lib/gcc/arm-none-eabi/9.2.1/../../../arm-none-eabi/lib/thumb/v7e-m+fp/hard/libm.a
LOAD /usr/lib/gcc/arm-none-eabi/9.2.1/thumb/v7e-m+fp/hard/libgcc.a

.comment        0x0000000000000000       0xa7
 .comment       0x0000000000000000       0x59 /usr/lib/gcc/arm-none-eabi/9.2.1/thumb/v7e-m+fp/hard/crtbegin.o
                                         0x5a (size before relaxing)
 .comment       0x0000000000000059       0x5a build/main.o
 .comment       0x0000000000000059       0x5a build/gpio.o
 .comment       0x0000000000000059       0x5a build/stm32f4xx_it.o
 .comment       0x0000000000000059       0x5a build/stm32f4xx_hal_msp.o
 .comment       0x0000000000000059       0x5a build/stm32f4xx_hal_tim.o
 .comment       0x0000000000000059       0x5a build/stm32f4xx_hal_tim_ex.o
 .comment       0x0000000000000059       0x5a build/stm32f4xx_hal_rcc.o
 .comment       0x0000000000000059       0x5a build/stm32f4xx_hal_gpio.o
 .comment       0x0000000000000059       0x5a build/stm32f4xx_hal_dma.o
 .comment       0x0000000000000059       0x5a build/stm32f4xx_hal_cortex.o
 .comment       0x0000000000000059       0x5a build/stm32f4xx_hal.o
 .comment       0x0000000000000059       0x5a build/system_stm32f4xx.o
 .comment       0x0000000000000059       0x5a build/usart.o
 .comment       0x0000000000000059       0x5a build/stm32f4xx_hal_uart.o
 .comment       0x0000000000000059       0x5a build/fsmc.o
 .comment       0x0000000000000059       0x5a build/stm32f4xx_ll_fsmc.o
 .comment       0x0000000000000059       0x5a build/stm32f4xx_hal_sram.o
 .comment       0x0000000000000059       0x5a build/dma.o
 .comment       0x0000000000000059       0x5a build/stm32f4xx_hal_timebase_TIM.o
 .comment       0x0000000000000059       0x5a build/logger.o
 .comment       0x0000000000000059       0x5a build/display.o
 .comment       0x0000000000000059       0x5a build/emulator.o
 .comment       0x0000000000000059       0x5a build/z80emu.o
 .comment       0x0000000000000059       0x5a build/mem.o
 .comment       0x0000000000000059       0x5a build/screen.o
 .comment       0x0000000000000059       0x5a build/input.o
 .comment       0x0000000000000059       0x5a build/snapshot.o
 .comment       0x0000000000000059       0x5a build/keyboard.o
 .comment       0x0000000000000059       0x4e /usr/lib/gcc/arm-none-eabi/9.2.1/../../../arm-none-eabi/lib/thumb/v7e-m+fp/hard/libc_nano.a(lib_a-impure.o)
                                         0x4f (size before relaxing)
 .comment       0x00000000000000a7       0x4f /usr/lib/gcc/arm-none-eabi/9.2.1/../../../arm-none-eabi/lib/thumb/v7e-m+fp/hard/libc_nano.a(lib_a-init.o)
 .comment       0x00000000000000a7       0x4f /usr/lib/gcc/arm-none-eabi/9.2.1/../../../arm-none-eabi/lib/thumb/v7e-m+fp/hard/libc_nano.a(lib_a-vsnprintf.o)
 .comment       0x00000000000000a7       0x4f /usr/lib/gcc/arm-none-eabi/9.2.1/../../../arm-none-eabi/lib/thumb/v7e-m+fp/hard/libc_nano.a(lib_a-nano-svfprintf.o)
 .comment       0x00000000000000a7       0x4f /usr/lib/gcc/arm-none-eabi/9.2.1/../../../arm-none-eabi/lib/thumb/v7e-m+fp/hard/libc_nano.a(lib_a-nano-vfprintf_i.o)
 .comment       0x00000000000000a7       0x4f /usr/lib/gcc/arm-none-eabi/9.2.1/../../../arm-none-eabi/lib/thumb/v7e-m+fp/hard/libc_nano.a(lib_a-memmove.o)
 .comment       0x00000000000000a7       0x4f /usr/lib/gcc/arm-none-eabi/9.2.1/../../../arm-none-eabi/lib/thumb/v7e-m+fp/hard/libc_nano.a(lib_a-nano-freer.o)
 .comment       0x00000000000000a7       0x4f /usr/lib/gcc/arm-none-eabi/9.2.1/../../../arm-none-eabi/lib/thumb/v7e-m+fp/hard/libc_nano.a(lib_a-nano-mallocr.o)
 .comment       0x00000000000000a7       0x4f /usr/lib/gcc/arm-none-eabi/9.2.1/../../../arm-none-eabi/lib/thumb/v7e-m+fp/hard/libc_nano.a(lib_a-nano-reallocr.o)
 .comment       0x00000000000000a7       0x4f /usr/lib/gcc/arm-none-eabi/9.2.1/../../../arm-none-eabi/lib/thumb/v7e-m+fp/hard/libc_nano.a(lib_a-sbrkr.o)
 .comment       0x00000000000000a7       0x4f /usr/lib/gcc/arm-none-eabi/9.2.1/../../../arm-none-eabi/lib/thumb/v7e-m+fp/hard/libc_nano.a(lib_a-mlock.o)
 .comment       0x00000000000000a7       0x4f /usr/lib/gcc/arm-none-eabi/9.2.1/../../../arm-none-eabi/lib/thumb/v7e-m+fp/hard/libc_nano.a(lib_a-nano-msizer.o)
 .comment       0x00000000000000a7       0x4f /usr/lib/gcc/arm-none-eabi/9.2.1/../../../arm-none-eabi/lib/thumb/v7e-m+fp/hard/libc_nano.a(lib_a-reent.o)
 .comment       0x00000000000000a7       0x4f /usr/lib/gcc/arm-none-eabi/9.2.1/../../../arm-none-eabi/lib/thumb/v7e-m+fp/hard/libnosys.a(sbrk.o)
 .comment       0x00000000000000a7       0x5a /usr/lib/gcc/arm-none-eabi/9.2.1/thumb/v7e-m+fp/hard/libgcc.a(_udivmoddi4.o)
 .comment       0x00000000000000a7       0x5a /usr/lib/gcc/arm-none-eabi/9.2.1/thumb/v7e-m+fp/hard/crtend.o

.debug_info     0x0000000000000000    0x321a9
 .debug_info    0x0000000000000000     0x21a9 build/main.o
 .debug_info    0x00000000000021a9      0xfdd build/gpio.o
 .debug_info    0x0000000000003186     0x1177 build/stm32f4xx_it.o
 .debug_info    0x00000000000042fd     0x1014 build/stm32f4xx_hal_msp.o
 .debug_info    0x0000000000005311     0x3ed8 build/stm32f4xx_hal_tim.o
 .debug_info    0x00000000000091e9     0x1f61 build/stm32f4xx_hal_tim_ex.o
 .debug_info    0x000000000000b14a     0x1513 build/stm32f4xx_hal_rcc.o
 .debug_info    0x000000000000c65d     0x11ff build/stm32f4xx_hal_gpio.o
 .debug_info    0x000000000000d85c     0x157e build/stm32f4xx_hal_dma.o
 .debug_info    0x000000000000edda     0x1b27 build/stm32f4xx_hal_cortex.o
 .debug_info    0x0000000000010901     0x1462 build/stm32f4xx_hal.o
 .debug_info    0x0000000000011d63      0xf31 build/system_stm32f4xx.o
 .debug_info    0x0000000000012c94     0x14bf build/usart.o
 .debug_info    0x0000000000014153     0x243d build/stm32f4xx_hal_uart.o
 .debug_info    0x0000000000016590     0x1578 build/fsmc.o
 .debug_info    0x0000000000017b08     0x15fb build/stm32f4xx_ll_fsmc.o
 .debug_info    0x0000000000019103     0x175d build/stm32f4xx_hal_sram.o
 .debug_info    0x000000000001a860      0xf36 build/dma.o
 .debug_info    0x000000000001b796     0x1693 build/stm32f4xx_hal_timebase_TIM.o
 .debug_info    0x000000000001ce29     0x10f5 build/logger.o
 .debug_info    0x000000000001df1e     0x18e4 build/display.o
 .debug_info    0x000000000001f802      0xe54 build/emulator.o
 .debug_info    0x0000000000020656     0x2946 build/z80emu.o
 .debug_info    0x0000000000022f9c      0xdf2 build/mem.o
 .debug_info    0x0000000000023d8e      0xfd3 build/screen.o
 .debug_info    0x0000000000024d61      0xe35 build/input.o
 .debug_info    0x0000000000025b96      0x931 build/snapshot.o
 .debug_info    0x00000000000264c7      0xdd8 build/keyboard.o
 .debug_info    0x000000000002729f       0x22 build/startup_stm32f407xx.o
 .debug_info    0x00000000000272c1      0x92a /usr/lib/gcc/arm-none-eabi/9.2.1/../../../arm-none-eabi/lib/thumb/v7e-m+fp/hard/libc_nano.a(lib_a-impure.o)
 .debug_info    0x0000000000027beb      0x11a /usr/lib/gcc/arm-none-eabi/9.2.1/../../../arm-none-eabi/lib/thumb/v7e-m+fp/hard/libc_nano.a(lib_a-init.o)
 .debug_info    0x0000000000027d05      0xceb /usr/lib/gcc/arm-none-eabi/9.2.1/../../../arm-none-eabi/lib/thumb/v7e-m+fp/hard/libc_nano.a(lib_a-vsnprintf.o)
 .debug_info    0x00000000000289f0     0x17e4 /usr/lib/gcc/arm-none-eabi/9.2.1/../../../arm-none-eabi/lib/thumb/v7e-m+fp/hard/libc_nano.a(lib_a-nano-svfprintf.o)
 .debug_info    0x000000000002a1d4     0x1592 /usr/lib/gcc/arm-none-eabi/9.2.1/../../../arm-none-eabi/lib/thumb/v7e-m+fp/hard/libc_nano.a(lib_a-nano-vfprintf_i.o)
 .debug_info    0x000000000002b766       0x26 /usr/lib/gcc/arm-none-eabi/9.2.1/../../../arm-none-eabi/lib/thumb/v7e-m+fp/hard/libc_nano.a(lib_a-memchr.o)
 .debug_info    0x000000000002b78c       0x26 /usr/lib/gcc/arm-none-eabi/9.2.1/../../../arm-none-eabi/lib/thumb/v7e-m+fp/hard/libc_nano.a(lib_a-memcpy.o)
 .debug_info    0x000000000002b7b2      0xf2b /usr/lib/gcc/arm-none-eabi/9.2.1/../../../arm-none-eabi/lib/thumb/v7e-m+fp/hard/libc_nano.a(lib_a-memmove.o)
 .debug_info    0x000000000002c6dd      0xb85 /usr/lib/gcc/arm-none-eabi/9.2.1/../../../arm-none-eabi/lib/thumb/v7e-m+fp/hard/libc_nano.a(lib_a-nano-freer.o)
 .debug_info    0x000000000002d262      0xc5a /usr/lib/gcc/arm-none-eabi/9.2.1/../../../arm-none-eabi/lib/thumb/v7e-m+fp/hard/libc_nano.a(lib_a-nano-mallocr.o)
 .debug_info    0x000000000002debc      0xb77 /usr/lib/gcc/arm-none-eabi/9.2.1/../../../arm-none-eabi/lib/thumb/v7e-m+fp/hard/libc_nano.a(lib_a-nano-reallocr.o)
 .debug_info    0x000000000002ea33      0x9fb /usr/lib/gcc/arm-none-eabi/9.2.1/../../../arm-none-eabi/lib/thumb/v7e-m+fp/hard/libc_nano.a(lib_a-sbrkr.o)
 .debug_info    0x000000000002f42e      0x961 /usr/lib/gcc/arm-none-eabi/9.2.1/../../../arm-none-eabi/lib/thumb/v7e-m+fp/hard/libc_nano.a(lib_a-mlock.o)
 .debug_info    0x000000000002fd8f      0xaa6 /usr/lib/gcc/arm-none-eabi/9.2.1/../../../arm-none-eabi/lib/thumb/v7e-m+fp/hard/libc_nano.a(lib_a-nano-msizer.o)
 .debug_info    0x0000000000030835      0xb0f /usr/lib/gcc/arm-none-eabi/9.2.1/../../../arm-none-eabi/lib/thumb/v7e-m+fp/hard/libc_nano.a(lib_a-reent.o)
 .debug_info    0x0000000000031344       0x9d /usr/lib/gcc/arm-none-eabi/9.2.1/../../../arm-none-eabi/lib/thumb/v7e-m+fp/hard/libnosys.a(sbrk.o)
 .debug_info    0x00000000000313e1       0x26 /usr/lib/gcc/arm-none-eabi/9.2.1/thumb/v7e-m+fp/hard/libgcc.a(_aeabi_uldivmod.o)
 .debug_info    0x0000000000031407      0xd7c /usr/lib/gcc/arm-none-eabi/9.2.1/thumb/v7e-m+fp/hard/libgcc.a(_udivmoddi4.o)
 .debug_info    0x0000000000032183       0x26 /usr/lib/gcc/arm-none-eabi/9.2.1/thumb/v7e-m+fp/hard/libgcc.a(_dvmd_tls.o)

.debug_abbrev   0x0000000000000000     0x6dc7
 .debug_abbrev  0x0000000000000000      0x312 build/main.o
 .debug_abbrev  0x0000000000000312      0x239 build/gpio.o
 .debug_abbrev  0x000000000000054b      0x231 build/stm32f4xx_it.o
 .debug_abbrev  0x000000000000077c      0x242 build/stm32f4xx_hal_msp.o
 .debug_abbrev  0x00000000000009be      0x360 build/stm32f4xx_hal_tim.o
 .debug_abbrev  0x0000000000000d1e      0x346 build/stm32f4xx_hal_tim_ex.o
 .debug_abbrev  0x0000000000001064      0x37f build/stm32f4xx_hal_rcc.o
 .debug_abbrev  0x00000000000013e3      0x30a build/stm32f4xx_hal_gpio.o
 .debug_abbrev  0x00000000000016ed      0x39c build/stm32f4xx_hal_dma.o
 .debug_abbrev  0x0000000000001a89      0x457 build/stm32f4xx_hal_cortex.o
 .debug_abbrev  0x0000000000001ee0      0x325 build/stm32f4xx_hal.o
 .debug_abbrev  0x0000000000002205      0x21a build/system_stm32f4xx.o
 .debug_abbrev  0x000000000000241f      0x28e build/usart.o
 .debug_abbrev  0x00000000000026ad      0x3cb build/stm32f4xx_hal_uart.o
 .debug_abbrev  0x0000000000002a78      0x281 build/fsmc.o
 .debug_abbrev  0x0000000000002cf9      0x2bd build/stm32f4xx_ll_fsmc.o
 .debug_abbrev  0x0000000000002fb6      0x2cf build/stm32f4xx_hal_sram.o
 .debug_abbrev  0x0000000000003285      0x242 build/dma.o
 .debug_abbrev  0x00000000000034c7      0x2b7 build/stm32f4xx_hal_timebase_TIM.o
 .debug_abbrev  0x000000000000377e      0x260 build/logger.o
 .debug_abbrev  0x00000000000039de      0x37f build/display.o
 .debug_abbrev  0x0000000000003d5d      0x228 build/emulator.o
 .debug_abbrev  0x0000000000003f85      0x26d build/z80emu.o
 .debug_abbrev  0x00000000000041f2      0x2a3 build/mem.o
 .debug_abbrev  0x0000000000004495      0x2f0 build/screen.o
 .debug_abbrev  0x0000000000004785      0x294 build/input.o
 .debug_abbrev  0x0000000000004a19      0x201 build/snapshot.o
 .debug_abbrev  0x0000000000004c1a      0x28c build/keyboard.o
 .debug_abbrev  0x0000000000004ea6       0x12 build/startup_stm32f407xx.o
 .debug_abbrev  0x0000000000004eb8      0x17a /usr/lib/gcc/arm-none-eabi/9.2.1/../../../arm-none-eabi/lib/thumb/v7e-m+fp/hard/libc_nano.a(lib_a-impure.o)
 .debug_abbrev  0x0000000000005032       0xcc /usr/lib/gcc/arm-none-eabi/9.2.1/../../../arm-none-eabi/lib/thumb/v7e-m+fp/hard/libc_nano.a(lib_a-init.o)
 .debug_abbrev  0x00000000000050fe      0x277 /usr/lib/gcc/arm-none-eabi/9.2.1/../../../arm-none-eabi/lib/thumb/v7e-m+fp/hard/libc_nano.a(lib_a-vsnprintf.o)
 .debug_abbrev  0x0000000000005375      0x33f /usr/lib/gcc/arm-none-eabi/9.2.1/../../../arm-none-eabi/lib/thumb/v7e-m+fp/hard/libc_nano.a(lib_a-nano-svfprintf.o)
 .debug_abbrev  0x00000000000056b4      0x2dc /usr/lib/gcc/arm-none-eabi/9.2.1/../../../arm-none-eabi/lib/thumb/v7e-m+fp/hard/libc_nano.a(lib_a-nano-vfprintf_i.o)
 .debug_abbrev  0x0000000000005990       0x14 /usr/lib/gcc/arm-none-eabi/9.2.1/../../../arm-none-eabi/lib/thumb/v7e-m+fp/hard/libc_nano.a(lib_a-memchr.o)
 .debug_abbrev  0x00000000000059a4       0x14 /usr/lib/gcc/arm-none-eabi/9.2.1/../../../arm-none-eabi/lib/thumb/v7e-m+fp/hard/libc_nano.a(lib_a-memcpy.o)
 .debug_abbrev  0x00000000000059b8      0x1de /usr/lib/gcc/arm-none-eabi/9.2.1/../../../arm-none-eabi/lib/thumb/v7e-m+fp/hard/libc_nano.a(lib_a-memmove.o)
 .debug_abbrev  0x0000000000005b96      0x286 /usr/lib/gcc/arm-none-eabi/9.2.1/../../../arm-none-eabi/lib/thumb/v7e-m+fp/hard/libc_nano.a(lib_a-nano-freer.o)
 .debug_abbrev  0x0000000000005e1c      0x2d1 /usr/lib/gcc/arm-none-eabi/9.2.1/../../../arm-none-eabi/lib/thumb/v7e-m+fp/hard/libc_nano.a(lib_a-nano-mallocr.o)
 .debug_abbrev  0x00000000000060ed      0x22a /usr/lib/gcc/arm-none-eabi/9.2.1/../../../arm-none-eabi/lib/thumb/v7e-m+fp/hard/libc_nano.a(lib_a-nano-reallocr.o)
 .debug_abbrev  0x0000000000006317      0x212 /usr/lib/gcc/arm-none-eabi/9.2.1/../../../arm-none-eabi/lib/thumb/v7e-m+fp/hard/libc_nano.a(lib_a-sbrkr.o)
 .debug_abbrev  0x0000000000006529      0x1c5 /usr/lib/gcc/arm-none-eabi/9.2.1/../../../arm-none-eabi/lib/thumb/v7e-m+fp/hard/libc_nano.a(lib_a-mlock.o)
 .debug_abbrev  0x00000000000066ee      0x1e5 /usr/lib/gcc/arm-none-eabi/9.2.1/../../../arm-none-eabi/lib/thumb/v7e-m+fp/hard/libc_nano.a(lib_a-nano-msizer.o)
 .debug_abbrev  0x00000000000068d3      0x268 /usr/lib/gcc/arm-none-eabi/9.2.1/../../../arm-none-eabi/lib/thumb/v7e-m+fp/hard/libc_nano.a(lib_a-reent.o)
 .debug_abbrev  0x0000000000006b3b       0xa2 /usr/lib/gcc/arm-none-eabi/9.2.1/../../../arm-none-eabi/lib/thumb/v7e-m+fp/hard/libnosys.a(sbrk.o)
 .debug_abbrev  0x0000000000006bdd       0x14 /usr/lib/gcc/arm-none-eabi/9.2.1/thumb/v7e-m+fp/hard/libgcc.a(_aeabi_uldivmod.o)
 .debug_abbrev  0x0000000000006bf1      0x1c2 /usr/lib/gcc/arm-none-eabi/9.2.1/thumb/v7e-m+fp/hard/libgcc.a(_udivmoddi4.o)
 .debug_abbrev  0x0000000000006db3       0x14 /usr/lib/gcc/arm-none-eabi/9.2.1/thumb/v7e-m+fp/hard/libgcc.a(_dvmd_tls.o)

.debug_loc      0x0000000000000000    0x15beb
 .debug_loc     0x0000000000000000      0x132 build/main.o
 .debug_loc     0x0000000000000132       0x39 build/gpio.o
 .debug_loc     0x000000000000016b       0x60 build/stm32f4xx_it.o
 .debug_loc     0x00000000000001cb       0x38 build/stm32f4xx_hal_msp.o
 .debug_loc     0x0000000000000203     0x41dc build/stm32f4xx_hal_tim.o
 .debug_loc     0x00000000000043df     0x134d build/stm32f4xx_hal_tim_ex.o
 .debug_loc     0x000000000000572c      0x698 build/stm32f4xx_hal_rcc.o
 .debug_loc     0x0000000000005dc4      0x5bd build/stm32f4xx_hal_gpio.o
 .debug_loc     0x0000000000006381      0xd6d build/stm32f4xx_hal_dma.o
 .debug_loc     0x00000000000070ee      0x7d4 build/stm32f4xx_hal_cortex.o
 .debug_loc     0x00000000000078c2      0x1cc build/stm32f4xx_hal.o
 .debug_loc     0x0000000000007a8e      0x16c build/system_stm32f4xx.o
 .debug_loc     0x0000000000007bfa       0xd8 build/usart.o
 .debug_loc     0x0000000000007cd2     0x1d83 build/stm32f4xx_hal_uart.o
 .debug_loc     0x0000000000009a55      0x126 build/fsmc.o
 .debug_loc     0x0000000000009b7b      0x970 build/stm32f4xx_ll_fsmc.o
 .debug_loc     0x000000000000a4eb      0xb9d build/stm32f4xx_hal_sram.o
 .debug_loc     0x000000000000b088       0x38 build/dma.o
 .debug_loc     0x000000000000b0c0       0xbc build/stm32f4xx_hal_timebase_TIM.o
 .debug_loc     0x000000000000b17c       0x5c build/logger.o
 .debug_loc     0x000000000000b1d8      0x8a6 build/display.o
 .debug_loc     0x000000000000ba7e       0x40 build/emulator.o
 .debug_loc     0x000000000000babe     0x61eb build/z80emu.o
 .debug_loc     0x0000000000011ca9      0x3f0 build/mem.o
 .debug_loc     0x0000000000012099      0x419 build/screen.o
 .debug_loc     0x00000000000124b2      0x242 build/input.o
 .debug_loc     0x00000000000126f4      0x4f3 build/snapshot.o
 .debug_loc     0x0000000000012be7       0xa2 build/keyboard.o
 .debug_loc     0x0000000000012c89       0xba /usr/lib/gcc/arm-none-eabi/9.2.1/../../../arm-none-eabi/lib/thumb/v7e-m+fp/hard/libc_nano.a(lib_a-init.o)
 .debug_loc     0x0000000000012d43      0x245 /usr/lib/gcc/arm-none-eabi/9.2.1/../../../arm-none-eabi/lib/thumb/v7e-m+fp/hard/libc_nano.a(lib_a-vsnprintf.o)
 .debug_loc     0x0000000000012f88      0x845 /usr/lib/gcc/arm-none-eabi/9.2.1/../../../arm-none-eabi/lib/thumb/v7e-m+fp/hard/libc_nano.a(lib_a-nano-svfprintf.o)
 .debug_loc     0x00000000000137cd      0x7ab /usr/lib/gcc/arm-none-eabi/9.2.1/../../../arm-none-eabi/lib/thumb/v7e-m+fp/hard/libc_nano.a(lib_a-nano-vfprintf_i.o)
 .debug_loc     0x0000000000013f78      0x2f1 /usr/lib/gcc/arm-none-eabi/9.2.1/../../../arm-none-eabi/lib/thumb/v7e-m+fp/hard/libc_nano.a(lib_a-memmove.o)
 .debug_loc     0x0000000000014269      0x211 /usr/lib/gcc/arm-none-eabi/9.2.1/../../../arm-none-eabi/lib/thumb/v7e-m+fp/hard/libc_nano.a(lib_a-nano-freer.o)
 .debug_loc     0x000000000001447a      0x437 /usr/lib/gcc/arm-none-eabi/9.2.1/../../../arm-none-eabi/lib/thumb/v7e-m+fp/hard/libc_nano.a(lib_a-nano-mallocr.o)
 .debug_loc     0x00000000000148b1      0x133 /usr/lib/gcc/arm-none-eabi/9.2.1/../../../arm-none-eabi/lib/thumb/v7e-m+fp/hard/libc_nano.a(lib_a-nano-reallocr.o)
 .debug_loc     0x00000000000149e4       0x6c /usr/lib/gcc/arm-none-eabi/9.2.1/../../../arm-none-eabi/lib/thumb/v7e-m+fp/hard/libc_nano.a(lib_a-sbrkr.o)
 .debug_loc     0x0000000000014a50       0x86 /usr/lib/gcc/arm-none-eabi/9.2.1/../../../arm-none-eabi/lib/thumb/v7e-m+fp/hard/libc_nano.a(lib_a-nano-msizer.o)
 .debug_loc     0x0000000000014ad6      0x135 /usr/lib/gcc/arm-none-eabi/9.2.1/../../../arm-none-eabi/lib/thumb/v7e-m+fp/hard/libc_nano.a(lib_a-reent.o)
 .debug_loc     0x0000000000014c0b       0x3e /usr/lib/gcc/arm-none-eabi/9.2.1/../../../arm-none-eabi/lib/thumb/v7e-m+fp/hard/libnosys.a(sbrk.o)
 .debug_loc     0x0000000000014c49      0xfa2 /usr/lib/gcc/arm-none-eabi/9.2.1/thumb/v7e-m+fp/hard/libgcc.a(_udivmoddi4.o)

.debug_aranges  0x0000000000000000     0x10f8
 .debug_aranges
                0x0000000000000000       0x38 build/main.o
 .debug_aranges
                0x0000000000000038       0x20 build/gpio.o
 .debug_aranges
                0x0000000000000058       0x70 build/stm32f4xx_it.o
 .debug_aranges
                0x00000000000000c8       0x20 build/stm32f4xx_hal_msp.o
 .debug_aranges
                0x00000000000000e8      0x368 build/stm32f4xx_hal_tim.o
 .debug_aranges
                0x0000000000000450      0x140 build/stm32f4xx_hal_tim_ex.o
 .debug_aranges
                0x0000000000000590       0x88 build/stm32f4xx_hal_rcc.o
 .debug_aranges
                0x0000000000000618       0x58 build/stm32f4xx_hal_gpio.o
 .debug_aranges
                0x0000000000000670       0x90 build/stm32f4xx_hal_dma.o
 .debug_aranges
                0x0000000000000700       0xa8 build/stm32f4xx_hal_cortex.o
 .debug_aranges
                0x00000000000007a8       0xe0 build/stm32f4xx_hal.o
 .debug_aranges
                0x0000000000000888       0x28 build/system_stm32f4xx.o
 .debug_aranges
                0x00000000000008b0       0x30 build/usart.o
 .debug_aranges
                0x00000000000008e0      0x1d0 build/stm32f4xx_hal_uart.o
 .debug_aranges
                0x0000000000000ab0       0x40 build/fsmc.o
 .debug_aranges
                0x0000000000000af0       0xa8 build/stm32f4xx_ll_fsmc.o
 .debug_aranges
                0x0000000000000b98       0xa0 build/stm32f4xx_hal_sram.o
 .debug_aranges
                0x0000000000000c38       0x20 build/dma.o
 .debug_aranges
                0x0000000000000c58       0x30 build/stm32f4xx_hal_timebase_TIM.o
 .debug_aranges
                0x0000000000000c88       0x20 build/logger.o
 .debug_aranges
                0x0000000000000ca8       0x58 build/display.o
 .debug_aranges
                0x0000000000000d00       0x30 build/emulator.o
 .debug_aranges
                0x0000000000000d30       0x40 build/z80emu.o
 .debug_aranges
                0x0000000000000d70       0x48 build/mem.o
 .debug_aranges
                0x0000000000000db8       0x40 build/screen.o
 .debug_aranges
                0x0000000000000df8       0x30 build/input.o
 .debug_aranges
                0x0000000000000e28       0x30 build/snapshot.o
 .debug_aranges
                0x0000000000000e58       0x20 build/keyboard.o
 .debug_aranges
                0x0000000000000e78       0x28 build/startup_stm32f407xx.o
 .debug_aranges
                0x0000000000000ea0       0x18 /usr/lib/gcc/arm-none-eabi/9.2.1/../../../arm-none-eabi/lib/thumb/v7e-m+fp/hard/libc_nano.a(lib_a-impure.o)
 .debug_aranges
                0x0000000000000eb8       0x20 /usr/lib/gcc/arm-none-eabi/9.2.1/../../../arm-none-eabi/lib/thumb/v7e-m+fp/hard/libc_nano.a(lib_a-init.o)
 .debug_aranges
                0x0000000000000ed8       0x20 /usr/lib/gcc/arm-none-eabi/9.2.1/../../../arm-none-eabi/lib/thumb/v7e-m+fp/hard/libc_nano.a(lib_a-vsnprintf.o)
 .debug_aranges
                0x0000000000000ef8       0x20 /usr/lib/gcc/arm-none-eabi/9.2.1/../../../arm-none-eabi/lib/thumb/v7e-m+fp/hard/libc_nano.a(lib_a-nano-svfprintf.o)
 .debug_aranges
                0x0000000000000f18       0x20 /usr/lib/gcc/arm-none-eabi/9.2.1/../../../arm-none-eabi/lib/thumb/v7e-m+fp/hard/libc_nano.a(lib_a-nano-vfprintf_i.o)
 .debug_aranges
                0x0000000000000f38       0x20 /usr/lib/gcc/arm-none-eabi/9.2.1/../../../arm-none-eabi/lib/thumb/v7e-m+fp/hard/libc_nano.a(lib_a-memchr.o)
 .debug_aranges
                0x0000000000000f58       0x20 /usr/lib/gcc/arm-none-eabi/9.2.1/../../../arm-none-eabi/lib/thumb/v7e-m+fp/hard/libc_nano.a(lib_a-memcpy.o)
 .debug_aranges
                0x0000000000000f78       0x20 /usr/lib/gcc/arm-none-eabi/9.2.1/../../../arm-none-eabi/lib/thumb/v7e-m+fp/hard/libc_nano.a(lib_a-memmove.o)
 .debug_aranges
                0x0000000000000f98       0x20 /usr/lib/gcc/arm-none-eabi/9.2.1/../../../arm-none-eabi/lib/thumb/v7e-m+fp/hard/libc_nano.a(lib_a-nano-freer.o)
 .debug_aranges
                0x0000000000000fb8       0x20 /usr/lib/gcc/arm-none-eabi/9.2.1/../../../arm-none-eabi/lib/thumb/v7e-m+fp/hard/libc_nano.a(lib_a-nano-mallocr.o)
 .debug_aranges
                0x0000000000000fd8       0x20 /usr/lib/gcc/arm-none-eabi/9.2.1/../../../arm-none-eabi/lib/thumb/v7e-m+fp/hard/libc_nano.a(lib_a-nano-reallocr.o)
 .debug_aranges
                0x0000000000000ff8       0x20 /usr/lib/gcc/arm-none-eabi/9.2.1/../../../arm-none-eabi/lib/thumb/v7e-m+fp/hard/libc_nano.a(lib_a-sbrkr.o)
 .debug_aranges
                0x0000000000001018       0x20 /usr/lib/gcc/arm-none-eabi/9.2.1/../../../arm-none-eabi/lib/thumb/v7e-m+fp/hard/libc_nano.a(lib_a-mlock.o)
 .debug_aranges
                0x0000000000001038       0x20 /usr/lib/gcc/arm-none-eabi/9.2.1/../../../arm-none-eabi/lib/thumb/v7e-m+fp/hard/libc_nano.a(lib_a-nano-msizer.o)
 .debug_aranges
                0x0000000000001058       0x20 /usr/lib/gcc/arm-none-eabi/9.2.1/../../../arm-none-eabi/lib/thumb/v7e-m+fp/hard/libc_nano.a(lib_a-reent.o)
 .debug_aranges
                0x0000000000001078       0x20 /usr/lib/gcc/arm-none-eabi/9.2.1/../../../arm-none-eabi/lib/thumb/v7e-m+fp/hard/libnosys.a(sbrk.o)
 .debug_aranges
                0x0000000000001098       0x20 /usr/lib/gcc/arm-none-eabi/9.2.1/thumb/v7e-m+fp/hard/libgcc.a(_aeabi_uldivmod.o)
 .debug_aranges
                0x00000000000010b8       0x20 /usr/lib/gcc/arm-none-eabi/9.2.1/thumb/v7e-m+fp/hard/libgcc.a(_udivmoddi4.o)
 .debug_aranges
                0x00000000000010d8       0x20 /usr/lib/gcc/arm-none-eabi/9.2.1/thumb/v7e-m+fp/hard/libgcc.a(_dvmd_tls.o)

.debug_ranges   0x0000000000000000     0x1030
 .debug_ranges  0x0000000000000000       0x28 build/main.o
 .debug_ranges  0x0000000000000028       0x10 build/gpio.o
 .debug_ranges  0x0000000000000038       0x60 build/stm32f4xx_it.o
 .debug_ranges  0x0000000000000098       0x10 build/stm32f4xx_hal_msp.o
 .debug_ranges  0x00000000000000a8      0x358 build/stm32f4xx_hal_tim.o
 .debug_ranges  0x0000000000000400      0x130 build/stm32f4xx_hal_tim_ex.o
 .debug_ranges  0x0000000000000530       0x90 build/stm32f4xx_hal_rcc.o
 .debug_ranges  0x00000000000005c0       0x48 build/stm32f4xx_hal_gpio.o
 .debug_ranges  0x0000000000000608       0x80 build/stm32f4xx_hal_dma.o
 .debug_ranges  0x0000000000000688       0xf8 build/stm32f4xx_hal_cortex.o
 .debug_ranges  0x0000000000000780       0xd0 build/stm32f4xx_hal.o
 .debug_ranges  0x0000000000000850       0x18 build/system_stm32f4xx.o
 .debug_ranges  0x0000000000000868       0x20 build/usart.o
 .debug_ranges  0x0000000000000888      0x1c0 build/stm32f4xx_hal_uart.o
 .debug_ranges  0x0000000000000a48       0x30 build/fsmc.o
 .debug_ranges  0x0000000000000a78       0x98 build/stm32f4xx_ll_fsmc.o
 .debug_ranges  0x0000000000000b10       0x90 build/stm32f4xx_hal_sram.o
 .debug_ranges  0x0000000000000ba0       0x10 build/dma.o
 .debug_ranges  0x0000000000000bb0       0x20 build/stm32f4xx_hal_timebase_TIM.o
 .debug_ranges  0x0000000000000bd0       0x10 build/logger.o
 .debug_ranges  0x0000000000000be0       0x48 build/display.o
 .debug_ranges  0x0000000000000c28       0x20 build/emulator.o
 .debug_ranges  0x0000000000000c48       0x80 build/z80emu.o
 .debug_ranges  0x0000000000000cc8       0x38 build/mem.o
 .debug_ranges  0x0000000000000d00       0x90 build/screen.o
 .debug_ranges  0x0000000000000d90       0x20 build/input.o
 .debug_ranges  0x0000000000000db0       0x50 build/snapshot.o
 .debug_ranges  0x0000000000000e00       0x28 build/keyboard.o
 .debug_ranges  0x0000000000000e28       0x20 build/startup_stm32f407xx.o
 .debug_ranges  0x0000000000000e48       0x38 /usr/lib/gcc/arm-none-eabi/9.2.1/../../../arm-none-eabi/lib/thumb/v7e-m+fp/hard/libc_nano.a(lib_a-nano-svfprintf.o)
 .debug_ranges  0x0000000000000e80       0x98 /usr/lib/gcc/arm-none-eabi/9.2.1/../../../arm-none-eabi/lib/thumb/v7e-m+fp/hard/libc_nano.a(lib_a-nano-vfprintf_i.o)
 .debug_ranges  0x0000000000000f18       0x18 /usr/lib/gcc/arm-none-eabi/9.2.1/../../../arm-none-eabi/lib/thumb/v7e-m+fp/hard/libc_nano.a(lib_a-nano-freer.o)
 .debug_ranges  0x0000000000000f30       0x38 /usr/lib/gcc/arm-none-eabi/9.2.1/../../../arm-none-eabi/lib/thumb/v7e-m+fp/hard/libc_nano.a(lib_a-nano-mallocr.o)
 .debug_ranges  0x0000000000000f68       0xc8 /usr/lib/gcc/arm-none-eabi/9.2.1/thumb/v7e-m+fp/hard/libgcc.a(_udivmoddi4.o)

.debug_line     0x0000000000000000    0x12912
 .debug_line    0x0000000000000000      0x4b8 build/main.o
 .debug_line    0x00000000000004b8      0x249 build/gpio.o
 .debug_line    0x0000000000000701      0x2cc build/stm32f4xx_it.o
 .debug_line    0x00000000000009cd      0x18d build/stm32f4xx_hal_msp.o
 .debug_line    0x0000000000000b5a     0x30dc build/stm32f4xx_hal_tim.o
 .debug_line    0x0000000000003c36     0x1034 build/stm32f4xx_hal_tim_ex.o
 .debug_line    0x0000000000004c6a      0xa9d build/stm32f4xx_hal_rcc.o
 .debug_line    0x0000000000005707      0x6b2 build/stm32f4xx_hal_gpio.o
 .debug_line    0x0000000000005db9      0xdbd build/stm32f4xx_hal_dma.o
 .debug_line    0x0000000000006b76      0x6e4 build/stm32f4xx_hal_cortex.o
 .debug_line    0x000000000000725a      0x4f9 build/stm32f4xx_hal.o
 .debug_line    0x0000000000007753      0x240 build/system_stm32f4xx.o
 .debug_line    0x0000000000007993      0x305 build/usart.o
 .debug_line    0x0000000000007c98     0x1b0b build/stm32f4xx_hal_uart.o
 .debug_line    0x00000000000097a3      0x391 build/fsmc.o
 .debug_line    0x0000000000009b34      0x850 build/stm32f4xx_ll_fsmc.o
 .debug_line    0x000000000000a384      0x881 build/stm32f4xx_hal_sram.o
 .debug_line    0x000000000000ac05      0x173 build/dma.o
 .debug_line    0x000000000000ad78      0x275 build/stm32f4xx_hal_timebase_TIM.o
 .debug_line    0x000000000000afed      0x219 build/logger.o
 .debug_line    0x000000000000b206      0x859 build/display.o
 .debug_line    0x000000000000ba5f      0x26a build/emulator.o
 .debug_line    0x000000000000bcc9     0x2b61 build/z80emu.o
 .debug_line    0x000000000000e82a      0x2cc build/mem.o
 .debug_line    0x000000000000eaf6      0x3fa build/screen.o
 .debug_line    0x000000000000eef0      0x510 build/input.o
 .debug_line    0x000000000000f400      0x4d8 build/snapshot.o
 .debug_line    0x000000000000f8d8      0x1f5 build/keyboard.o
 .debug_line    0x000000000000facd       0x74 build/startup_stm32f407xx.o
 .debug_line    0x000000000000fb41       0xe3 /usr/lib/gcc/arm-none-eabi/9.2.1/../../../arm-none-eabi/lib/thumb/v7e-m+fp/hard/libc_nano.a(lib_a-impure.o)
 .debug_line    0x000000000000fc24      0x10d /usr/lib/gcc/arm-none-eabi/9.2.1/../../../arm-none-eabi/lib/thumb/v7e-m+fp/hard/libc_nano.a(lib_a-init.o)
 .debug_line    0x000000000000fd31      0x291 /usr/lib/gcc/arm-none-eabi/9.2.1/../../../arm-none-eabi/lib/thumb/v7e-m+fp/hard/libc_nano.a(lib_a-vsnprintf.o)
 .debug_line    0x000000000000ffc2      0x884 /usr/lib/gcc/arm-none-eabi/9.2.1/../../../arm-none-eabi/lib/thumb/v7e-m+fp/hard/libc_nano.a(lib_a-nano-svfprintf.o)
 .debug_line    0x0000000000010846      0x790 /usr/lib/gcc/arm-none-eabi/9.2.1/../../../arm-none-eabi/lib/thumb/v7e-m+fp/hard/libc_nano.a(lib_a-nano-vfprintf_i.o)
 .debug_line    0x0000000000010fd6       0xa4 /usr/lib/gcc/arm-none-eabi/9.2.1/../../../arm-none-eabi/lib/thumb/v7e-m+fp/hard/libc_nano.a(lib_a-memchr.o)
 .debug_line    0x000000000001107a       0xbe /usr/lib/gcc/arm-none-eabi/9.2.1/../../../arm-none-eabi/lib/thumb/v7e-m+fp/hard/libc_nano.a(lib_a-memcpy.o)
 .debug_line    0x0000000000011138      0x287 /usr/lib/gcc/arm-none-eabi/9.2.1/../../../arm-none-eabi/lib/thumb/v7e-m+fp/hard/libc_nano.a(lib_a-memmove.o)
 .debug_line    0x00000000000113bf      0x2af /usr/lib/gcc/arm-none-eabi/9.2.1/../../../arm-none-eabi/lib/thumb/v7e-m+fp/hard/libc_nano.a(lib_a-nano-freer.o)
 .debug_line    0x000000000001166e      0x2f2 /usr/lib/gcc/arm-none-eabi/9.2.1/../../../arm-none-eabi/lib/thumb/v7e-m+fp/hard/libc_nano.a(lib_a-nano-mallocr.o)
 .debug_line    0x0000000000011960      0x1c5 /usr/lib/gcc/arm-none-eabi/9.2.1/../../../arm-none-eabi/lib/thumb/v7e-m+fp/hard/libc_nano.a(lib_a-nano-reallocr.o)
 .debug_line    0x0000000000011b25      0x182 /usr/lib/gcc/arm-none-eabi/9.2.1/../../../arm-none-eabi/lib/thumb/v7e-m+fp/hard/libc_nano.a(lib_a-sbrkr.o)
 .debug_line    0x0000000000011ca7      0x13d /usr/lib/gcc/arm-none-eabi/9.2.1/../../../arm-none-eabi/lib/thumb/v7e-m+fp/hard/libc_nano.a(lib_a-mlock.o)
 .debug_line    0x0000000000011de4      0x166 /usr/lib/gcc/arm-none-eabi/9.2.1/../../../arm-none-eabi/lib/thumb/v7e-m+fp/hard/libc_nano.a(lib_a-nano-msizer.o)
 .debug_line    0x0000000000011f4a      0x275 /usr/lib/gcc/arm-none-eabi/9.2.1/../../../arm-none-eabi/lib/thumb/v7e-m+fp/hard/libc_nano.a(lib_a-reent.o)
 .debug_line    0x00000000000121bf       0x79 /usr/lib/gcc/arm-none-eabi/9.2.1/../../../arm-none-eabi/lib/thumb/v7e-m+fp/hard/libnosys.a(sbrk.o)
 .debug_line    0x0000000000012238       0x60 /usr/lib/gcc/arm-none-eabi/9.2.1/thumb/v7e-m+fp/hard/libgcc.a(_aeabi_uldivmod.o)
 .debug_line    0x0000000000012298      0x61a /usr/lib/gcc/arm-none-eabi/9.2.1/thumb/v7e-m+fp/hard/libgcc.a(_udivmoddi4.o)
 .debug_line    0x00000000000128b2       0x60 /usr/lib/gcc/arm-none-eabi/9.2.1/thumb/v7e-m+fp/hard/libgcc.a(_dvmd_tls.o)

.debug_str      0x0000000000000000     0x7369
 .debug_str     0x0000000000000000     0x16f9 build/main.o
                                       0x185d (size before relaxing)
 .debug_str     0x00000000000016f9       0x7d build/gpio.o
                                        0x784 (size before relaxing)
 .debug_str     0x0000000000001776      0x126 build/stm32f4xx_it.o
                                        0xaea (size before relaxing)
 .debug_str     0x000000000000189c       0x41 build/stm32f4xx_hal_msp.o
                                        0xbfe (size before relaxing)
 .debug_str     0x00000000000018dd      0xd3d build/stm32f4xx_hal_tim.o
                                       0x17b0 (size before relaxing)
 .debug_str     0x000000000000261a      0x50a build/stm32f4xx_hal_tim_ex.o
                                       0x1070 (size before relaxing)
 .debug_str     0x0000000000002b24      0x1d5 build/stm32f4xx_hal_rcc.o
                                        0xab3 (size before relaxing)
 .debug_str     0x0000000000002cf9      0x122 build/stm32f4xx_hal_gpio.o
                                        0x8eb (size before relaxing)
 .debug_str     0x0000000000002e1b      0x2d9 build/stm32f4xx_hal_dma.o
                                        0xb7c (size before relaxing)
 .debug_str     0x00000000000030f4      0x3ac build/stm32f4xx_hal_cortex.o
                                       0x1020 (size before relaxing)
 .debug_str     0x00000000000034a0      0x277 build/stm32f4xx_hal.o
                                        0xf49 (size before relaxing)
 .debug_str     0x0000000000003717       0x42 build/system_stm32f4xx.o
                                        0x75a (size before relaxing)
 .debug_str     0x0000000000003759       0x49 build/usart.o
                                        0xbf4 (size before relaxing)
 .debug_str     0x00000000000037a2      0x506 build/stm32f4xx_hal_uart.o
                                        0xfed (size before relaxing)
 .debug_str     0x0000000000003ca8      0x108 build/fsmc.o
                                        0xcb9 (size before relaxing)
 .debug_str     0x0000000000003db0      0x34e build/stm32f4xx_ll_fsmc.o
                                        0xb4c (size before relaxing)
 .debug_str     0x00000000000040fe      0x1ad build/stm32f4xx_hal_sram.o
                                        0xd27 (size before relaxing)
 .debug_str     0x00000000000042ab        0xa build/dma.o
                                        0xbe6 (size before relaxing)
 .debug_str     0x00000000000042b5       0x58 build/stm32f4xx_hal_timebase_TIM.o
                                       0x1160 (size before relaxing)
 .debug_str     0x000000000000430d       0x80 build/logger.o
                                        0xa59 (size before relaxing)
 .debug_str     0x000000000000438d      0x232 build/display.o
                                        0x867 (size before relaxing)
 .debug_str     0x00000000000045bf       0xd9 build/emulator.o
                                        0x72d (size before relaxing)
 .debug_str     0x0000000000004698      0x5ef build/z80emu.o
                                        0x89e (size before relaxing)
 .debug_str     0x0000000000004c87       0xba build/mem.o
                                        0x694 (size before relaxing)
 .debug_str     0x0000000000004d41       0xc9 build/screen.o
                                        0x718 (size before relaxing)
 .debug_str     0x0000000000004e0a      0x289 build/input.o
                                        0x956 (size before relaxing)
 .debug_str     0x0000000000005093      0x226 build/snapshot.o
                                        0x4c1 (size before relaxing)
 .debug_str     0x00000000000052b9       0x25 build/keyboard.o
                                        0x7e4 (size before relaxing)
 .debug_str     0x00000000000052de       0x22 build/startup_stm32f407xx.o
                                         0x4c (size before relaxing)
 .debug_str     0x0000000000005300      0x1aa /usr/lib/gcc/arm-none-eabi/9.2.1/../../../arm-none-eabi/lib/thumb/v7e-m+fp/hard/libc_nano.a(lib_a-impure.o)
                                        0x5e2 (size before relaxing)
 .debug_str     0x00000000000054aa       0xf0 /usr/lib/gcc/arm-none-eabi/9.2.1/../../../arm-none-eabi/lib/thumb/v7e-m+fp/hard/libc_nano.a(lib_a-init.o)
                                        0x229 (size before relaxing)
 .debug_str     0x000000000000559a      0x1f2 /usr/lib/gcc/arm-none-eabi/9.2.1/../../../arm-none-eabi/lib/thumb/v7e-m+fp/hard/libc_nano.a(lib_a-vsnprintf.o)
                                        0x786 (size before relaxing)
 .debug_str     0x000000000000578c      0x414 /usr/lib/gcc/arm-none-eabi/9.2.1/../../../arm-none-eabi/lib/thumb/v7e-m+fp/hard/libc_nano.a(lib_a-nano-svfprintf.o)
                                        0xc15 (size before relaxing)
 .debug_str     0x0000000000005ba0       0x8d /usr/lib/gcc/arm-none-eabi/9.2.1/../../../arm-none-eabi/lib/thumb/v7e-m+fp/hard/libc_nano.a(lib_a-nano-vfprintf_i.o)
                                        0xbac (size before relaxing)
 .debug_str     0x0000000000005c2d       0xa3 /usr/lib/gcc/arm-none-eabi/9.2.1/../../../arm-none-eabi/lib/thumb/v7e-m+fp/hard/libc_nano.a(lib_a-memchr.o)
                                         0xaf (size before relaxing)
 .debug_str     0x0000000000005cd0       0x43 /usr/lib/gcc/arm-none-eabi/9.2.1/../../../arm-none-eabi/lib/thumb/v7e-m+fp/hard/libc_nano.a(lib_a-memcpy.o)
                                         0xb6 (size before relaxing)
 .debug_str     0x0000000000005d13       0xc1 /usr/lib/gcc/arm-none-eabi/9.2.1/../../../arm-none-eabi/lib/thumb/v7e-m+fp/hard/libc_nano.a(lib_a-memmove.o)
                                        0x92e (size before relaxing)
 .debug_str     0x0000000000005dd4      0x182 /usr/lib/gcc/arm-none-eabi/9.2.1/../../../arm-none-eabi/lib/thumb/v7e-m+fp/hard/libc_nano.a(lib_a-nano-freer.o)
                                        0x712 (size before relaxing)
 .debug_str     0x0000000000005f56       0x32 /usr/lib/gcc/arm-none-eabi/9.2.1/../../../arm-none-eabi/lib/thumb/v7e-m+fp/hard/libc_nano.a(lib_a-nano-mallocr.o)
                                        0x729 (size before relaxing)
 .debug_str     0x0000000000005f88       0x23 /usr/lib/gcc/arm-none-eabi/9.2.1/../../../arm-none-eabi/lib/thumb/v7e-m+fp/hard/libc_nano.a(lib_a-nano-reallocr.o)
                                        0x70f (size before relaxing)
 .debug_str     0x0000000000005fab       0x47 /usr/lib/gcc/arm-none-eabi/9.2.1/../../../arm-none-eabi/lib/thumb/v7e-m+fp/hard/libc_nano.a(lib_a-sbrkr.o)
                                        0x625 (size before relaxing)
 .debug_str     0x0000000000005ff2       0x4c /usr/lib/gcc/arm-none-eabi/9.2.1/../../../arm-none-eabi/lib/thumb/v7e-m+fp/hard/libc_nano.a(lib_a-mlock.o)
                                        0x60e (size before relaxing)
 .debug_str     0x000000000000603e        0xf /usr/lib/gcc/arm-none-eabi/9.2.1/../../../arm-none-eabi/lib/thumb/v7e-m+fp/hard/libc_nano.a(lib_a-nano-msizer.o)
                                        0x6ed (size before relaxing)
 .debug_str     0x000000000000604d       0x5e /usr/lib/gcc/arm-none-eabi/9.2.1/../../../arm-none-eabi/lib/thumb/v7e-m+fp/hard/libc_nano.a(lib_a-reent.o)
                                        0x61e (size before relaxing)
 .debug_str     0x00000000000060ab      0x116 /usr/lib/gcc/arm-none-eabi/9.2.1/../../../arm-none-eabi/lib/thumb/v7e-m+fp/hard/libnosys.a(sbrk.o)
                                        0x12f (size before relaxing)
 .debug_str     0x00000000000061c1       0x97 /usr/lib/gcc/arm-none-eabi/9.2.1/thumb/v7e-m+fp/hard/libgcc.a(_aeabi_uldivmod.o)
                                         0xa3 (size before relaxing)
 .debug_str     0x0000000000006258     0x10e1 /usr/lib/gcc/arm-none-eabi/9.2.1/thumb/v7e-m+fp/hard/libgcc.a(_udivmoddi4.o)
                                       0x11e6 (size before relaxing)
 .debug_str     0x0000000000007339       0x30 /usr/lib/gcc/arm-none-eabi/9.2.1/thumb/v7e-m+fp/hard/libgcc.a(_dvmd_tls.o)
                                         0xa7 (size before relaxing)

.debug_frame    0x0000000000000000     0x2870
 .debug_frame   0x0000000000000000       0x78 build/main.o
 .debug_frame   0x0000000000000078       0x38 build/gpio.o
 .debug_frame   0x00000000000000b0       0xd8 build/stm32f4xx_it.o
 .debug_frame   0x0000000000000188       0x30 build/stm32f4xx_hal_msp.o
 .debug_frame   0x00000000000001b8      0x9cc build/stm32f4xx_hal_tim.o
 .debug_frame   0x0000000000000b84      0x384 build/stm32f4xx_hal_tim_ex.o
 .debug_frame   0x0000000000000f08      0x174 build/stm32f4xx_hal_rcc.o
 .debug_frame   0x000000000000107c       0xd8 build/stm32f4xx_hal_gpio.o
 .debug_frame   0x0000000000001154      0x188 build/stm32f4xx_hal_dma.o
 .debug_frame   0x00000000000012dc      0x15c build/stm32f4xx_hal_cortex.o
 .debug_frame   0x0000000000001438      0x1cc build/stm32f4xx_hal.o
 .debug_frame   0x0000000000001604       0x30 build/system_stm32f4xx.o
 .debug_frame   0x0000000000001634       0x64 build/usart.o
 .debug_frame   0x0000000000001698      0x4f4 build/stm32f4xx_hal_uart.o
 .debug_frame   0x0000000000001b8c       0x9c build/fsmc.o
 .debug_frame   0x0000000000001c28      0x1b0 build/stm32f4xx_ll_fsmc.o
 .debug_frame   0x0000000000001dd8      0x1b4 build/stm32f4xx_hal_sram.o
 .debug_frame   0x0000000000001f8c       0x2c build/dma.o
 .debug_frame   0x0000000000001fb8       0x50 build/stm32f4xx_hal_timebase_TIM.o
 .debug_frame   0x0000000000002008       0x48 build/logger.o
 .debug_frame   0x0000000000002050       0xd8 build/display.o
 .debug_frame   0x0000000000002128       0x54 build/emulator.o
 .debug_frame   0x000000000000217c       0xc4 build/z80emu.o
 .debug_frame   0x0000000000002240       0xa8 build/mem.o
 .debug_frame   0x00000000000022e8       0xac build/screen.o
 .debug_frame   0x0000000000002394       0x48 build/input.o
 .debug_frame   0x00000000000023dc       0x78 build/snapshot.o
 .debug_frame   0x0000000000002454       0x2c build/keyboard.o
 .debug_frame   0x0000000000002480       0x2c /usr/lib/gcc/arm-none-eabi/9.2.1/../../../arm-none-eabi/lib/thumb/v7e-m+fp/hard/libc_nano.a(lib_a-init.o)
 .debug_frame   0x00000000000024ac       0x5c /usr/lib/gcc/arm-none-eabi/9.2.1/../../../arm-none-eabi/lib/thumb/v7e-m+fp/hard/libc_nano.a(lib_a-vsnprintf.o)
 .debug_frame   0x0000000000002508       0x98 /usr/lib/gcc/arm-none-eabi/9.2.1/../../../arm-none-eabi/lib/thumb/v7e-m+fp/hard/libc_nano.a(lib_a-nano-svfprintf.o)
 .debug_frame   0x00000000000025a0       0x68 /usr/lib/gcc/arm-none-eabi/9.2.1/../../../arm-none-eabi/lib/thumb/v7e-m+fp/hard/libc_nano.a(lib_a-nano-vfprintf_i.o)
 .debug_frame   0x0000000000002608       0x40 /usr/lib/gcc/arm-none-eabi/9.2.1/../../../arm-none-eabi/lib/thumb/v7e-m+fp/hard/libc_nano.a(lib_a-memmove.o)
 .debug_frame   0x0000000000002648       0x58 /usr/lib/gcc/arm-none-eabi/9.2.1/../../../arm-none-eabi/lib/thumb/v7e-m+fp/hard/libc_nano.a(lib_a-nano-freer.o)
 .debug_frame   0x00000000000026a0       0x30 /usr/lib/gcc/arm-none-eabi/9.2.1/../../../arm-none-eabi/lib/thumb/v7e-m+fp/hard/libc_nano.a(lib_a-nano-mallocr.o)
 .debug_frame   0x00000000000026d0       0x38 /usr/lib/gcc/arm-none-eabi/9.2.1/../../../arm-none-eabi/lib/thumb/v7e-m+fp/hard/libc_nano.a(lib_a-nano-reallocr.o)
 .debug_frame   0x0000000000002708       0x2c /usr/lib/gcc/arm-none-eabi/9.2.1/../../../arm-none-eabi/lib/thumb/v7e-m+fp/hard/libc_nano.a(lib_a-sbrkr.o)
 .debug_frame   0x0000000000002734       0x30 /usr/lib/gcc/arm-none-eabi/9.2.1/../../../arm-none-eabi/lib/thumb/v7e-m+fp/hard/libc_nano.a(lib_a-mlock.o)
 .debug_frame   0x0000000000002764       0x20 /usr/lib/gcc/arm-none-eabi/9.2.1/../../../arm-none-eabi/lib/thumb/v7e-m+fp/hard/libc_nano.a(lib_a-nano-msizer.o)
 .debug_frame   0x0000000000002784       0x6c /usr/lib/gcc/arm-none-eabi/9.2.1/../../../arm-none-eabi/lib/thumb/v7e-m+fp/hard/libc_nano.a(lib_a-reent.o)
 .debug_frame   0x00000000000027f0       0x20 /usr/lib/gcc/arm-none-eabi/9.2.1/../../../arm-none-eabi/lib/thumb/v7e-m+fp/hard/libnosys.a(sbrk.o)
 .debug_frame   0x0000000000002810       0x2c /usr/lib/gcc/arm-none-eabi/9.2.1/thumb/v7e-m+fp/hard/libgcc.a(_aeabi_uldivmod.o)
 .debug_frame   0x000000000000283c       0x34 /usr/lib/gcc/arm-none-eabi/9.2.1/thumb/v7e-m+fp/hard/libgcc.a(_udivmoddi4.o)

Cross Reference Table

Symbol                                            File
ADC_IRQHandler                                    build/startup_stm32f407xx.o
AHBPrescTable                                     build/system_stm32f4xx.o
                                                  build/stm32f4xx_hal_rcc.o
APBPrescTable                                     build/system_stm32f4xx.o
                                                  build/stm32f4xx_hal_rcc.o
Batty_a2__z80                                     build/main.o
Batty_a2__z80_len                                 build/main.o
Boulder_Dash__1984__Front_Runner__a2__z80         build/main.o
Boulder_Dash__1984__Front_Runner__a2__z80_len     build/main.o
BusFault_Handler                                  build/stm32f4xx_it.o
CAN1_RX0_IRQHandler                               build/startup_stm32f407xx.o
CAN1_RX1_IRQHandler                               build/startup_stm32f407xx.o
CAN1_SCE_IRQHandler                               build/startup_stm32f407xx.o
CAN1_TX_IRQHandler                                build/startup_stm32f407xx.o
CAN2_RX0_IRQHandler                               build/startup_stm32f407xx.o
CAN2_RX1_IRQHandler                               build/startup_stm32f407xx.o
CAN2_SCE_IRQHandler                               build/startup_stm32f407xx.o
CAN2_TX_IRQHandler                                build/startup_stm32f407xx.o
DCMI_IRQHandler                                   build/startup_stm32f407xx.o
DMA1_Stream0_IRQHandler                           build/startup_stm32f407xx.o
DMA1_Stream1_IRQHandler                           build/startup_stm32f407xx.o
DMA1_Stream2_IRQHandler                           build/startup_stm32f407xx.o
DMA1_Stream3_IRQHandler                           build/startup_stm32f407xx.o
DMA1_Stream4_IRQHandler                           build/startup_stm32f407xx.o
DMA1_Stream5_IRQHandler                           build/startup_stm32f407xx.o
DMA1_Stream6_IRQHandler                           build/startup_stm32f407xx.o
DMA1_Stream7_IRQHandler                           build/startup_stm32f407xx.o
DMA2_Stream0_IRQHandler                           build/startup_stm32f407xx.o
DMA2_Stream1_IRQHandler                           build/startup_stm32f407xx.o
DMA2_Stream2_IRQHandler                           build/stm32f4xx_it.o
DMA2_Stream3_IRQHandler                           build/startup_stm32f407xx.o
DMA2_Stream4_IRQHandler                           build/startup_stm32f407xx.o